replaced = [{"id":"d06b55fe-28e1-491d-b5a1-0a8ac290a58f","status":"finished","accexp":20},{"id":"d06b55fe-28e1-491d-b5a1-0a8ac290a58f","status":"finished","accexp":15},{"id":"d06b55fe-28e1-491d-b5a1-0a8ac290a58f","status":"finished","accexp":5},{"id":"d06b55fe-28e1-491d-b5a1-0a8ac290a58f","status":"finished","accexp":10},{"id":"d06b55fe-28e1-491d-b5a1-0a8ac290a58f","status":"finished","accexp":20}]
actionId = "1685547"
replaced = [{"id":"dad424df-342a-4d15-b4ce-cf2b27e5e555","status":"finished","accexp":10},{"id":"dad424df-342a-4d15-b4ce-cf2b27e5e555","status":"finished","accexp":15},{"id":"dad424df-342a-4d15-b4ce-cf2b27e5e555","status":"finished","accexp":5},{"id":"dad424df-342a-4d15-b4ce-cf2b27e5e555","status":"finished","accexp":10},{"id":"dad424df-342a-4d15-b4ce-cf2b27e5e555","status":"finished","accexp":10},{"id":"dad424df-342a-4d15-b4ce-cf2b27e5e555","status":"finished","accexp":20},{"id":"dad424df-342a-4d15-b4ce-cf2b27e5e555","status":"finished","accexp":20}]
actionId = "625609"
replaced = [{"id":"ac0ab553-e273-4908-97c9-359f015f3a65","status":"finished","accexp":15},{"id":"ac0ab553-e273-4908-97c9-359f015f3a65","status":"finished","accexp":15},{"id":"ac0ab553-e273-4908-97c9-359f015f3a65","status":"finished","accexp":0},{"id":"ac0ab553-e273-4908-97c9-359f015f3a65","status":"finished","accexp":10},{"id":"ac0ab553-e273-4908-97c9-359f015f3a65","status":"finished","accexp":15},"ongoing"]
actionId = "2043984"
replaced = [{"id":"b045f8bd-c4b8-454e-8969-e2adfb4f9ed4","status":"finished","accexp":15},{"id":"b045f8bd-c4b8-454e-8969-e2adfb4f9ed4","status":"finished","accexp":15},{"id":"b045f8bd-c4b8-454e-8969-e2adfb4f9ed4","status":"finished","accexp":15},{"id":"b045f8bd-c4b8-454e-8969-e2adfb4f9ed4","status":"finished","accexp":10},{"id":"b045f8bd-c4b8-454e-8969-e2adfb4f9ed4","status":"finished","accexp":15},{"id":"b045f8bd-c4b8-454e-8969-e2adfb4f9ed4","status":"finished","accexp":20}]
actionId = "58255"
replaced = [{"id":"41717efe-0cbc-4899-a818-f2ddacb02d27","status":"finished","accexp":10},{"id":"41717efe-0cbc-4899-a818-f2ddacb02d27","status":"finished","accexp":5},{"id":"41717efe-0cbc-4899-a818-f2ddacb02d27","status":"finished","accexp":10},{"id":"41717efe-0cbc-4899-a818-f2ddacb02d27","status":"finished","accexp":0},{"id":"41717efe-0cbc-4899-a818-f2ddacb02d27","status":"finished","accexp":20},"ongoing"]
actionId = "276952"
replaced = [{"id":"c746a7fc-8739-44db-8f55-61c7a0109971","status":"finished","accexp":20},{"id":"c746a7fc-8739-44db-8f55-61c7a0109971","status":"finished","accexp":10},{"id":"c746a7fc-8739-44db-8f55-61c7a0109971","status":"finished","accexp":10},{"id":"c746a7fc-8739-44db-8f55-61c7a0109971","status":"finished","accexp":10},{"id":"c746a7fc-8739-44db-8f55-61c7a0109971","status":"finished","accexp":20}]
actionId = "1285000"
replaced = [{"id":"30be81b9-de1d-4dc9-99af-1083bcdeafd6","status":"finished","accexp":15},{"id":"30be81b9-de1d-4dc9-99af-1083bcdeafd6","status":"finished","accexp":10},{"id":"30be81b9-de1d-4dc9-99af-1083bcdeafd6","status":"finished","accexp":0},{"id":"30be81b9-de1d-4dc9-99af-1083bcdeafd6","status":"finished","accexp":10},{"id":"30be81b9-de1d-4dc9-99af-1083bcdeafd6","status":"finished","accexp":20},"ongoing"]
actionId = "678061"
replaced = [{"id":"2c179cc4-7d8c-4e4d-ba87-6761051d5c67","status":"finished","accexp":15},{"id":"2c179cc4-7d8c-4e4d-ba87-6761051d5c67","status":"finished","accexp":10},{"id":"2c179cc4-7d8c-4e4d-ba87-6761051d5c67","status":"finished","accexp":10},{"id":"2c179cc4-7d8c-4e4d-ba87-6761051d5c67","status":"finished","accexp":15},{"id":"2c179cc4-7d8c-4e4d-ba87-6761051d5c67","status":"finished","accexp":5},{"id":"2c179cc4-7d8c-4e4d-ba87-6761051d5c67","status":"finished","accexp":10},{"id":"2c179cc4-7d8c-4e4d-ba87-6761051d5c67","status":"finished","accexp":20}]
actionId = "616320"
replaced = [{"id":"b19fa23b-1520-45f9-af6e-8b0290d4bebb","status":"finished","accexp":15},{"id":"b19fa23b-1520-45f9-af6e-8b0290d4bebb","status":"finished","accexp":5},{"id":"b19fa23b-1520-45f9-af6e-8b0290d4bebb","status":"finished","accexp":5},{"id":"b19fa23b-1520-45f9-af6e-8b0290d4bebb","status":"finished","accexp":5},{"id":"b19fa23b-1520-45f9-af6e-8b0290d4bebb","status":"finished","accexp":15},"ongoing"]
actionId = "1086050"
replaced = [{"id":"54a729b1-5787-4315-9b40-728ae72607bd","status":"finished","accexp":15},{"id":"54a729b1-5787-4315-9b40-728ae72607bd","status":"finished","accexp":10},{"id":"54a729b1-5787-4315-9b40-728ae72607bd","status":"finished","accexp":10},{"id":"54a729b1-5787-4315-9b40-728ae72607bd","status":"finished","accexp":20},{"id":"54a729b1-5787-4315-9b40-728ae72607bd","status":"finished","accexp":15},{"id":"54a729b1-5787-4315-9b40-728ae72607bd","status":"finished","accexp":20}]
actionId = "133473"
replaced = [{"id":"b8e29987-489b-407b-87b3-2061d529879f","status":"finished","accexp":20},{"id":"b8e29987-489b-407b-87b3-2061d529879f","status":"finished","accexp":15},{"id":"b8e29987-489b-407b-87b3-2061d529879f","status":"finished","accexp":5},{"id":"b8e29987-489b-407b-87b3-2061d529879f","status":"finished","accexp":5},{"id":"b8e29987-489b-407b-87b3-2061d529879f","status":"finished","accexp":25},"ongoing"]
actionId = "1934856"
replaced = [{"id":"f0a49f77-b27e-4f9d-a15b-b0ba2927e772","status":"finished","accexp":20},{"id":"f0a49f77-b27e-4f9d-a15b-b0ba2927e772","status":"finished","accexp":15},{"id":"f0a49f77-b27e-4f9d-a15b-b0ba2927e772","status":"finished","accexp":5},{"id":"f0a49f77-b27e-4f9d-a15b-b0ba2927e772","status":"finished","accexp":10},{"id":"f0a49f77-b27e-4f9d-a15b-b0ba2927e772","status":"finished","accexp":10},"ongoing"]
actionId = "1118047"
replaced = [{"id":"47542ead-e4c3-4e5d-b982-8a5b064a970e","status":"finished","accexp":15},{"id":"47542ead-e4c3-4e5d-b982-8a5b064a970e","status":"finished","accexp":20},{"id":"47542ead-e4c3-4e5d-b982-8a5b064a970e","status":"finished","accexp":5},{"id":"47542ead-e4c3-4e5d-b982-8a5b064a970e","status":"finished","accexp":5},{"id":"47542ead-e4c3-4e5d-b982-8a5b064a970e","status":"finished","accexp":20}]
actionId = "1980123"
replaced = [{"id":"eef9d82c-a6b6-4c53-b0b4-4279eb3f58c8","status":"finished","accexp":20},{"id":"eef9d82c-a6b6-4c53-b0b4-4279eb3f58c8","status":"finished","accexp":15},{"id":"eef9d82c-a6b6-4c53-b0b4-4279eb3f58c8","status":"finished","accexp":10},{"id":"eef9d82c-a6b6-4c53-b0b4-4279eb3f58c8","status":"finished","accexp":10},{"id":"eef9d82c-a6b6-4c53-b0b4-4279eb3f58c8","status":"finished","accexp":15}]
actionId = "1425735"
replaced = [{"id":"b65f6232-31cc-48de-b730-f1b0eda0151b","status":"finished","accexp":20},{"id":"b65f6232-31cc-48de-b730-f1b0eda0151b","status":"finished","accexp":10},{"id":"b65f6232-31cc-48de-b730-f1b0eda0151b","status":"finished","accexp":20},{"id":"b65f6232-31cc-48de-b730-f1b0eda0151b","status":"finished","accexp":10},{"id":"b65f6232-31cc-48de-b730-f1b0eda0151b","status":"finished","accexp":20},{"id":"b65f6232-31cc-48de-b730-f1b0eda0151b","status":"finished","accexp":10}]
actionId = "560408"
replaced = [{"id":"4993cc08-e9af-4285-b35c-9a2802a3e4db","status":"finished","accexp":20},{"id":"4993cc08-e9af-4285-b35c-9a2802a3e4db","status":"finished","accexp":15},{"id":"4993cc08-e9af-4285-b35c-9a2802a3e4db","status":"finished","accexp":10},{"id":"4993cc08-e9af-4285-b35c-9a2802a3e4db","status":"finished","accexp":5},{"id":"4993cc08-e9af-4285-b35c-9a2802a3e4db","status":"finished","accexp":15},{"id":"4993cc08-e9af-4285-b35c-9a2802a3e4db","status":"finished","accexp":20}]
actionId = "1434087"
replaced = [{"id":"f3b8d371-4103-4a66-811c-cc990429349e","status":"finished","accexp":10},{"id":"f3b8d371-4103-4a66-811c-cc990429349e","status":"finished","accexp":15},{"id":"f3b8d371-4103-4a66-811c-cc990429349e","status":"finished","accexp":10},{"id":"f3b8d371-4103-4a66-811c-cc990429349e","status":"finished","accexp":5},{"id":"f3b8d371-4103-4a66-811c-cc990429349e","status":"finished","accexp":10}]
actionId = "1494563"
replaced = [{"id":"1776eca6-a2a0-4708-951a-056437c02c10","status":"finished","accexp":10},{"id":"1776eca6-a2a0-4708-951a-056437c02c10","status":"finished","accexp":10},{"id":"1776eca6-a2a0-4708-951a-056437c02c10","status":"finished","accexp":20},{"id":"1776eca6-a2a0-4708-951a-056437c02c10","status":"finished","accexp":10},{"id":"1776eca6-a2a0-4708-951a-056437c02c10","status":"finished","accexp":15},"ongoing"]
actionId = "392628"
replaced = [{"id":"a4709a5e-2396-4a48-ab5f-9d3cef4c7e90","status":"finished","accexp":15},{"id":"a4709a5e-2396-4a48-ab5f-9d3cef4c7e90","status":"finished","accexp":20},{"id":"a4709a5e-2396-4a48-ab5f-9d3cef4c7e90","status":"finished","accexp":5},{"id":"a4709a5e-2396-4a48-ab5f-9d3cef4c7e90","status":"finished","accexp":10},{"id":"a4709a5e-2396-4a48-ab5f-9d3cef4c7e90","status":"finished","accexp":15},{"id":"a4709a5e-2396-4a48-ab5f-9d3cef4c7e90","status":"ongoing","accexp":0}]
actionId = "1641215"
replaced = [{"id":"9f95e8e8-cf49-4554-a314-c0be838ff5fa","status":"finished","accexp":5},{"id":"9f95e8e8-cf49-4554-a314-c0be838ff5fa","status":"finished","accexp":10},{"id":"9f95e8e8-cf49-4554-a314-c0be838ff5fa","status":"finished","accexp":10},{"id":"9f95e8e8-cf49-4554-a314-c0be838ff5fa","status":"finished","accexp":5},{"id":"9f95e8e8-cf49-4554-a314-c0be838ff5fa","status":"finished","accexp":5},{"id":"9f95e8e8-cf49-4554-a314-c0be838ff5fa","status":"finished","accexp":15},{"id":"9f95e8e8-cf49-4554-a314-c0be838ff5fa","status":"finished","accexp":20}]
actionId = "1182246"
replaced = [{"id":"de15f9cb-a9b6-4c83-a19f-5a359e68e9f9","status":"finished","accexp":15},{"id":"de15f9cb-a9b6-4c83-a19f-5a359e68e9f9","status":"finished","accexp":10},{"id":"de15f9cb-a9b6-4c83-a19f-5a359e68e9f9","status":"finished","accexp":25},{"id":"de15f9cb-a9b6-4c83-a19f-5a359e68e9f9","status":"finished","accexp":5},{"id":"de15f9cb-a9b6-4c83-a19f-5a359e68e9f9","status":"finished","accexp":25}]
actionId = "1092542"
replaced = [{"id":"3ce6c31b-0e25-48d3-bb0b-bf92bdebef9a","status":"finished","accexp":10},{"id":"3ce6c31b-0e25-48d3-bb0b-bf92bdebef9a","status":"finished","accexp":10},{"id":"3ce6c31b-0e25-48d3-bb0b-bf92bdebef9a","status":"finished","accexp":5},{"id":"3ce6c31b-0e25-48d3-bb0b-bf92bdebef9a","status":"finished","accexp":10},{"id":"3ce6c31b-0e25-48d3-bb0b-bf92bdebef9a","status":"finished","accexp":10},{"id":"3ce6c31b-0e25-48d3-bb0b-bf92bdebef9a","status":"finished","accexp":10},"ongoing"]
actionId = "1573281"
replaced = [{"id":"817a6723-0ae0-4e3b-a275-f06b06706a7e","status":"finished","accexp":15},{"id":"817a6723-0ae0-4e3b-a275-f06b06706a7e","status":"finished","accexp":15},{"id":"817a6723-0ae0-4e3b-a275-f06b06706a7e","status":"finished","accexp":10},{"id":"817a6723-0ae0-4e3b-a275-f06b06706a7e","status":"finished","accexp":10},{"id":"817a6723-0ae0-4e3b-a275-f06b06706a7e","status":"finished","accexp":20},{"id":"817a6723-0ae0-4e3b-a275-f06b06706a7e","status":"ongoing","accexp":0}]
actionId = "387066"
replaced = [{"id":"d7369740-c3cf-4c18-a7a8-e43dc92e831b","status":"finished","accexp":10},{"id":"d7369740-c3cf-4c18-a7a8-e43dc92e831b","status":"finished","accexp":5},{"id":"d7369740-c3cf-4c18-a7a8-e43dc92e831b","status":"finished","accexp":0},{"id":"d7369740-c3cf-4c18-a7a8-e43dc92e831b","status":"finished","accexp":5},{"id":"d7369740-c3cf-4c18-a7a8-e43dc92e831b","status":"finished","accexp":10},{"id":"d7369740-c3cf-4c18-a7a8-e43dc92e831b","status":"finished","accexp":20}]
actionId = "249927"
replaced = [{"id":"a41934c4-6964-426f-84dd-5a5e84ca13bc","status":"finished","accexp":20},{"id":"a41934c4-6964-426f-84dd-5a5e84ca13bc","status":"finished","accexp":15},{"id":"a41934c4-6964-426f-84dd-5a5e84ca13bc","status":"finished","accexp":15},{"id":"a41934c4-6964-426f-84dd-5a5e84ca13bc","status":"finished","accexp":10},{"id":"a41934c4-6964-426f-84dd-5a5e84ca13bc","status":"finished","accexp":20},"ongoing"]
actionId = "1708914"
replaced = [{"id":"a6ecfe3e-1dd4-4f50-965f-3b7d0baaefe4","status":"finished","accexp":15},{"id":"a6ecfe3e-1dd4-4f50-965f-3b7d0baaefe4","status":"finished","accexp":15},{"id":"a6ecfe3e-1dd4-4f50-965f-3b7d0baaefe4","status":"finished","accexp":5},{"id":"a6ecfe3e-1dd4-4f50-965f-3b7d0baaefe4","status":"finished","accexp":10},{"id":"a6ecfe3e-1dd4-4f50-965f-3b7d0baaefe4","status":"finished","accexp":20},{"id":"a6ecfe3e-1dd4-4f50-965f-3b7d0baaefe4","status":"finished","accexp":10}]
actionId = "205262"
replaced = [{"id":"912d8bec-edf3-4b72-9db7-39aa747c526b","status":"finished","accexp":20},{"id":"912d8bec-edf3-4b72-9db7-39aa747c526b","status":"finished","accexp":15},{"id":"912d8bec-edf3-4b72-9db7-39aa747c526b","status":"finished","accexp":20},{"id":"912d8bec-edf3-4b72-9db7-39aa747c526b","status":"finished","accexp":10},{"id":"912d8bec-edf3-4b72-9db7-39aa747c526b","status":"finished","accexp":5},{"id":"912d8bec-edf3-4b72-9db7-39aa747c526b","status":"finished","accexp":20},"ongoing"]
actionId = "1028924"
replaced = [{"id":"e74234a8-e5e7-4865-bf05-da88317a9d2a","status":"finished","accexp":15},{"id":"e74234a8-e5e7-4865-bf05-da88317a9d2a","status":"finished","accexp":20},{"id":"e74234a8-e5e7-4865-bf05-da88317a9d2a","status":"finished","accexp":20},{"id":"e74234a8-e5e7-4865-bf05-da88317a9d2a","status":"finished","accexp":0},{"id":"e74234a8-e5e7-4865-bf05-da88317a9d2a","status":"finished","accexp":20},{"id":"e74234a8-e5e7-4865-bf05-da88317a9d2a","status":"finished","accexp":20}]
actionId = "2068910"
replaced = [{"id":"d3108e35-857a-4d84-8151-4f7ae4b52ba4","status":"finished","accexp":0},{"id":"d3108e35-857a-4d84-8151-4f7ae4b52ba4","status":"finished","accexp":20},{"id":"d3108e35-857a-4d84-8151-4f7ae4b52ba4","status":"finished","accexp":15},{"id":"d3108e35-857a-4d84-8151-4f7ae4b52ba4","status":"finished","accexp":5},{"id":"d3108e35-857a-4d84-8151-4f7ae4b52ba4","status":"finished","accexp":20},{"id":"d3108e35-857a-4d84-8151-4f7ae4b52ba4","status":"finished","accexp":10}]
actionId = "1790272"
replaced = [{"id":"f92cd07e-c158-4f46-9605-7d0d2bdb72f4","status":"finished","accexp":20},{"id":"f92cd07e-c158-4f46-9605-7d0d2bdb72f4","status":"finished","accexp":15},{"id":"f92cd07e-c158-4f46-9605-7d0d2bdb72f4","status":"finished","accexp":25},{"id":"f92cd07e-c158-4f46-9605-7d0d2bdb72f4","status":"finished","accexp":10},{"id":"f92cd07e-c158-4f46-9605-7d0d2bdb72f4","status":"finished","accexp":10},{"id":"f92cd07e-c158-4f46-9605-7d0d2bdb72f4","status":"finished","accexp":15},{"id":"f92cd07e-c158-4f46-9605-7d0d2bdb72f4","status":"finished","accexp":20}]
actionId = "374202"
replaced = [{"id":"05916ff8-97a9-4b98-badc-8c1c61cccb24","status":"finished","accexp":20},{"id":"05916ff8-97a9-4b98-badc-8c1c61cccb24","status":"finished","accexp":15},{"id":"05916ff8-97a9-4b98-badc-8c1c61cccb24","status":"finished","accexp":5},{"id":"05916ff8-97a9-4b98-badc-8c1c61cccb24","status":"finished","accexp":10},{"id":"05916ff8-97a9-4b98-badc-8c1c61cccb24","status":"finished","accexp":15},{"id":"05916ff8-97a9-4b98-badc-8c1c61cccb24","status":"finished","accexp":10}]
actionId = "1233016"
replaced = [{"id":"6f8e7743-65a1-465d-8c24-a6410c54fcfa","status":"finished","accexp":20},{"id":"6f8e7743-65a1-465d-8c24-a6410c54fcfa","status":"finished","accexp":5},{"id":"6f8e7743-65a1-465d-8c24-a6410c54fcfa","status":"finished","accexp":15},{"id":"6f8e7743-65a1-465d-8c24-a6410c54fcfa","status":"finished","accexp":5},{"id":"6f8e7743-65a1-465d-8c24-a6410c54fcfa","status":"finished","accexp":20},{"id":"6f8e7743-65a1-465d-8c24-a6410c54fcfa","status":"finished","accexp":5},{"id":"6f8e7743-65a1-465d-8c24-a6410c54fcfa","status":"finished","accexp":15}]
actionId = "724800"
replaced = [{"id":"06088662-1544-4b4c-bb20-96f1d9f59052","status":"finished","accexp":15},{"id":"06088662-1544-4b4c-bb20-96f1d9f59052","status":"finished","accexp":10},{"id":"06088662-1544-4b4c-bb20-96f1d9f59052","status":"finished","accexp":20},{"id":"06088662-1544-4b4c-bb20-96f1d9f59052","status":"finished","accexp":10},{"id":"06088662-1544-4b4c-bb20-96f1d9f59052","status":"finished","accexp":10},{"id":"06088662-1544-4b4c-bb20-96f1d9f59052","status":"finished","accexp":20}]
actionId = "149117"
replaced = [{"id":"a4996fe3-90dd-4e90-9c50-4d8dd58f2b09","status":"finished","accexp":15},{"id":"a4996fe3-90dd-4e90-9c50-4d8dd58f2b09","status":"finished","accexp":15},{"id":"a4996fe3-90dd-4e90-9c50-4d8dd58f2b09","status":"finished","accexp":0},{"id":"a4996fe3-90dd-4e90-9c50-4d8dd58f2b09","status":"finished","accexp":10},{"id":"a4996fe3-90dd-4e90-9c50-4d8dd58f2b09","status":"finished","accexp":20},"ongoing"]
actionId = "2082047"
replaced = [{"id":"8cab4c73-b8c5-49aa-b515-5f2d96e7a93c","status":"finished","accexp":15},{"id":"8cab4c73-b8c5-49aa-b515-5f2d96e7a93c","status":"finished","accexp":15},{"id":"8cab4c73-b8c5-49aa-b515-5f2d96e7a93c","status":"finished","accexp":15},{"id":"8cab4c73-b8c5-49aa-b515-5f2d96e7a93c","status":"finished","accexp":10},{"id":"8cab4c73-b8c5-49aa-b515-5f2d96e7a93c","status":"finished","accexp":20},{"id":"8cab4c73-b8c5-49aa-b515-5f2d96e7a93c","status":"finished","accexp":10}]
actionId = "420799"
replaced = [{"id":"618857db-2a5a-47f4-a4af-d8967f26f209","status":"finished","accexp":20},{"id":"618857db-2a5a-47f4-a4af-d8967f26f209","status":"finished","accexp":15},{"id":"618857db-2a5a-47f4-a4af-d8967f26f209","status":"finished","accexp":10},{"id":"618857db-2a5a-47f4-a4af-d8967f26f209","status":"finished","accexp":5},{"id":"618857db-2a5a-47f4-a4af-d8967f26f209","status":"finished","accexp":25}]
actionId = "1312638"
replaced = [{"id":"44c5587e-5259-4914-92b6-0794a44afd12","status":"finished","accexp":20},{"id":"44c5587e-5259-4914-92b6-0794a44afd12","status":"finished","accexp":15},{"id":"44c5587e-5259-4914-92b6-0794a44afd12","status":"finished","accexp":5},{"id":"44c5587e-5259-4914-92b6-0794a44afd12","status":"finished","accexp":5},{"id":"44c5587e-5259-4914-92b6-0794a44afd12","status":"finished","accexp":10},{"id":"44c5587e-5259-4914-92b6-0794a44afd12","status":"finished","accexp":10}]
actionId = "216708"
replaced = [{"id":"a37b9e17-fb81-4fdb-b3f6-edf5e9d01d66","status":"finished","accexp":10},{"id":"a37b9e17-fb81-4fdb-b3f6-edf5e9d01d66","status":"finished","accexp":15},{"id":"a37b9e17-fb81-4fdb-b3f6-edf5e9d01d66","status":"finished","accexp":10},{"id":"a37b9e17-fb81-4fdb-b3f6-edf5e9d01d66","status":"finished","accexp":10},{"id":"a37b9e17-fb81-4fdb-b3f6-edf5e9d01d66","status":"finished","accexp":20},{"id":"a37b9e17-fb81-4fdb-b3f6-edf5e9d01d66","status":"finished","accexp":10}]
actionId = "629447"
replaced = [{"id":"981c3895-3ea1-4c83-a0d5-16e009db6a6c","status":"finished","accexp":15},{"id":"981c3895-3ea1-4c83-a0d5-16e009db6a6c","status":"finished","accexp":15},{"id":"981c3895-3ea1-4c83-a0d5-16e009db6a6c","status":"finished","accexp":10},{"id":"981c3895-3ea1-4c83-a0d5-16e009db6a6c","status":"finished","accexp":15},{"id":"981c3895-3ea1-4c83-a0d5-16e009db6a6c","status":"finished","accexp":20}]
actionId = "1980137"
replaced = [{"id":"aacabc4d-fa1e-4fee-ba41-dbee5558d0d6","status":"finished","accexp":15},{"id":"aacabc4d-fa1e-4fee-ba41-dbee5558d0d6","status":"finished","accexp":10},{"id":"aacabc4d-fa1e-4fee-ba41-dbee5558d0d6","status":"finished","accexp":20},{"id":"aacabc4d-fa1e-4fee-ba41-dbee5558d0d6","status":"finished","accexp":10},{"id":"aacabc4d-fa1e-4fee-ba41-dbee5558d0d6","status":"finished","accexp":20},{"id":"aacabc4d-fa1e-4fee-ba41-dbee5558d0d6","status":"finished","accexp":20}]
actionId = "767727"
replaced = [{"id":"48d4e86f-3f98-4775-88ad-2371327aa81a","status":"finished","accexp":15},{"id":"48d4e86f-3f98-4775-88ad-2371327aa81a","status":"finished","accexp":15},{"id":"48d4e86f-3f98-4775-88ad-2371327aa81a","status":"finished","accexp":0},{"id":"48d4e86f-3f98-4775-88ad-2371327aa81a","status":"finished","accexp":5},{"id":"48d4e86f-3f98-4775-88ad-2371327aa81a","status":"finished","accexp":15},{"id":"48d4e86f-3f98-4775-88ad-2371327aa81a","status":"finished","accexp":20}]
actionId = "1018232"
replaced = [{"id":"e40cee8a-effb-42c6-b572-a8364318d3c2","status":"finished","accexp":20},{"id":"e40cee8a-effb-42c6-b572-a8364318d3c2","status":"finished","accexp":15},{"id":"e40cee8a-effb-42c6-b572-a8364318d3c2","status":"finished","accexp":0},{"id":"e40cee8a-effb-42c6-b572-a8364318d3c2","status":"finished","accexp":10},{"id":"e40cee8a-effb-42c6-b572-a8364318d3c2","status":"finished","accexp":10},{"id":"e40cee8a-effb-42c6-b572-a8364318d3c2","status":"finished","accexp":20}]
actionId = "919107"
replaced = [{"id":"26320143-cf95-4d96-84a2-c7520532e56c","status":"finished","accexp":20},{"id":"26320143-cf95-4d96-84a2-c7520532e56c","status":"finished","accexp":15},{"id":"26320143-cf95-4d96-84a2-c7520532e56c","status":"finished","accexp":10},{"id":"26320143-cf95-4d96-84a2-c7520532e56c","status":"finished","accexp":10},{"id":"26320143-cf95-4d96-84a2-c7520532e56c","status":"finished","accexp":20},{"id":"26320143-cf95-4d96-84a2-c7520532e56c","status":"finished","accexp":10}]
actionId = "1311669"
replaced = [{"id":"8545020b-030d-4fd2-a58b-490c7bfc5148","status":"finished","accexp":20},{"id":"8545020b-030d-4fd2-a58b-490c7bfc5148","status":"finished","accexp":15},{"id":"8545020b-030d-4fd2-a58b-490c7bfc5148","status":"finished","accexp":15},{"id":"8545020b-030d-4fd2-a58b-490c7bfc5148","status":"finished","accexp":10},{"id":"8545020b-030d-4fd2-a58b-490c7bfc5148","status":"finished","accexp":15},{"id":"8545020b-030d-4fd2-a58b-490c7bfc5148","status":"finished","accexp":20}]
actionId = "1956151"
replaced = [{"id":"80b85a4d-4982-47ff-9502-f9a518a571a6","status":"finished","accexp":15},{"id":"80b85a4d-4982-47ff-9502-f9a518a571a6","status":"finished","accexp":15},{"id":"80b85a4d-4982-47ff-9502-f9a518a571a6","status":"finished","accexp":10},{"id":"80b85a4d-4982-47ff-9502-f9a518a571a6","status":"finished","accexp":10},{"id":"80b85a4d-4982-47ff-9502-f9a518a571a6","status":"finished","accexp":10},{"id":"80b85a4d-4982-47ff-9502-f9a518a571a6","status":"finished","accexp":20},{"id":"80b85a4d-4982-47ff-9502-f9a518a571a6","status":"finished","accexp":20}]
actionId = "623341"
replaced = [{"id":"70b8393d-4aea-4cc8-8e4b-5cec9bc2d3d5","status":"finished","accexp":10},{"id":"70b8393d-4aea-4cc8-8e4b-5cec9bc2d3d5","status":"finished","accexp":10},{"id":"70b8393d-4aea-4cc8-8e4b-5cec9bc2d3d5","status":"finished","accexp":15},{"id":"70b8393d-4aea-4cc8-8e4b-5cec9bc2d3d5","status":"finished","accexp":10},{"id":"70b8393d-4aea-4cc8-8e4b-5cec9bc2d3d5","status":"finished","accexp":10},"ongoing"]
actionId = "1241807"
replaced = [{"id":"2aefcb81-80f3-4545-8c9f-85798815c644","status":"finished","accexp":15},{"id":"2aefcb81-80f3-4545-8c9f-85798815c644","status":"finished","accexp":15},{"id":"2aefcb81-80f3-4545-8c9f-85798815c644","status":"finished","accexp":0},{"id":"2aefcb81-80f3-4545-8c9f-85798815c644","status":"finished","accexp":10},{"id":"2aefcb81-80f3-4545-8c9f-85798815c644","status":"finished","accexp":20},"ongoing"]
actionId = "694537"
replaced = [{"id":"b42a3886-1209-4b50-8670-9bf609775092","status":"finished","accexp":20},{"id":"b42a3886-1209-4b50-8670-9bf609775092","status":"finished","accexp":15},{"id":"b42a3886-1209-4b50-8670-9bf609775092","status":"finished","accexp":10},{"id":"b42a3886-1209-4b50-8670-9bf609775092","status":"finished","accexp":10},{"id":"b42a3886-1209-4b50-8670-9bf609775092","status":"finished","accexp":15},{"id":"b42a3886-1209-4b50-8670-9bf609775092","status":"ongoing","accexp":0}]
actionId = "430133"
replaced = [{"id":"f7870bd4-e3cb-4d16-b57a-f7dd29e3c9ab","status":"finished","accexp":15},{"id":"f7870bd4-e3cb-4d16-b57a-f7dd29e3c9ab","status":"finished","accexp":15},{"id":"f7870bd4-e3cb-4d16-b57a-f7dd29e3c9ab","status":"finished","accexp":10},{"id":"f7870bd4-e3cb-4d16-b57a-f7dd29e3c9ab","status":"finished","accexp":10},{"id":"f7870bd4-e3cb-4d16-b57a-f7dd29e3c9ab","status":"finished","accexp":25}]
actionId = "318325"
replaced = [{"id":"5147b917-e396-4ef4-bf4e-a2745f867c6d","status":"finished","accexp":20},{"id":"5147b917-e396-4ef4-bf4e-a2745f867c6d","status":"finished","accexp":20},{"id":"5147b917-e396-4ef4-bf4e-a2745f867c6d","status":"finished","accexp":10},{"id":"5147b917-e396-4ef4-bf4e-a2745f867c6d","status":"finished","accexp":10},{"id":"5147b917-e396-4ef4-bf4e-a2745f867c6d","status":"finished","accexp":10},{"id":"5147b917-e396-4ef4-bf4e-a2745f867c6d","status":"finished","accexp":20},"ongoing"]
actionId = "1786049"
replaced = [{"id":"b176ceb3-dfba-4747-8761-ad92aaefce98","status":"finished","accexp":5},{"id":"b176ceb3-dfba-4747-8761-ad92aaefce98","status":"finished","accexp":10},{"id":"b176ceb3-dfba-4747-8761-ad92aaefce98","status":"finished","accexp":5},{"id":"b176ceb3-dfba-4747-8761-ad92aaefce98","status":"finished","accexp":5},{"id":"b176ceb3-dfba-4747-8761-ad92aaefce98","status":"finished","accexp":10},"ongoing"]
actionId = "1952444"
replaced = [{"id":"70c40999-2707-4f34-ba7f-8210b6e6df05","status":"finished","accexp":20},{"id":"70c40999-2707-4f34-ba7f-8210b6e6df05","status":"finished","accexp":20},{"id":"70c40999-2707-4f34-ba7f-8210b6e6df05","status":"finished","accexp":10},{"id":"70c40999-2707-4f34-ba7f-8210b6e6df05","status":"finished","accexp":10},{"id":"70c40999-2707-4f34-ba7f-8210b6e6df05","status":"finished","accexp":15},{"id":"70c40999-2707-4f34-ba7f-8210b6e6df05","status":"finished","accexp":10}]
actionId = "1821079"
replaced = [{"id":"35ef6ace-050a-432c-a24a-6570e23276d8","status":"finished","accexp":20},{"id":"35ef6ace-050a-432c-a24a-6570e23276d8","status":"finished","accexp":20},{"id":"35ef6ace-050a-432c-a24a-6570e23276d8","status":"finished","accexp":5},{"id":"35ef6ace-050a-432c-a24a-6570e23276d8","status":"finished","accexp":10},{"id":"35ef6ace-050a-432c-a24a-6570e23276d8","status":"finished","accexp":20},"ongoing"]
actionId = "439562"
replaced = [{"id":"dec91fd0-53da-422f-b519-14b4822b0e5b","status":"finished","accexp":15},{"id":"dec91fd0-53da-422f-b519-14b4822b0e5b","status":"finished","accexp":5},{"id":"dec91fd0-53da-422f-b519-14b4822b0e5b","status":"finished","accexp":5},{"id":"dec91fd0-53da-422f-b519-14b4822b0e5b","status":"finished","accexp":15},{"id":"dec91fd0-53da-422f-b519-14b4822b0e5b","status":"finished","accexp":10},{"id":"dec91fd0-53da-422f-b519-14b4822b0e5b","status":"finished","accexp":20},"ongoing"]
actionId = "1790661"
replaced = [{"id":"9b065220-4ee7-408f-acf9-240ce05708a5","status":"finished","accexp":10},{"id":"9b065220-4ee7-408f-acf9-240ce05708a5","status":"finished","accexp":15},{"id":"9b065220-4ee7-408f-acf9-240ce05708a5","status":"finished","accexp":15},{"id":"9b065220-4ee7-408f-acf9-240ce05708a5","status":"finished","accexp":10},{"id":"9b065220-4ee7-408f-acf9-240ce05708a5","status":"finished","accexp":10},{"id":"9b065220-4ee7-408f-acf9-240ce05708a5","status":"finished","accexp":15},{"id":"9b065220-4ee7-408f-acf9-240ce05708a5","status":"ongoing","accexp":0}]
actionId = "320021"
replaced = [{"id":"1a39574e-16ef-41fa-9199-b4b260b61369","status":"finished","accexp":20},{"id":"1a39574e-16ef-41fa-9199-b4b260b61369","status":"finished","accexp":15},{"id":"1a39574e-16ef-41fa-9199-b4b260b61369","status":"finished","accexp":10},{"id":"1a39574e-16ef-41fa-9199-b4b260b61369","status":"finished","accexp":5},{"id":"1a39574e-16ef-41fa-9199-b4b260b61369","status":"finished","accexp":20}]
actionId = "1797599"
replaced = [{"id":"8d572070-f862-4957-a25a-8c2968b7f50e","status":"finished","accexp":15},{"id":"8d572070-f862-4957-a25a-8c2968b7f50e","status":"finished","accexp":20},{"id":"8d572070-f862-4957-a25a-8c2968b7f50e","status":"finished","accexp":5},{"id":"8d572070-f862-4957-a25a-8c2968b7f50e","status":"finished","accexp":10},{"id":"8d572070-f862-4957-a25a-8c2968b7f50e","status":"finished","accexp":15},"ongoing"]
actionId = "1273504"
replaced = [{"id":"8c506a78-238e-48e5-a374-4ecfe22474f8","status":"finished","accexp":10},{"id":"8c506a78-238e-48e5-a374-4ecfe22474f8","status":"finished","accexp":15},{"id":"8c506a78-238e-48e5-a374-4ecfe22474f8","status":"finished","accexp":20},{"id":"8c506a78-238e-48e5-a374-4ecfe22474f8","status":"finished","accexp":10},{"id":"8c506a78-238e-48e5-a374-4ecfe22474f8","status":"finished","accexp":15},{"id":"8c506a78-238e-48e5-a374-4ecfe22474f8","status":"finished","accexp":20}]
actionId = "774168"
replaced = [{"id":"d374831f-e866-45d2-8a48-1dc1906f644e","status":"finished","accexp":15},{"id":"d374831f-e866-45d2-8a48-1dc1906f644e","status":"finished","accexp":20},{"id":"d374831f-e866-45d2-8a48-1dc1906f644e","status":"finished","accexp":10},{"id":"d374831f-e866-45d2-8a48-1dc1906f644e","status":"finished","accexp":15},{"id":"d374831f-e866-45d2-8a48-1dc1906f644e","status":"finished","accexp":10},"ongoing"]
actionId = "1222335"
replaced = [{"id":"197beb52-e00d-4ce4-b0d2-209da715064a","status":"finished","accexp":15},{"id":"197beb52-e00d-4ce4-b0d2-209da715064a","status":"finished","accexp":15},{"id":"197beb52-e00d-4ce4-b0d2-209da715064a","status":"finished","accexp":5},{"id":"197beb52-e00d-4ce4-b0d2-209da715064a","status":"finished","accexp":5},{"id":"197beb52-e00d-4ce4-b0d2-209da715064a","status":"finished","accexp":20},"ongoing"]
actionId = "1872527"
replaced = [{"id":"d164f4b7-c026-4b23-baa9-b11e488b648e","status":"finished","accexp":10},{"id":"d164f4b7-c026-4b23-baa9-b11e488b648e","status":"finished","accexp":15},{"id":"d164f4b7-c026-4b23-baa9-b11e488b648e","status":"finished","accexp":10},{"id":"d164f4b7-c026-4b23-baa9-b11e488b648e","status":"finished","accexp":0},{"id":"d164f4b7-c026-4b23-baa9-b11e488b648e","status":"finished","accexp":15},{"id":"d164f4b7-c026-4b23-baa9-b11e488b648e","status":"finished","accexp":20}]
actionId = "1740100"
replaced = [{"id":"2b562b08-9b2b-4c64-8f73-4894b6ebcc87","status":"finished","accexp":5},{"id":"2b562b08-9b2b-4c64-8f73-4894b6ebcc87","status":"finished","accexp":20},{"id":"2b562b08-9b2b-4c64-8f73-4894b6ebcc87","status":"finished","accexp":15},{"id":"2b562b08-9b2b-4c64-8f73-4894b6ebcc87","status":"finished","accexp":10},{"id":"2b562b08-9b2b-4c64-8f73-4894b6ebcc87","status":"finished","accexp":10},{"id":"2b562b08-9b2b-4c64-8f73-4894b6ebcc87","status":"finished","accexp":20}]
actionId = "2051597"
replaced = [{"id":"ed36b5d7-b7a7-42bb-acbe-924db990ed64","status":"finished","accexp":20},{"id":"ed36b5d7-b7a7-42bb-acbe-924db990ed64","status":"finished","accexp":15},{"id":"ed36b5d7-b7a7-42bb-acbe-924db990ed64","status":"finished","accexp":5},{"id":"ed36b5d7-b7a7-42bb-acbe-924db990ed64","status":"finished","accexp":10},{"id":"ed36b5d7-b7a7-42bb-acbe-924db990ed64","status":"finished","accexp":20}]
actionId = "1683458"
replaced = [{"id":"ad0fb73d-d82a-4274-9247-28172bcf5739","status":"finished","accexp":20},{"id":"ad0fb73d-d82a-4274-9247-28172bcf5739","status":"finished","accexp":20},{"id":"ad0fb73d-d82a-4274-9247-28172bcf5739","status":"finished","accexp":10},{"id":"ad0fb73d-d82a-4274-9247-28172bcf5739","status":"finished","accexp":5},{"id":"ad0fb73d-d82a-4274-9247-28172bcf5739","status":"finished","accexp":20},{"id":"ad0fb73d-d82a-4274-9247-28172bcf5739","status":"finished","accexp":10}]
actionId = "146673"
replaced = [{"id":"5854eea5-6837-4920-8640-c2c0b7ff14c3","status":"finished","accexp":20},{"id":"5854eea5-6837-4920-8640-c2c0b7ff14c3","status":"finished","accexp":15},{"id":"5854eea5-6837-4920-8640-c2c0b7ff14c3","status":"finished","accexp":20},{"id":"5854eea5-6837-4920-8640-c2c0b7ff14c3","status":"finished","accexp":10},{"id":"5854eea5-6837-4920-8640-c2c0b7ff14c3","status":"finished","accexp":15}]
actionId = "1781508"
replaced = [{"id":"3d1effaf-da49-4398-8978-894c050270e1","status":"finished","accexp":15},{"id":"3d1effaf-da49-4398-8978-894c050270e1","status":"finished","accexp":15},{"id":"3d1effaf-da49-4398-8978-894c050270e1","status":"finished","accexp":15},{"id":"3d1effaf-da49-4398-8978-894c050270e1","status":"finished","accexp":10},{"id":"3d1effaf-da49-4398-8978-894c050270e1","status":"finished","accexp":20}]
actionId = "1670513"
replaced = [{"id":"5a270f6d-4fd7-4f47-8f40-4d6fff852e63","status":"finished","accexp":20},{"id":"5a270f6d-4fd7-4f47-8f40-4d6fff852e63","status":"finished","accexp":15},{"id":"5a270f6d-4fd7-4f47-8f40-4d6fff852e63","status":"finished","accexp":5},{"id":"5a270f6d-4fd7-4f47-8f40-4d6fff852e63","status":"finished","accexp":10},{"id":"5a270f6d-4fd7-4f47-8f40-4d6fff852e63","status":"finished","accexp":10},{"id":"5a270f6d-4fd7-4f47-8f40-4d6fff852e63","status":"finished","accexp":20},{"id":"5a270f6d-4fd7-4f47-8f40-4d6fff852e63","status":"finished","accexp":20}]
actionId = "1462690"
replaced = [{"id":"f66bc68c-f77c-43fb-8dfe-da5f116c403d","status":"finished","accexp":5},{"id":"f66bc68c-f77c-43fb-8dfe-da5f116c403d","status":"finished","accexp":15},{"id":"f66bc68c-f77c-43fb-8dfe-da5f116c403d","status":"finished","accexp":15},{"id":"f66bc68c-f77c-43fb-8dfe-da5f116c403d","status":"finished","accexp":20},"ongoing"]
actionId = "1255712"
replaced = [{"id":"957b21d8-ca54-402f-baab-60815db75caa","status":"finished","accexp":20},{"id":"957b21d8-ca54-402f-baab-60815db75caa","status":"finished","accexp":15},{"id":"957b21d8-ca54-402f-baab-60815db75caa","status":"finished","accexp":10},{"id":"957b21d8-ca54-402f-baab-60815db75caa","status":"finished","accexp":10},{"id":"957b21d8-ca54-402f-baab-60815db75caa","status":"finished","accexp":20},"ongoing"]
actionId = "1302561"
replaced = [{"id":"13702fa4-037f-4672-8aa3-f61efbaf0d4c","status":"finished","accexp":15},{"id":"13702fa4-037f-4672-8aa3-f61efbaf0d4c","status":"finished","accexp":20},{"id":"13702fa4-037f-4672-8aa3-f61efbaf0d4c","status":"finished","accexp":25},{"id":"13702fa4-037f-4672-8aa3-f61efbaf0d4c","status":"finished","accexp":10},{"id":"13702fa4-037f-4672-8aa3-f61efbaf0d4c","status":"finished","accexp":20},{"id":"13702fa4-037f-4672-8aa3-f61efbaf0d4c","status":"finished","accexp":20}]
actionId = "153665"
replaced = [{"id":"315b245d-17ba-4c5c-a65c-0ec6065013ff","status":"finished","accexp":15},{"id":"315b245d-17ba-4c5c-a65c-0ec6065013ff","status":"finished","accexp":20},{"id":"315b245d-17ba-4c5c-a65c-0ec6065013ff","status":"finished","accexp":10},{"id":"315b245d-17ba-4c5c-a65c-0ec6065013ff","status":"finished","accexp":10},{"id":"315b245d-17ba-4c5c-a65c-0ec6065013ff","status":"finished","accexp":15},{"id":"315b245d-17ba-4c5c-a65c-0ec6065013ff","status":"ongoing","accexp":0}]
actionId = "1723004"
replaced = [{"id":"f9ddbc57-85e2-4f1c-9d50-3d168a524416","status":"finished","accexp":15},{"id":"f9ddbc57-85e2-4f1c-9d50-3d168a524416","status":"finished","accexp":15},{"id":"f9ddbc57-85e2-4f1c-9d50-3d168a524416","status":"finished","accexp":10},{"id":"f9ddbc57-85e2-4f1c-9d50-3d168a524416","status":"finished","accexp":10},{"id":"f9ddbc57-85e2-4f1c-9d50-3d168a524416","status":"finished","accexp":20},{"id":"f9ddbc57-85e2-4f1c-9d50-3d168a524416","status":"finished","accexp":10}]
actionId = "1353651"
replaced = [{"id":"24a609e4-845e-40c9-b45c-ae9822c67bfe","status":"finished","accexp":20},{"id":"24a609e4-845e-40c9-b45c-ae9822c67bfe","status":"finished","accexp":15},{"id":"24a609e4-845e-40c9-b45c-ae9822c67bfe","status":"finished","accexp":0},{"id":"24a609e4-845e-40c9-b45c-ae9822c67bfe","status":"finished","accexp":10},{"id":"24a609e4-845e-40c9-b45c-ae9822c67bfe","status":"finished","accexp":10},{"id":"24a609e4-845e-40c9-b45c-ae9822c67bfe","status":"finished","accexp":20},{"id":"24a609e4-845e-40c9-b45c-ae9822c67bfe","status":"finished","accexp":10}]
actionId = "653735"
replaced = [{"id":"5eb66343-7ea4-4623-b07f-55a0bfc37e46","status":"finished","accexp":20},{"id":"5eb66343-7ea4-4623-b07f-55a0bfc37e46","status":"finished","accexp":15},{"id":"5eb66343-7ea4-4623-b07f-55a0bfc37e46","status":"finished","accexp":5},{"id":"5eb66343-7ea4-4623-b07f-55a0bfc37e46","status":"finished","accexp":0},{"id":"5eb66343-7ea4-4623-b07f-55a0bfc37e46","status":"finished","accexp":25},"ongoing"]
actionId = "1675746"
replaced = [{"id":"42dcbba3-5d07-4429-abb1-91e8489091e4","status":"finished","accexp":15},{"id":"42dcbba3-5d07-4429-abb1-91e8489091e4","status":"finished","accexp":10},{"id":"42dcbba3-5d07-4429-abb1-91e8489091e4","status":"finished","accexp":0},{"id":"42dcbba3-5d07-4429-abb1-91e8489091e4","status":"finished","accexp":10},{"id":"42dcbba3-5d07-4429-abb1-91e8489091e4","status":"finished","accexp":20},"ongoing"]
actionId = "512580"
replaced = [{"id":"fa3cc8a8-2b34-4855-901b-c076daeda22d","status":"finished","accexp":15},{"id":"fa3cc8a8-2b34-4855-901b-c076daeda22d","status":"finished","accexp":15},{"id":"fa3cc8a8-2b34-4855-901b-c076daeda22d","status":"finished","accexp":10},{"id":"fa3cc8a8-2b34-4855-901b-c076daeda22d","status":"finished","accexp":10},{"id":"fa3cc8a8-2b34-4855-901b-c076daeda22d","status":"finished","accexp":10},{"id":"fa3cc8a8-2b34-4855-901b-c076daeda22d","status":"finished","accexp":20}]
actionId = "817813"
replaced = [{"id":"0be966cc-d47a-41c2-9023-82d1842ea55d","status":"finished","accexp":20},{"id":"0be966cc-d47a-41c2-9023-82d1842ea55d","status":"finished","accexp":20},{"id":"0be966cc-d47a-41c2-9023-82d1842ea55d","status":"finished","accexp":5},{"id":"0be966cc-d47a-41c2-9023-82d1842ea55d","status":"finished","accexp":10},{"id":"0be966cc-d47a-41c2-9023-82d1842ea55d","status":"finished","accexp":20},{"id":"0be966cc-d47a-41c2-9023-82d1842ea55d","status":"finished","accexp":20}]
actionId = "1225310"
replaced = [{"id":"de9b1df3-e41f-479e-997a-0624a7ae39b6","status":"finished","accexp":15},{"id":"de9b1df3-e41f-479e-997a-0624a7ae39b6","status":"finished","accexp":15},{"id":"de9b1df3-e41f-479e-997a-0624a7ae39b6","status":"finished","accexp":5},{"id":"de9b1df3-e41f-479e-997a-0624a7ae39b6","status":"finished","accexp":10},{"id":"de9b1df3-e41f-479e-997a-0624a7ae39b6","status":"finished","accexp":20},{"id":"de9b1df3-e41f-479e-997a-0624a7ae39b6","status":"finished","accexp":20}]
actionId = "1323395"
replaced = [{"id":"892c1eaf-d22c-4243-af32-35120cbfe6ac","status":"finished","accexp":20},{"id":"892c1eaf-d22c-4243-af32-35120cbfe6ac","status":"finished","accexp":5},{"id":"892c1eaf-d22c-4243-af32-35120cbfe6ac","status":"finished","accexp":10},{"id":"892c1eaf-d22c-4243-af32-35120cbfe6ac","status":"finished","accexp":10},{"id":"892c1eaf-d22c-4243-af32-35120cbfe6ac","status":"finished","accexp":20}]
actionId = "1102951"
replaced = [{"id":"b0a208e1-6945-4d96-a1c5-41b1905adb5a","status":"finished","accexp":15},{"id":"b0a208e1-6945-4d96-a1c5-41b1905adb5a","status":"finished","accexp":10},{"id":"b0a208e1-6945-4d96-a1c5-41b1905adb5a","status":"finished","accexp":0},{"id":"b0a208e1-6945-4d96-a1c5-41b1905adb5a","status":"finished","accexp":10},{"id":"b0a208e1-6945-4d96-a1c5-41b1905adb5a","status":"finished","accexp":10},{"id":"b0a208e1-6945-4d96-a1c5-41b1905adb5a","status":"ongoing","accexp":0}]
actionId = "316457"
replaced = [{"id":"651e8dcb-d1f8-4159-a68c-7fe1e49d54b6","status":"finished","accexp":10},{"id":"651e8dcb-d1f8-4159-a68c-7fe1e49d54b6","status":"finished","accexp":0},{"id":"651e8dcb-d1f8-4159-a68c-7fe1e49d54b6","status":"finished","accexp":25},"ongoing",{"id":"651e8dcb-d1f8-4159-a68c-7fe1e49d54b6","status":"pending","accexp":0},{"id":"651e8dcb-d1f8-4159-a68c-7fe1e49d54b6","status":"pending","accexp":0}]
actionId = "1492362"
replaced = [{"id":"c490a638-8ab6-4c3d-ab2c-8a048a672af2","status":"finished","accexp":20},{"id":"c490a638-8ab6-4c3d-ab2c-8a048a672af2","status":"finished","accexp":15},{"id":"c490a638-8ab6-4c3d-ab2c-8a048a672af2","status":"finished","accexp":10},{"id":"c490a638-8ab6-4c3d-ab2c-8a048a672af2","status":"finished","accexp":10},{"id":"c490a638-8ab6-4c3d-ab2c-8a048a672af2","status":"finished","accexp":15},{"id":"c490a638-8ab6-4c3d-ab2c-8a048a672af2","status":"finished","accexp":20}]
actionId = "1430007"
replaced = [{"id":"eb33e045-52eb-4389-877f-5b8ee7ee3cc6","status":"finished","accexp":15},{"id":"eb33e045-52eb-4389-877f-5b8ee7ee3cc6","status":"finished","accexp":10},{"id":"eb33e045-52eb-4389-877f-5b8ee7ee3cc6","status":"finished","accexp":15},{"id":"eb33e045-52eb-4389-877f-5b8ee7ee3cc6","status":"finished","accexp":15},{"id":"eb33e045-52eb-4389-877f-5b8ee7ee3cc6","status":"finished","accexp":10}]
actionId = "1370043"
replaced = [{"id":"91200f4e-db31-446a-8d99-6da2014f54cc","status":"finished","accexp":15},{"id":"91200f4e-db31-446a-8d99-6da2014f54cc","status":"finished","accexp":10},{"id":"91200f4e-db31-446a-8d99-6da2014f54cc","status":"finished","accexp":0},{"id":"91200f4e-db31-446a-8d99-6da2014f54cc","status":"finished","accexp":10},{"id":"91200f4e-db31-446a-8d99-6da2014f54cc","status":"finished","accexp":20}]
actionId = "1766891"
replaced = [{"id":"d9986c41-ee60-479f-b674-faa51d80fd2c","status":"finished","accexp":15},{"id":"d9986c41-ee60-479f-b674-faa51d80fd2c","status":"finished","accexp":20},{"id":"d9986c41-ee60-479f-b674-faa51d80fd2c","status":"finished","accexp":5},{"id":"d9986c41-ee60-479f-b674-faa51d80fd2c","status":"finished","accexp":10},{"id":"d9986c41-ee60-479f-b674-faa51d80fd2c","status":"finished","accexp":15},{"id":"d9986c41-ee60-479f-b674-faa51d80fd2c","status":"finished","accexp":20}]
actionId = "1835609"
replaced = [{"id":"96a72507-1be9-4534-9650-a838fca57f4b","status":"finished","accexp":20},{"id":"96a72507-1be9-4534-9650-a838fca57f4b","status":"finished","accexp":15},{"id":"96a72507-1be9-4534-9650-a838fca57f4b","status":"finished","accexp":5},{"id":"96a72507-1be9-4534-9650-a838fca57f4b","status":"finished","accexp":10},{"id":"96a72507-1be9-4534-9650-a838fca57f4b","status":"finished","accexp":20},{"id":"96a72507-1be9-4534-9650-a838fca57f4b","status":"finished","accexp":10}]
actionId = "1224937"
replaced = [{"id":"2d5d4313-3bc4-40c2-b0f3-e5fa06d2779c","status":"finished","accexp":20},{"id":"2d5d4313-3bc4-40c2-b0f3-e5fa06d2779c","status":"finished","accexp":20},{"id":"2d5d4313-3bc4-40c2-b0f3-e5fa06d2779c","status":"finished","accexp":15},{"id":"2d5d4313-3bc4-40c2-b0f3-e5fa06d2779c","status":"finished","accexp":10},{"id":"2d5d4313-3bc4-40c2-b0f3-e5fa06d2779c","status":"finished","accexp":20},{"id":"2d5d4313-3bc4-40c2-b0f3-e5fa06d2779c","status":"finished","accexp":10}]
actionId = "1728232"
replaced = [{"id":"b5263a17-a371-46ec-a7ec-1f1f33d63c09","status":"finished","accexp":20},{"id":"b5263a17-a371-46ec-a7ec-1f1f33d63c09","status":"finished","accexp":5},{"id":"b5263a17-a371-46ec-a7ec-1f1f33d63c09","status":"finished","accexp":0},{"id":"b5263a17-a371-46ec-a7ec-1f1f33d63c09","status":"finished","accexp":10},{"id":"b5263a17-a371-46ec-a7ec-1f1f33d63c09","status":"finished","accexp":20},{"id":"b5263a17-a371-46ec-a7ec-1f1f33d63c09","status":"finished","accexp":20}]
actionId = "1850915"
replaced = [{"id":"06882be8-8ff9-4e4f-939e-d878cc2a0c2f","status":"finished","accexp":0},{"id":"06882be8-8ff9-4e4f-939e-d878cc2a0c2f","status":"finished","accexp":0},{"id":"06882be8-8ff9-4e4f-939e-d878cc2a0c2f","status":"finished","accexp":15},{"id":"06882be8-8ff9-4e4f-939e-d878cc2a0c2f","status":"finished","accexp":5},{"id":"06882be8-8ff9-4e4f-939e-d878cc2a0c2f","status":"finished","accexp":25},"ongoing"]
actionId = "600071"
replaced = [{"id":"416061ac-c364-42f0-af1b-39218e759feb","status":"finished","accexp":15},{"id":"416061ac-c364-42f0-af1b-39218e759feb","status":"finished","accexp":15},{"id":"416061ac-c364-42f0-af1b-39218e759feb","status":"finished","accexp":10},{"id":"416061ac-c364-42f0-af1b-39218e759feb","status":"finished","accexp":10},{"id":"416061ac-c364-42f0-af1b-39218e759feb","status":"finished","accexp":15},{"id":"416061ac-c364-42f0-af1b-39218e759feb","status":"finished","accexp":20}]
actionId = "1855983"
replaced = [{"id":"44f972b1-d212-4b6a-afb9-6c209dc56205","status":"finished","accexp":5},{"id":"44f972b1-d212-4b6a-afb9-6c209dc56205","status":"finished","accexp":5},{"id":"44f972b1-d212-4b6a-afb9-6c209dc56205","status":"finished","accexp":20},{"id":"44f972b1-d212-4b6a-afb9-6c209dc56205","status":"finished","accexp":5},{"id":"44f972b1-d212-4b6a-afb9-6c209dc56205","status":"finished","accexp":20},{"id":"44f972b1-d212-4b6a-afb9-6c209dc56205","status":"finished","accexp":20}]
actionId = "1118153"
replaced = [{"id":"a8890a5a-04fd-4ef2-a8e5-ef262bd205fa","status":"finished","accexp":15},{"id":"a8890a5a-04fd-4ef2-a8e5-ef262bd205fa","status":"finished","accexp":15},{"id":"a8890a5a-04fd-4ef2-a8e5-ef262bd205fa","status":"finished","accexp":5},{"id":"a8890a5a-04fd-4ef2-a8e5-ef262bd205fa","status":"finished","accexp":10},{"id":"a8890a5a-04fd-4ef2-a8e5-ef262bd205fa","status":"finished","accexp":15},"ongoing"]
actionId = "1757924"
replaced = [{"id":"2db1155c-3986-421b-ac84-db1c48387c22","status":"finished","accexp":15},{"id":"2db1155c-3986-421b-ac84-db1c48387c22","status":"finished","accexp":15},{"id":"2db1155c-3986-421b-ac84-db1c48387c22","status":"finished","accexp":20},{"id":"2db1155c-3986-421b-ac84-db1c48387c22","status":"finished","accexp":10},{"id":"2db1155c-3986-421b-ac84-db1c48387c22","status":"finished","accexp":20}]
actionId = "1707180"
replaced = [{"id":"311fd4c6-2c08-42df-b868-8fc0ac21c56d","status":"finished","accexp":20},{"id":"311fd4c6-2c08-42df-b868-8fc0ac21c56d","status":"finished","accexp":10},{"id":"311fd4c6-2c08-42df-b868-8fc0ac21c56d","status":"finished","accexp":10},{"id":"311fd4c6-2c08-42df-b868-8fc0ac21c56d","status":"finished","accexp":10},{"id":"311fd4c6-2c08-42df-b868-8fc0ac21c56d","status":"finished","accexp":10},{"id":"311fd4c6-2c08-42df-b868-8fc0ac21c56d","status":"finished","accexp":15}]
actionId = "547575"
replaced = [{"id":"f029e2d8-d45c-4e30-a0c5-b641ef592189","status":"finished","accexp":15},{"id":"f029e2d8-d45c-4e30-a0c5-b641ef592189","status":"finished","accexp":20},{"id":"f029e2d8-d45c-4e30-a0c5-b641ef592189","status":"finished","accexp":10},{"id":"f029e2d8-d45c-4e30-a0c5-b641ef592189","status":"finished","accexp":15},{"id":"f029e2d8-d45c-4e30-a0c5-b641ef592189","status":"finished","accexp":15},"ongoing"]
actionId = "1239079"
replaced = [{"id":"7bafa34f-b059-4a53-b1c2-d6e20abf1c42","status":"finished","accexp":20},{"id":"7bafa34f-b059-4a53-b1c2-d6e20abf1c42","status":"finished","accexp":15},{"id":"7bafa34f-b059-4a53-b1c2-d6e20abf1c42","status":"finished","accexp":0},{"id":"7bafa34f-b059-4a53-b1c2-d6e20abf1c42","status":"finished","accexp":10},{"id":"7bafa34f-b059-4a53-b1c2-d6e20abf1c42","status":"finished","accexp":25}]
actionId = "1373450"
replaced = [{"id":"1e6d8d10-c15a-4723-a9b7-31bd4e588a56","status":"finished","accexp":20},{"id":"1e6d8d10-c15a-4723-a9b7-31bd4e588a56","status":"finished","accexp":15},{"id":"1e6d8d10-c15a-4723-a9b7-31bd4e588a56","status":"finished","accexp":10},{"id":"1e6d8d10-c15a-4723-a9b7-31bd4e588a56","status":"finished","accexp":10},{"id":"1e6d8d10-c15a-4723-a9b7-31bd4e588a56","status":"finished","accexp":20},"ongoing"]
actionId = "1558694"
replaced = [{"id":"601151dc-4c23-4bdc-adcf-18fc556d8192","status":"finished","accexp":20},{"id":"601151dc-4c23-4bdc-adcf-18fc556d8192","status":"finished","accexp":10},{"id":"601151dc-4c23-4bdc-adcf-18fc556d8192","status":"finished","accexp":10},{"id":"601151dc-4c23-4bdc-adcf-18fc556d8192","status":"finished","accexp":5},{"id":"601151dc-4c23-4bdc-adcf-18fc556d8192","status":"finished","accexp":10},{"id":"601151dc-4c23-4bdc-adcf-18fc556d8192","status":"finished","accexp":20}]
actionId = "1919870"
replaced = [{"id":"7d5a8647-d1da-450b-a903-6dbece0778c2","status":"finished","accexp":10},{"id":"7d5a8647-d1da-450b-a903-6dbece0778c2","status":"finished","accexp":10},{"id":"7d5a8647-d1da-450b-a903-6dbece0778c2","status":"finished","accexp":15},{"id":"7d5a8647-d1da-450b-a903-6dbece0778c2","status":"finished","accexp":10},{"id":"7d5a8647-d1da-450b-a903-6dbece0778c2","status":"finished","accexp":20},"ongoing"]
actionId = "1992967"
replaced = [{"id":"46e66117-bd10-4eb8-9ad4-f9c9d719c17b","status":"finished","accexp":10},{"id":"46e66117-bd10-4eb8-9ad4-f9c9d719c17b","status":"finished","accexp":10},{"id":"46e66117-bd10-4eb8-9ad4-f9c9d719c17b","status":"finished","accexp":15},{"id":"46e66117-bd10-4eb8-9ad4-f9c9d719c17b","status":"finished","accexp":10},{"id":"46e66117-bd10-4eb8-9ad4-f9c9d719c17b","status":"finished","accexp":20},"ongoing"]
actionId = "1676382"
replaced = [{"id":"8c1e9b91-bf9b-47fb-906f-5fb6a83c67ec","status":"finished","accexp":15},{"id":"8c1e9b91-bf9b-47fb-906f-5fb6a83c67ec","status":"finished","accexp":5},{"id":"8c1e9b91-bf9b-47fb-906f-5fb6a83c67ec","status":"finished","accexp":5},{"id":"8c1e9b91-bf9b-47fb-906f-5fb6a83c67ec","status":"finished","accexp":10},{"id":"8c1e9b91-bf9b-47fb-906f-5fb6a83c67ec","status":"finished","accexp":25},{"id":"8c1e9b91-bf9b-47fb-906f-5fb6a83c67ec","status":"ongoing","accexp":0}]
actionId = "720823"
replaced = [{"id":"3e7acd8a-4d6d-4ee8-9db9-397bfe73997a","status":"finished","accexp":10},{"id":"3e7acd8a-4d6d-4ee8-9db9-397bfe73997a","status":"finished","accexp":20},{"id":"3e7acd8a-4d6d-4ee8-9db9-397bfe73997a","status":"finished","accexp":15},{"id":"3e7acd8a-4d6d-4ee8-9db9-397bfe73997a","status":"finished","accexp":10},{"id":"3e7acd8a-4d6d-4ee8-9db9-397bfe73997a","status":"finished","accexp":25},{"id":"3e7acd8a-4d6d-4ee8-9db9-397bfe73997a","status":"finished","accexp":20}]
actionId = "1015738"
replaced = [{"id":"a84fba36-7603-4af0-a582-85db32b47d78","status":"finished","accexp":15},{"id":"a84fba36-7603-4af0-a582-85db32b47d78","status":"finished","accexp":15},{"id":"a84fba36-7603-4af0-a582-85db32b47d78","status":"finished","accexp":5},{"id":"a84fba36-7603-4af0-a582-85db32b47d78","status":"finished","accexp":10},{"id":"a84fba36-7603-4af0-a582-85db32b47d78","status":"finished","accexp":20},{"id":"a84fba36-7603-4af0-a582-85db32b47d78","status":"finished","accexp":20}]
actionId = "1783649"
replaced = [{"id":"10c2cfc4-0d37-4cff-aa90-bdab43c3891f","status":"finished","accexp":15},{"id":"10c2cfc4-0d37-4cff-aa90-bdab43c3891f","status":"finished","accexp":15},{"id":"10c2cfc4-0d37-4cff-aa90-bdab43c3891f","status":"finished","accexp":15},{"id":"10c2cfc4-0d37-4cff-aa90-bdab43c3891f","status":"finished","accexp":10},{"id":"10c2cfc4-0d37-4cff-aa90-bdab43c3891f","status":"finished","accexp":20},{"id":"10c2cfc4-0d37-4cff-aa90-bdab43c3891f","status":"finished","accexp":20}]
actionId = "1446647"
replaced = [{"id":"b70e87be-21fb-4863-8d17-eea235b14990","status":"finished","accexp":15},{"id":"b70e87be-21fb-4863-8d17-eea235b14990","status":"finished","accexp":15},{"id":"b70e87be-21fb-4863-8d17-eea235b14990","status":"finished","accexp":15},{"id":"b70e87be-21fb-4863-8d17-eea235b14990","status":"finished","accexp":10},{"id":"b70e87be-21fb-4863-8d17-eea235b14990","status":"finished","accexp":10},{"id":"b70e87be-21fb-4863-8d17-eea235b14990","status":"finished","accexp":20}]
actionId = "73938"
replaced = [{"id":"da2c3354-fc43-48f4-ab19-36de7a91eea5","status":"finished","accexp":20},{"id":"da2c3354-fc43-48f4-ab19-36de7a91eea5","status":"finished","accexp":15},{"id":"da2c3354-fc43-48f4-ab19-36de7a91eea5","status":"finished","accexp":5},{"id":"da2c3354-fc43-48f4-ab19-36de7a91eea5","status":"finished","accexp":5},{"id":"da2c3354-fc43-48f4-ab19-36de7a91eea5","status":"finished","accexp":20},"ongoing"]
actionId = "1912546"
replaced = [{"id":"5b044b47-fde7-4a7b-bd60-23de5fd60ba2","status":"finished","accexp":10},{"id":"5b044b47-fde7-4a7b-bd60-23de5fd60ba2","status":"finished","accexp":20},{"id":"5b044b47-fde7-4a7b-bd60-23de5fd60ba2","status":"finished","accexp":5},{"id":"5b044b47-fde7-4a7b-bd60-23de5fd60ba2","status":"finished","accexp":10},{"id":"5b044b47-fde7-4a7b-bd60-23de5fd60ba2","status":"finished","accexp":15},{"id":"5b044b47-fde7-4a7b-bd60-23de5fd60ba2","status":"finished","accexp":10}]
actionId = "1407576"
replaced = [{"id":"92f2f41b-d4b7-4fb9-951a-49f78a986166","status":"finished","accexp":15},{"id":"92f2f41b-d4b7-4fb9-951a-49f78a986166","status":"finished","accexp":15},{"id":"92f2f41b-d4b7-4fb9-951a-49f78a986166","status":"finished","accexp":10},{"id":"92f2f41b-d4b7-4fb9-951a-49f78a986166","status":"finished","accexp":10},{"id":"92f2f41b-d4b7-4fb9-951a-49f78a986166","status":"finished","accexp":20}]
actionId = "1918593"
replaced = [{"id":"966e0ea8-cf97-4401-9f67-c49c922ee383","status":"finished","accexp":20},{"id":"966e0ea8-cf97-4401-9f67-c49c922ee383","status":"finished","accexp":15},{"id":"966e0ea8-cf97-4401-9f67-c49c922ee383","status":"finished","accexp":5},{"id":"966e0ea8-cf97-4401-9f67-c49c922ee383","status":"finished","accexp":5},{"id":"966e0ea8-cf97-4401-9f67-c49c922ee383","status":"finished","accexp":15},{"id":"966e0ea8-cf97-4401-9f67-c49c922ee383","status":"finished","accexp":20}]
actionId = "1836725"
replaced = [{"id":"055a066c-4508-41bf-a003-08b8a63a7abb","status":"finished","accexp":20},{"id":"055a066c-4508-41bf-a003-08b8a63a7abb","status":"finished","accexp":15},{"id":"055a066c-4508-41bf-a003-08b8a63a7abb","status":"finished","accexp":15},{"id":"055a066c-4508-41bf-a003-08b8a63a7abb","status":"finished","accexp":5},{"id":"055a066c-4508-41bf-a003-08b8a63a7abb","status":"finished","accexp":10},{"id":"055a066c-4508-41bf-a003-08b8a63a7abb","status":"finished","accexp":10},{"id":"055a066c-4508-41bf-a003-08b8a63a7abb","status":"finished","accexp":10}]
actionId = "363139"
replaced = [{"id":"eef3e437-9840-4d93-9899-ba9b41aa718c","status":"finished","accexp":20},{"id":"eef3e437-9840-4d93-9899-ba9b41aa718c","status":"finished","accexp":15},{"id":"eef3e437-9840-4d93-9899-ba9b41aa718c","status":"finished","accexp":10},{"id":"eef3e437-9840-4d93-9899-ba9b41aa718c","status":"finished","accexp":10},{"id":"eef3e437-9840-4d93-9899-ba9b41aa718c","status":"finished","accexp":20},"ongoing"]
actionId = "1940721"
replaced = [{"id":"221ea354-5db4-477c-86e1-98d033f9a0db","status":"finished","accexp":20},{"id":"221ea354-5db4-477c-86e1-98d033f9a0db","status":"finished","accexp":15},{"id":"221ea354-5db4-477c-86e1-98d033f9a0db","status":"finished","accexp":5},{"id":"221ea354-5db4-477c-86e1-98d033f9a0db","status":"finished","accexp":10},{"id":"221ea354-5db4-477c-86e1-98d033f9a0db","status":"finished","accexp":25},{"id":"221ea354-5db4-477c-86e1-98d033f9a0db","status":"finished","accexp":20}]
actionId = "1884699"
replaced = [{"id":"4449b2fd-ca5e-4482-8ae0-6bf9af518de7","status":"finished","accexp":15},{"id":"4449b2fd-ca5e-4482-8ae0-6bf9af518de7","status":"finished","accexp":15},{"id":"4449b2fd-ca5e-4482-8ae0-6bf9af518de7","status":"finished","accexp":10},{"id":"4449b2fd-ca5e-4482-8ae0-6bf9af518de7","status":"finished","accexp":10},{"id":"4449b2fd-ca5e-4482-8ae0-6bf9af518de7","status":"finished","accexp":20}]
actionId = "924147"
replaced = [{"id":"08de5a6d-47f5-47db-8b8d-fee205b75847","status":"finished","accexp":20},{"id":"08de5a6d-47f5-47db-8b8d-fee205b75847","status":"finished","accexp":5},{"id":"08de5a6d-47f5-47db-8b8d-fee205b75847","status":"finished","accexp":10},{"id":"08de5a6d-47f5-47db-8b8d-fee205b75847","status":"finished","accexp":10},{"id":"08de5a6d-47f5-47db-8b8d-fee205b75847","status":"finished","accexp":10},{"id":"08de5a6d-47f5-47db-8b8d-fee205b75847","status":"finished","accexp":20}]
actionId = "115319"
replaced = [{"id":"7d0756a3-8cc6-4714-a19b-55fb45ed410a","status":"finished","accexp":10},{"id":"7d0756a3-8cc6-4714-a19b-55fb45ed410a","status":"finished","accexp":15},{"id":"7d0756a3-8cc6-4714-a19b-55fb45ed410a","status":"finished","accexp":5},{"id":"7d0756a3-8cc6-4714-a19b-55fb45ed410a","status":"finished","accexp":10},{"id":"7d0756a3-8cc6-4714-a19b-55fb45ed410a","status":"finished","accexp":20},{"id":"7d0756a3-8cc6-4714-a19b-55fb45ed410a","status":"finished","accexp":10}]
actionId = "126656"
replaced = [{"id":"e9b1d446-802e-457b-ac20-9ae2fd76d9d0","status":"finished","accexp":15},{"id":"e9b1d446-802e-457b-ac20-9ae2fd76d9d0","status":"finished","accexp":15},{"id":"e9b1d446-802e-457b-ac20-9ae2fd76d9d0","status":"finished","accexp":0},{"id":"e9b1d446-802e-457b-ac20-9ae2fd76d9d0","status":"finished","accexp":10},{"id":"e9b1d446-802e-457b-ac20-9ae2fd76d9d0","status":"finished","accexp":20},{"id":"e9b1d446-802e-457b-ac20-9ae2fd76d9d0","status":"finished","accexp":10}]
actionId = "1887598"
replaced = [{"id":"588a12aa-6680-46bd-acd2-a161707bc5a6","status":"finished","accexp":20},{"id":"588a12aa-6680-46bd-acd2-a161707bc5a6","status":"finished","accexp":15},{"id":"588a12aa-6680-46bd-acd2-a161707bc5a6","status":"finished","accexp":0},{"id":"588a12aa-6680-46bd-acd2-a161707bc5a6","status":"finished","accexp":10},{"id":"588a12aa-6680-46bd-acd2-a161707bc5a6","status":"finished","accexp":10},{"id":"588a12aa-6680-46bd-acd2-a161707bc5a6","status":"finished","accexp":10}]
actionId = "1500793"
replaced = [{"id":"eab4ca11-bc22-46eb-b239-e884bebbe3c1","status":"finished","accexp":15},{"id":"eab4ca11-bc22-46eb-b239-e884bebbe3c1","status":"finished","accexp":15},{"id":"eab4ca11-bc22-46eb-b239-e884bebbe3c1","status":"finished","accexp":15},{"id":"eab4ca11-bc22-46eb-b239-e884bebbe3c1","status":"finished","accexp":10},{"id":"eab4ca11-bc22-46eb-b239-e884bebbe3c1","status":"finished","accexp":20},{"id":"eab4ca11-bc22-46eb-b239-e884bebbe3c1","status":"ongoing","accexp":0}]
actionId = "1676951"
replaced = [{"id":"a25e90e9-3b23-4f99-8c45-14448300a518","status":"finished","accexp":10},{"id":"a25e90e9-3b23-4f99-8c45-14448300a518","status":"finished","accexp":15},{"id":"a25e90e9-3b23-4f99-8c45-14448300a518","status":"finished","accexp":10},{"id":"a25e90e9-3b23-4f99-8c45-14448300a518","status":"finished","accexp":10},{"id":"a25e90e9-3b23-4f99-8c45-14448300a518","status":"finished","accexp":15}]
actionId = "513960"
replaced = [{"id":"c583fe1c-3cf3-4616-ad99-d49d1d9d180d","status":"finished","accexp":5},{"id":"c583fe1c-3cf3-4616-ad99-d49d1d9d180d","status":"finished","accexp":5},{"id":"c583fe1c-3cf3-4616-ad99-d49d1d9d180d","status":"finished","accexp":5},{"id":"c583fe1c-3cf3-4616-ad99-d49d1d9d180d","status":"finished","accexp":5},{"id":"c583fe1c-3cf3-4616-ad99-d49d1d9d180d","status":"finished","accexp":10},{"id":"c583fe1c-3cf3-4616-ad99-d49d1d9d180d","status":"finished","accexp":10}]
actionId = "209475"
replaced = [{"id":"5e168865-27ee-48db-a2d3-1e2fb9fc1ee9","status":"finished","accexp":20},{"id":"5e168865-27ee-48db-a2d3-1e2fb9fc1ee9","status":"finished","accexp":15},{"id":"5e168865-27ee-48db-a2d3-1e2fb9fc1ee9","status":"finished","accexp":5},{"id":"5e168865-27ee-48db-a2d3-1e2fb9fc1ee9","status":"finished","accexp":10},{"id":"5e168865-27ee-48db-a2d3-1e2fb9fc1ee9","status":"finished","accexp":10},{"id":"5e168865-27ee-48db-a2d3-1e2fb9fc1ee9","status":"finished","accexp":20}]
actionId = "1246009"
replaced = [{"id":"bdfead64-1264-4b5f-af9a-c60d86b24cdf","status":"finished","accexp":15},{"id":"bdfead64-1264-4b5f-af9a-c60d86b24cdf","status":"finished","accexp":15},{"id":"bdfead64-1264-4b5f-af9a-c60d86b24cdf","status":"finished","accexp":5},{"id":"bdfead64-1264-4b5f-af9a-c60d86b24cdf","status":"finished","accexp":10},{"id":"bdfead64-1264-4b5f-af9a-c60d86b24cdf","status":"finished","accexp":25},"ongoing"]
actionId = "1516870"
replaced = [{"id":"678ce72e-4d5a-4bbe-906d-58b9c99c8fbd","status":"finished","accexp":10},{"id":"678ce72e-4d5a-4bbe-906d-58b9c99c8fbd","status":"finished","accexp":15},{"id":"678ce72e-4d5a-4bbe-906d-58b9c99c8fbd","status":"finished","accexp":10},{"id":"678ce72e-4d5a-4bbe-906d-58b9c99c8fbd","status":"finished","accexp":0},{"id":"678ce72e-4d5a-4bbe-906d-58b9c99c8fbd","status":"finished","accexp":20},{"id":"678ce72e-4d5a-4bbe-906d-58b9c99c8fbd","status":"finished","accexp":20}]
actionId = "1943337"
replaced = [{"id":"50933e9d-c179-41b4-b9dd-2614571bd3b2","status":"finished","accexp":5},{"id":"50933e9d-c179-41b4-b9dd-2614571bd3b2","status":"finished","accexp":15},{"id":"50933e9d-c179-41b4-b9dd-2614571bd3b2","status":"finished","accexp":15},{"id":"50933e9d-c179-41b4-b9dd-2614571bd3b2","status":"finished","accexp":10},{"id":"50933e9d-c179-41b4-b9dd-2614571bd3b2","status":"finished","accexp":25},"ongoing"]
actionId = "1458504"
replaced = [{"id":"ccde8453-dc3a-41f9-82df-2881f3102f07","status":"finished","accexp":5},{"id":"ccde8453-dc3a-41f9-82df-2881f3102f07","status":"finished","accexp":10},{"id":"ccde8453-dc3a-41f9-82df-2881f3102f07","status":"finished","accexp":15},{"id":"ccde8453-dc3a-41f9-82df-2881f3102f07","status":"finished","accexp":10},{"id":"ccde8453-dc3a-41f9-82df-2881f3102f07","status":"finished","accexp":20}]
actionId = "517088"
replaced = [{"id":"2a87ae14-62eb-4127-bad1-84c8157d7659","status":"finished","accexp":15},{"id":"2a87ae14-62eb-4127-bad1-84c8157d7659","status":"finished","accexp":15},{"id":"2a87ae14-62eb-4127-bad1-84c8157d7659","status":"finished","accexp":10},{"id":"2a87ae14-62eb-4127-bad1-84c8157d7659","status":"finished","accexp":15},{"id":"2a87ae14-62eb-4127-bad1-84c8157d7659","status":"finished","accexp":20},"ongoing"]
actionId = "1807256"
replaced = [{"id":"2bcb01b7-99c9-465c-95c7-fa5df3d59371","status":"finished","accexp":15},{"id":"2bcb01b7-99c9-465c-95c7-fa5df3d59371","status":"finished","accexp":20},{"id":"2bcb01b7-99c9-465c-95c7-fa5df3d59371","status":"finished","accexp":5},{"id":"2bcb01b7-99c9-465c-95c7-fa5df3d59371","status":"finished","accexp":10},{"id":"2bcb01b7-99c9-465c-95c7-fa5df3d59371","status":"finished","accexp":10},{"id":"2bcb01b7-99c9-465c-95c7-fa5df3d59371","status":"finished","accexp":15},{"id":"2bcb01b7-99c9-465c-95c7-fa5df3d59371","status":"finished","accexp":20}]
actionId = "538668"
replaced = [{"id":"1689d508-cd8f-42f2-bab5-5f834ce35866","status":"finished","accexp":20},{"id":"1689d508-cd8f-42f2-bab5-5f834ce35866","status":"finished","accexp":15},{"id":"1689d508-cd8f-42f2-bab5-5f834ce35866","status":"finished","accexp":20},{"id":"1689d508-cd8f-42f2-bab5-5f834ce35866","status":"finished","accexp":10},{"id":"1689d508-cd8f-42f2-bab5-5f834ce35866","status":"finished","accexp":15},{"id":"1689d508-cd8f-42f2-bab5-5f834ce35866","status":"finished","accexp":10}]
actionId = "1171659"
replaced = [{"id":"09f8a46b-8535-4e68-a979-e87cc9410d72","status":"finished","accexp":15},{"id":"09f8a46b-8535-4e68-a979-e87cc9410d72","status":"finished","accexp":20},{"id":"09f8a46b-8535-4e68-a979-e87cc9410d72","status":"finished","accexp":15},{"id":"09f8a46b-8535-4e68-a979-e87cc9410d72","status":"finished","accexp":10},{"id":"09f8a46b-8535-4e68-a979-e87cc9410d72","status":"finished","accexp":25}]
actionId = "92382"
replaced = [{"id":"31db8b3f-2895-46ca-b7e3-ab7f526e28d5","status":"finished","accexp":20},{"id":"31db8b3f-2895-46ca-b7e3-ab7f526e28d5","status":"finished","accexp":15},{"id":"31db8b3f-2895-46ca-b7e3-ab7f526e28d5","status":"finished","accexp":5},{"id":"31db8b3f-2895-46ca-b7e3-ab7f526e28d5","status":"finished","accexp":10},{"id":"31db8b3f-2895-46ca-b7e3-ab7f526e28d5","status":"finished","accexp":10}]
actionId = "1731618"
replaced = [{"id":"4a36951b-9f76-4bee-8842-29c8c0c66ad8","status":"finished","accexp":5},{"id":"4a36951b-9f76-4bee-8842-29c8c0c66ad8","status":"finished","accexp":0},{"id":"4a36951b-9f76-4bee-8842-29c8c0c66ad8","status":"finished","accexp":5},{"id":"4a36951b-9f76-4bee-8842-29c8c0c66ad8","status":"finished","accexp":10},{"id":"4a36951b-9f76-4bee-8842-29c8c0c66ad8","status":"finished","accexp":15},{"id":"4a36951b-9f76-4bee-8842-29c8c0c66ad8","status":"finished","accexp":10},{"id":"4a36951b-9f76-4bee-8842-29c8c0c66ad8","status":"finished","accexp":10}]
actionId = "1895527"
replaced = [{"id":"bca7ccae-7fff-4a38-ad6b-44e193b77e76","status":"finished","accexp":10},{"id":"bca7ccae-7fff-4a38-ad6b-44e193b77e76","status":"finished","accexp":15},{"id":"bca7ccae-7fff-4a38-ad6b-44e193b77e76","status":"finished","accexp":10},{"id":"bca7ccae-7fff-4a38-ad6b-44e193b77e76","status":"finished","accexp":15},{"id":"bca7ccae-7fff-4a38-ad6b-44e193b77e76","status":"finished","accexp":20},"ongoing"]
actionId = "288638"
replaced = [{"id":"703159ea-a546-4a45-9b1d-ea83c9f2c08e","status":"finished","accexp":20},{"id":"703159ea-a546-4a45-9b1d-ea83c9f2c08e","status":"finished","accexp":15},{"id":"703159ea-a546-4a45-9b1d-ea83c9f2c08e","status":"finished","accexp":10},{"id":"703159ea-a546-4a45-9b1d-ea83c9f2c08e","status":"finished","accexp":10},{"id":"703159ea-a546-4a45-9b1d-ea83c9f2c08e","status":"finished","accexp":20},{"id":"703159ea-a546-4a45-9b1d-ea83c9f2c08e","status":"finished","accexp":10}]
actionId = "1593044"
replaced = [{"id":"f2ac06b9-804d-40d0-810a-a44e74fd9f37","status":"finished","accexp":15},{"id":"f2ac06b9-804d-40d0-810a-a44e74fd9f37","status":"finished","accexp":5},{"id":"f2ac06b9-804d-40d0-810a-a44e74fd9f37","status":"finished","accexp":10},{"id":"f2ac06b9-804d-40d0-810a-a44e74fd9f37","status":"finished","accexp":15},{"id":"f2ac06b9-804d-40d0-810a-a44e74fd9f37","status":"finished","accexp":20},"ongoing"]
actionId = "278090"
replaced = [{"id":"db9df1ad-b938-4b65-9305-9e76f3ee2b55","status":"finished","accexp":15},{"id":"db9df1ad-b938-4b65-9305-9e76f3ee2b55","status":"finished","accexp":15},{"id":"db9df1ad-b938-4b65-9305-9e76f3ee2b55","status":"finished","accexp":15},{"id":"db9df1ad-b938-4b65-9305-9e76f3ee2b55","status":"finished","accexp":10},{"id":"db9df1ad-b938-4b65-9305-9e76f3ee2b55","status":"finished","accexp":20},{"id":"db9df1ad-b938-4b65-9305-9e76f3ee2b55","status":"finished","accexp":20}]
actionId = "1668085"
replaced = [{"id":"2eb4b07a-e083-4764-9f5f-ee6ed459fa5d","status":"finished","accexp":20},{"id":"2eb4b07a-e083-4764-9f5f-ee6ed459fa5d","status":"finished","accexp":5},{"id":"2eb4b07a-e083-4764-9f5f-ee6ed459fa5d","status":"finished","accexp":15},{"id":"2eb4b07a-e083-4764-9f5f-ee6ed459fa5d","status":"finished","accexp":10},{"id":"2eb4b07a-e083-4764-9f5f-ee6ed459fa5d","status":"finished","accexp":20},"ongoing"]
actionId = "1568145"
replaced = [{"id":"4a6f6fc5-7076-44ce-afc4-25cd814a6a02","status":"finished","accexp":20},{"id":"4a6f6fc5-7076-44ce-afc4-25cd814a6a02","status":"finished","accexp":20},{"id":"4a6f6fc5-7076-44ce-afc4-25cd814a6a02","status":"finished","accexp":5},{"id":"4a6f6fc5-7076-44ce-afc4-25cd814a6a02","status":"finished","accexp":5},{"id":"4a6f6fc5-7076-44ce-afc4-25cd814a6a02","status":"finished","accexp":20}]
actionId = "979423"
replaced = [{"id":"962764c7-85a2-414c-8c9d-d08305eb7518","status":"finished","accexp":20},{"id":"962764c7-85a2-414c-8c9d-d08305eb7518","status":"finished","accexp":10},{"id":"962764c7-85a2-414c-8c9d-d08305eb7518","status":"finished","accexp":10},{"id":"962764c7-85a2-414c-8c9d-d08305eb7518","status":"finished","accexp":5},{"id":"962764c7-85a2-414c-8c9d-d08305eb7518","status":"finished","accexp":20},{"id":"962764c7-85a2-414c-8c9d-d08305eb7518","status":"finished","accexp":10}]
actionId = "205137"
replaced = [{"id":"ef6c8e16-bbca-48a5-8434-1c1568affb6f","status":"finished","accexp":20},{"id":"ef6c8e16-bbca-48a5-8434-1c1568affb6f","status":"finished","accexp":15},{"id":"ef6c8e16-bbca-48a5-8434-1c1568affb6f","status":"finished","accexp":10},{"id":"ef6c8e16-bbca-48a5-8434-1c1568affb6f","status":"finished","accexp":10},{"id":"ef6c8e16-bbca-48a5-8434-1c1568affb6f","status":"finished","accexp":20},"ongoing"]
actionId = "1214449"
replaced = [{"id":"b87fe016-c892-448c-8ce1-fcfd89c88d13","status":"finished","accexp":0},{"id":"b87fe016-c892-448c-8ce1-fcfd89c88d13","status":"finished","accexp":5},{"id":"b87fe016-c892-448c-8ce1-fcfd89c88d13","status":"finished","accexp":15},{"id":"b87fe016-c892-448c-8ce1-fcfd89c88d13","status":"finished","accexp":0},{"id":"b87fe016-c892-448c-8ce1-fcfd89c88d13","status":"finished","accexp":20},{"id":"b87fe016-c892-448c-8ce1-fcfd89c88d13","status":"finished","accexp":10}]
actionId = "1585786"
replaced = [{"id":"3e4b055c-c084-485d-8f77-3636f71c892d","status":"finished","accexp":20},{"id":"3e4b055c-c084-485d-8f77-3636f71c892d","status":"finished","accexp":5},{"id":"3e4b055c-c084-485d-8f77-3636f71c892d","status":"finished","accexp":5},{"id":"3e4b055c-c084-485d-8f77-3636f71c892d","status":"finished","accexp":10},{"id":"3e4b055c-c084-485d-8f77-3636f71c892d","status":"finished","accexp":10},{"id":"3e4b055c-c084-485d-8f77-3636f71c892d","status":"finished","accexp":20},{"id":"3e4b055c-c084-485d-8f77-3636f71c892d","status":"finished","accexp":20}]
actionId = "943427"
replaced = [{"id":"603fe4bb-6c6f-480c-bfb1-d09e524ebb4f","status":"finished","accexp":10},{"id":"603fe4bb-6c6f-480c-bfb1-d09e524ebb4f","status":"finished","accexp":20},{"id":"603fe4bb-6c6f-480c-bfb1-d09e524ebb4f","status":"finished","accexp":10},{"id":"603fe4bb-6c6f-480c-bfb1-d09e524ebb4f","status":"finished","accexp":5},{"id":"603fe4bb-6c6f-480c-bfb1-d09e524ebb4f","status":"finished","accexp":25}]
actionId = "305805"
replaced = [{"id":"93be147e-8361-4429-91d2-560c2703d3c8","status":"finished","accexp":20},{"id":"93be147e-8361-4429-91d2-560c2703d3c8","status":"finished","accexp":10},{"id":"93be147e-8361-4429-91d2-560c2703d3c8","status":"finished","accexp":10},{"id":"93be147e-8361-4429-91d2-560c2703d3c8","status":"finished","accexp":10},{"id":"93be147e-8361-4429-91d2-560c2703d3c8","status":"finished","accexp":10},{"id":"93be147e-8361-4429-91d2-560c2703d3c8","status":"finished","accexp":10},"ongoing"]
actionId = "1952944"
replaced = [{"id":"d2763c48-a38a-44ff-866f-852b312932de","status":"finished","accexp":15},{"id":"d2763c48-a38a-44ff-866f-852b312932de","status":"finished","accexp":5},{"id":"d2763c48-a38a-44ff-866f-852b312932de","status":"finished","accexp":5},{"id":"d2763c48-a38a-44ff-866f-852b312932de","status":"finished","accexp":0},{"id":"d2763c48-a38a-44ff-866f-852b312932de","status":"finished","accexp":25}]
actionId = "1911484"
replaced = [{"id":"fb594937-1b9f-4b09-a9b8-03cc7d546bd7","status":"finished","accexp":5},{"id":"fb594937-1b9f-4b09-a9b8-03cc7d546bd7","status":"finished","accexp":15},{"id":"fb594937-1b9f-4b09-a9b8-03cc7d546bd7","status":"finished","accexp":20},{"id":"fb594937-1b9f-4b09-a9b8-03cc7d546bd7","status":"finished","accexp":10},{"id":"fb594937-1b9f-4b09-a9b8-03cc7d546bd7","status":"finished","accexp":20}]
actionId = "1146356"
replaced = [{"id":"9ab9ceba-3660-4524-baf2-5fd0db3afcb5","status":"finished","accexp":15},{"id":"9ab9ceba-3660-4524-baf2-5fd0db3afcb5","status":"finished","accexp":15},{"id":"9ab9ceba-3660-4524-baf2-5fd0db3afcb5","status":"finished","accexp":5},{"id":"9ab9ceba-3660-4524-baf2-5fd0db3afcb5","status":"finished","accexp":10},{"id":"9ab9ceba-3660-4524-baf2-5fd0db3afcb5","status":"finished","accexp":20},{"id":"9ab9ceba-3660-4524-baf2-5fd0db3afcb5","status":"finished","accexp":10}]
actionId = "1654689"
replaced = [{"id":"a8e2c51b-a117-4eeb-8227-5047a6d4877d","status":"finished","accexp":15},{"id":"a8e2c51b-a117-4eeb-8227-5047a6d4877d","status":"finished","accexp":15},{"id":"a8e2c51b-a117-4eeb-8227-5047a6d4877d","status":"finished","accexp":0},{"id":"a8e2c51b-a117-4eeb-8227-5047a6d4877d","status":"finished","accexp":10},{"id":"a8e2c51b-a117-4eeb-8227-5047a6d4877d","status":"finished","accexp":10},{"id":"a8e2c51b-a117-4eeb-8227-5047a6d4877d","status":"finished","accexp":10}]
actionId = "1626083"
replaced = [{"id":"0b805d7c-4e83-40fe-a45c-79cf6547fb10","status":"finished","accexp":15},{"id":"0b805d7c-4e83-40fe-a45c-79cf6547fb10","status":"finished","accexp":15},{"id":"0b805d7c-4e83-40fe-a45c-79cf6547fb10","status":"finished","accexp":0},{"id":"0b805d7c-4e83-40fe-a45c-79cf6547fb10","status":"finished","accexp":10},{"id":"0b805d7c-4e83-40fe-a45c-79cf6547fb10","status":"finished","accexp":20}]
actionId = "1121016"
replaced = [{"id":"57ee32f4-8dcc-4f99-a9f8-cb29a59b76c4","status":"finished","accexp":15},{"id":"57ee32f4-8dcc-4f99-a9f8-cb29a59b76c4","status":"finished","accexp":10},{"id":"57ee32f4-8dcc-4f99-a9f8-cb29a59b76c4","status":"finished","accexp":15},{"id":"57ee32f4-8dcc-4f99-a9f8-cb29a59b76c4","status":"finished","accexp":20},{"id":"57ee32f4-8dcc-4f99-a9f8-cb29a59b76c4","status":"finished","accexp":20}]
actionId = "1609586"
replaced = [{"id":"155c3fbd-73ce-48c4-9930-8f9c27b4b4e9","status":"finished","accexp":10},{"id":"155c3fbd-73ce-48c4-9930-8f9c27b4b4e9","status":"finished","accexp":10},{"id":"155c3fbd-73ce-48c4-9930-8f9c27b4b4e9","status":"finished","accexp":15},{"id":"155c3fbd-73ce-48c4-9930-8f9c27b4b4e9","status":"finished","accexp":0},{"id":"155c3fbd-73ce-48c4-9930-8f9c27b4b4e9","status":"finished","accexp":20}]
actionId = "1804383"
replaced = [{"id":"167e2590-03c6-4ba5-97cf-1db12105b2bf","status":"finished","accexp":15},{"id":"167e2590-03c6-4ba5-97cf-1db12105b2bf","status":"finished","accexp":15},{"id":"167e2590-03c6-4ba5-97cf-1db12105b2bf","status":"finished","accexp":15},{"id":"167e2590-03c6-4ba5-97cf-1db12105b2bf","status":"finished","accexp":20},{"id":"167e2590-03c6-4ba5-97cf-1db12105b2bf","status":"finished","accexp":10}]
actionId = "1829979"
replaced = [{"id":"17c1abca-1b68-40ad-923a-6e0ba4b0cae8","status":"finished","accexp":20},{"id":"17c1abca-1b68-40ad-923a-6e0ba4b0cae8","status":"finished","accexp":10},{"id":"17c1abca-1b68-40ad-923a-6e0ba4b0cae8","status":"finished","accexp":5},{"id":"17c1abca-1b68-40ad-923a-6e0ba4b0cae8","status":"finished","accexp":10},{"id":"17c1abca-1b68-40ad-923a-6e0ba4b0cae8","status":"finished","accexp":20},{"id":"17c1abca-1b68-40ad-923a-6e0ba4b0cae8","status":"finished","accexp":20}]
actionId = "1443825"
replaced = [{"id":"a8360b86-20eb-40cb-8e17-14262df6072d","status":"finished","accexp":20},{"id":"a8360b86-20eb-40cb-8e17-14262df6072d","status":"finished","accexp":15},{"id":"a8360b86-20eb-40cb-8e17-14262df6072d","status":"finished","accexp":10},{"id":"a8360b86-20eb-40cb-8e17-14262df6072d","status":"finished","accexp":10},{"id":"a8360b86-20eb-40cb-8e17-14262df6072d","status":"finished","accexp":20}]
actionId = "321226"
replaced = [{"id":"e085ac8b-1fd2-4c61-bd74-bdd8dbdd9544","status":"finished","accexp":5},{"id":"e085ac8b-1fd2-4c61-bd74-bdd8dbdd9544","status":"finished","accexp":15},{"id":"e085ac8b-1fd2-4c61-bd74-bdd8dbdd9544","status":"finished","accexp":15},{"id":"e085ac8b-1fd2-4c61-bd74-bdd8dbdd9544","status":"finished","accexp":10},{"id":"e085ac8b-1fd2-4c61-bd74-bdd8dbdd9544","status":"finished","accexp":20},"ongoing"]
actionId = "1444790"
replaced = [{"id":"915e0640-1439-4818-ba1a-7586e3241d46","status":"finished","accexp":10},{"id":"915e0640-1439-4818-ba1a-7586e3241d46","status":"finished","accexp":15},{"id":"915e0640-1439-4818-ba1a-7586e3241d46","status":"finished","accexp":15},{"id":"915e0640-1439-4818-ba1a-7586e3241d46","status":"finished","accexp":10},{"id":"915e0640-1439-4818-ba1a-7586e3241d46","status":"finished","accexp":20},{"id":"915e0640-1439-4818-ba1a-7586e3241d46","status":"finished","accexp":20}]
actionId = "1272394"
replaced = [{"id":"7ab23467-ff33-478e-8136-8243ef66103b","status":"finished","accexp":20},{"id":"7ab23467-ff33-478e-8136-8243ef66103b","status":"finished","accexp":20},{"id":"7ab23467-ff33-478e-8136-8243ef66103b","status":"finished","accexp":15},{"id":"7ab23467-ff33-478e-8136-8243ef66103b","status":"finished","accexp":10},{"id":"7ab23467-ff33-478e-8136-8243ef66103b","status":"finished","accexp":10},{"id":"7ab23467-ff33-478e-8136-8243ef66103b","status":"finished","accexp":10}]
actionId = "1819944"
replaced = [{"id":"4aa4ddc5-ad45-4cdf-b8e1-258f01cdbbd5","status":"finished","accexp":20},{"id":"4aa4ddc5-ad45-4cdf-b8e1-258f01cdbbd5","status":"finished","accexp":10},{"id":"4aa4ddc5-ad45-4cdf-b8e1-258f01cdbbd5","status":"finished","accexp":15},{"id":"4aa4ddc5-ad45-4cdf-b8e1-258f01cdbbd5","status":"finished","accexp":10},{"id":"4aa4ddc5-ad45-4cdf-b8e1-258f01cdbbd5","status":"finished","accexp":10},"ongoing"]
actionId = "1336435"
replaced = [{"id":"5a053f08-d5e7-4663-a738-0f8e024365ed","status":"finished","accexp":15},{"id":"5a053f08-d5e7-4663-a738-0f8e024365ed","status":"finished","accexp":10},{"id":"5a053f08-d5e7-4663-a738-0f8e024365ed","status":"finished","accexp":15},{"id":"5a053f08-d5e7-4663-a738-0f8e024365ed","status":"finished","accexp":10},{"id":"5a053f08-d5e7-4663-a738-0f8e024365ed","status":"finished","accexp":10},{"id":"5a053f08-d5e7-4663-a738-0f8e024365ed","status":"finished","accexp":15}]
actionId = "1727027"
replaced = [{"id":"e3daa99d-1f59-4821-8be8-de0a6b88b94c","status":"finished","accexp":20},{"id":"e3daa99d-1f59-4821-8be8-de0a6b88b94c","status":"finished","accexp":15},{"id":"e3daa99d-1f59-4821-8be8-de0a6b88b94c","status":"finished","accexp":5},{"id":"e3daa99d-1f59-4821-8be8-de0a6b88b94c","status":"finished","accexp":10},{"id":"e3daa99d-1f59-4821-8be8-de0a6b88b94c","status":"finished","accexp":10},{"id":"e3daa99d-1f59-4821-8be8-de0a6b88b94c","status":"finished","accexp":20},{"id":"e3daa99d-1f59-4821-8be8-de0a6b88b94c","status":"finished","accexp":20}]
actionId = "1235059"
replaced = [{"id":"6fe6a9fc-b321-44d1-ab00-7493f29ca2e9","status":"finished","accexp":15},{"id":"6fe6a9fc-b321-44d1-ab00-7493f29ca2e9","status":"finished","accexp":15},{"id":"6fe6a9fc-b321-44d1-ab00-7493f29ca2e9","status":"finished","accexp":5},{"id":"6fe6a9fc-b321-44d1-ab00-7493f29ca2e9","status":"finished","accexp":10},{"id":"6fe6a9fc-b321-44d1-ab00-7493f29ca2e9","status":"finished","accexp":20},{"id":"6fe6a9fc-b321-44d1-ab00-7493f29ca2e9","status":"finished","accexp":10}]
actionId = "991710"
replaced = [{"id":"7ac37b3a-970f-4d33-a674-6c4c7143d026","status":"finished","accexp":20},{"id":"7ac37b3a-970f-4d33-a674-6c4c7143d026","status":"finished","accexp":20},{"id":"7ac37b3a-970f-4d33-a674-6c4c7143d026","status":"finished","accexp":10},{"id":"7ac37b3a-970f-4d33-a674-6c4c7143d026","status":"finished","accexp":10},{"id":"7ac37b3a-970f-4d33-a674-6c4c7143d026","status":"finished","accexp":15},"ongoing"]
actionId = "629704"
replaced = [{"id":"7530de75-834e-421f-8df7-31401fd02601","status":"finished","accexp":20},{"id":"7530de75-834e-421f-8df7-31401fd02601","status":"finished","accexp":0},{"id":"7530de75-834e-421f-8df7-31401fd02601","status":"finished","accexp":10},{"id":"7530de75-834e-421f-8df7-31401fd02601","status":"finished","accexp":10},{"id":"7530de75-834e-421f-8df7-31401fd02601","status":"finished","accexp":20},"ongoing"]
actionId = "1772616"
replaced = [{"id":"405c2a70-51e8-4cb5-8f8d-7d05cb931404","status":"finished","accexp":15},{"id":"405c2a70-51e8-4cb5-8f8d-7d05cb931404","status":"finished","accexp":15},{"id":"405c2a70-51e8-4cb5-8f8d-7d05cb931404","status":"finished","accexp":10},{"id":"405c2a70-51e8-4cb5-8f8d-7d05cb931404","status":"finished","accexp":10},{"id":"405c2a70-51e8-4cb5-8f8d-7d05cb931404","status":"finished","accexp":15}]
actionId = "674165"
replaced = [{"id":"8ab7bcc6-ec6d-4c7c-8635-f6e32ca84176","status":"finished","accexp":15},{"id":"8ab7bcc6-ec6d-4c7c-8635-f6e32ca84176","status":"finished","accexp":15},{"id":"8ab7bcc6-ec6d-4c7c-8635-f6e32ca84176","status":"finished","accexp":15},{"id":"8ab7bcc6-ec6d-4c7c-8635-f6e32ca84176","status":"finished","accexp":10},{"id":"8ab7bcc6-ec6d-4c7c-8635-f6e32ca84176","status":"finished","accexp":20},{"id":"8ab7bcc6-ec6d-4c7c-8635-f6e32ca84176","status":"finished","accexp":20}]
actionId = "2044865"
replaced = [{"id":"8c3089e8-6801-4279-8f18-958692344c6d","status":"finished","accexp":15},{"id":"8c3089e8-6801-4279-8f18-958692344c6d","status":"finished","accexp":15},{"id":"8c3089e8-6801-4279-8f18-958692344c6d","status":"finished","accexp":5},{"id":"8c3089e8-6801-4279-8f18-958692344c6d","status":"finished","accexp":5},{"id":"8c3089e8-6801-4279-8f18-958692344c6d","status":"finished","accexp":20},"ongoing"]
actionId = "1166356"
replaced = [{"id":"4ba60965-8075-451f-a1d7-a45d0240518c","status":"finished","accexp":20},{"id":"4ba60965-8075-451f-a1d7-a45d0240518c","status":"finished","accexp":15},{"id":"4ba60965-8075-451f-a1d7-a45d0240518c","status":"finished","accexp":15},{"id":"4ba60965-8075-451f-a1d7-a45d0240518c","status":"finished","accexp":10},{"id":"4ba60965-8075-451f-a1d7-a45d0240518c","status":"finished","accexp":20},{"id":"4ba60965-8075-451f-a1d7-a45d0240518c","status":"finished","accexp":20}]
actionId = "849801"
replaced = [{"id":"8603fe28-68b5-408c-bf99-3dfc757a9fb1","status":"finished","accexp":15},{"id":"8603fe28-68b5-408c-bf99-3dfc757a9fb1","status":"finished","accexp":15},{"id":"8603fe28-68b5-408c-bf99-3dfc757a9fb1","status":"finished","accexp":5},{"id":"8603fe28-68b5-408c-bf99-3dfc757a9fb1","status":"finished","accexp":10},{"id":"8603fe28-68b5-408c-bf99-3dfc757a9fb1","status":"finished","accexp":20},"ongoing"]
actionId = "765587"
replaced = [{"id":"127876f7-bca5-44d0-9089-f8ca13fbb2a4","status":"finished","accexp":20},{"id":"127876f7-bca5-44d0-9089-f8ca13fbb2a4","status":"finished","accexp":15},{"id":"127876f7-bca5-44d0-9089-f8ca13fbb2a4","status":"finished","accexp":10},{"id":"127876f7-bca5-44d0-9089-f8ca13fbb2a4","status":"finished","accexp":10},{"id":"127876f7-bca5-44d0-9089-f8ca13fbb2a4","status":"finished","accexp":15},"ongoing"]
actionId = "1108852"
replaced = [{"id":"a13af5de-89a3-448b-b593-a28070446bf8","status":"finished","accexp":20},{"id":"a13af5de-89a3-448b-b593-a28070446bf8","status":"finished","accexp":15},{"id":"a13af5de-89a3-448b-b593-a28070446bf8","status":"finished","accexp":15},{"id":"a13af5de-89a3-448b-b593-a28070446bf8","status":"finished","accexp":10},{"id":"a13af5de-89a3-448b-b593-a28070446bf8","status":"finished","accexp":20},{"id":"a13af5de-89a3-448b-b593-a28070446bf8","status":"finished","accexp":20}]
actionId = "550940"
replaced = [{"id":"d91b3ede-604c-4385-8894-8ded6ea4c389","status":"finished","accexp":15},{"id":"d91b3ede-604c-4385-8894-8ded6ea4c389","status":"finished","accexp":10},{"id":"d91b3ede-604c-4385-8894-8ded6ea4c389","status":"finished","accexp":10},{"id":"d91b3ede-604c-4385-8894-8ded6ea4c389","status":"finished","accexp":10},{"id":"d91b3ede-604c-4385-8894-8ded6ea4c389","status":"finished","accexp":20}]
actionId = "708696"
replaced = [{"id":"8552970d-00ee-4f4a-a0d1-530755054b1d","status":"finished","accexp":20},{"id":"8552970d-00ee-4f4a-a0d1-530755054b1d","status":"finished","accexp":10},{"id":"8552970d-00ee-4f4a-a0d1-530755054b1d","status":"finished","accexp":20},{"id":"8552970d-00ee-4f4a-a0d1-530755054b1d","status":"finished","accexp":5},{"id":"8552970d-00ee-4f4a-a0d1-530755054b1d","status":"finished","accexp":15}]
actionId = "1096652"
replaced = [{"id":"2a616025-b06e-473c-a9a3-d0258448c8e4","status":"finished","accexp":20},{"id":"2a616025-b06e-473c-a9a3-d0258448c8e4","status":"finished","accexp":20},{"id":"2a616025-b06e-473c-a9a3-d0258448c8e4","status":"finished","accexp":15},{"id":"2a616025-b06e-473c-a9a3-d0258448c8e4","status":"finished","accexp":10},{"id":"2a616025-b06e-473c-a9a3-d0258448c8e4","status":"finished","accexp":20},{"id":"2a616025-b06e-473c-a9a3-d0258448c8e4","status":"finished","accexp":20}]
actionId = "1479490"
replaced = [{"id":"bf9c8c0c-0386-43f2-86fd-9395f3ac57f4","status":"finished","accexp":10},{"id":"bf9c8c0c-0386-43f2-86fd-9395f3ac57f4","status":"finished","accexp":15},{"id":"bf9c8c0c-0386-43f2-86fd-9395f3ac57f4","status":"finished","accexp":15},{"id":"bf9c8c0c-0386-43f2-86fd-9395f3ac57f4","status":"finished","accexp":10},{"id":"bf9c8c0c-0386-43f2-86fd-9395f3ac57f4","status":"finished","accexp":20},{"id":"bf9c8c0c-0386-43f2-86fd-9395f3ac57f4","status":"finished","accexp":10}]
actionId = "1328722"
replaced = [{"id":"4b477696-ab7a-4b60-8895-485f71dcc809","status":"finished","accexp":15},{"id":"4b477696-ab7a-4b60-8895-485f71dcc809","status":"finished","accexp":10},{"id":"4b477696-ab7a-4b60-8895-485f71dcc809","status":"finished","accexp":15},{"id":"4b477696-ab7a-4b60-8895-485f71dcc809","status":"finished","accexp":15},{"id":"4b477696-ab7a-4b60-8895-485f71dcc809","status":"finished","accexp":10},{"id":"4b477696-ab7a-4b60-8895-485f71dcc809","status":"finished","accexp":20},"ongoing"]
actionId = "681925"
replaced = [{"id":"a86299f0-e9fe-4bd9-97ae-f7429ad6c9e9","status":"finished","accexp":15},{"id":"a86299f0-e9fe-4bd9-97ae-f7429ad6c9e9","status":"finished","accexp":10},{"id":"a86299f0-e9fe-4bd9-97ae-f7429ad6c9e9","status":"finished","accexp":15},{"id":"a86299f0-e9fe-4bd9-97ae-f7429ad6c9e9","status":"finished","accexp":15},{"id":"a86299f0-e9fe-4bd9-97ae-f7429ad6c9e9","status":"finished","accexp":20}]
actionId = "1972592"
replaced = [{"id":"8e79116b-ea2b-4ff3-9f93-e68ef3f83099","status":"finished","accexp":15},{"id":"8e79116b-ea2b-4ff3-9f93-e68ef3f83099","status":"finished","accexp":15},{"id":"8e79116b-ea2b-4ff3-9f93-e68ef3f83099","status":"finished","accexp":0},{"id":"8e79116b-ea2b-4ff3-9f93-e68ef3f83099","status":"finished","accexp":10},{"id":"8e79116b-ea2b-4ff3-9f93-e68ef3f83099","status":"finished","accexp":15},{"id":"8e79116b-ea2b-4ff3-9f93-e68ef3f83099","status":"finished","accexp":10}]
actionId = "124260"
replaced = [{"id":"cef122df-cc38-46c8-bf8b-e58653d810f4","status":"finished","accexp":15},{"id":"cef122df-cc38-46c8-bf8b-e58653d810f4","status":"finished","accexp":15},{"id":"cef122df-cc38-46c8-bf8b-e58653d810f4","status":"finished","accexp":15},{"id":"cef122df-cc38-46c8-bf8b-e58653d810f4","status":"finished","accexp":10},{"id":"cef122df-cc38-46c8-bf8b-e58653d810f4","status":"finished","accexp":20},{"id":"cef122df-cc38-46c8-bf8b-e58653d810f4","status":"finished","accexp":10}]
actionId = "198066"
replaced = [{"id":"6c240844-dcfa-4968-913e-f77c3732209e","status":"finished","accexp":20},{"id":"6c240844-dcfa-4968-913e-f77c3732209e","status":"finished","accexp":10},{"id":"6c240844-dcfa-4968-913e-f77c3732209e","status":"finished","accexp":5},{"id":"6c240844-dcfa-4968-913e-f77c3732209e","status":"finished","accexp":10},{"id":"6c240844-dcfa-4968-913e-f77c3732209e","status":"finished","accexp":20},"ongoing"]
actionId = "1174401"
replaced = [{"id":"89dcad80-46e3-45ee-8cfd-cc361cfad641","status":"finished","accexp":10},{"id":"89dcad80-46e3-45ee-8cfd-cc361cfad641","status":"finished","accexp":15},{"id":"89dcad80-46e3-45ee-8cfd-cc361cfad641","status":"finished","accexp":0},{"id":"89dcad80-46e3-45ee-8cfd-cc361cfad641","status":"finished","accexp":10},{"id":"89dcad80-46e3-45ee-8cfd-cc361cfad641","status":"finished","accexp":25},{"id":"89dcad80-46e3-45ee-8cfd-cc361cfad641","status":"finished","accexp":20}]
actionId = "1012509"
replaced = [{"id":"d0e64171-6fb9-41ee-9edf-efbcd809ff0d","status":"finished","accexp":10},{"id":"d0e64171-6fb9-41ee-9edf-efbcd809ff0d","status":"finished","accexp":15},{"id":"d0e64171-6fb9-41ee-9edf-efbcd809ff0d","status":"finished","accexp":10},{"id":"d0e64171-6fb9-41ee-9edf-efbcd809ff0d","status":"finished","accexp":10},{"id":"d0e64171-6fb9-41ee-9edf-efbcd809ff0d","status":"finished","accexp":15}]
actionId = "1934697"
replaced = [{"id":"aa13d92a-cb4e-4f11-b907-d6bf97a5ec0a","status":"finished","accexp":5},{"id":"aa13d92a-cb4e-4f11-b907-d6bf97a5ec0a","status":"finished","accexp":10},{"id":"aa13d92a-cb4e-4f11-b907-d6bf97a5ec0a","status":"finished","accexp":10},{"id":"aa13d92a-cb4e-4f11-b907-d6bf97a5ec0a","status":"finished","accexp":10},{"id":"aa13d92a-cb4e-4f11-b907-d6bf97a5ec0a","status":"finished","accexp":20}]
actionId = "1780419"
replaced = [{"id":"815cb1ce-1be3-4509-81ef-aa7474b380c0","status":"finished","accexp":20},{"id":"815cb1ce-1be3-4509-81ef-aa7474b380c0","status":"finished","accexp":20},{"id":"815cb1ce-1be3-4509-81ef-aa7474b380c0","status":"finished","accexp":20},{"id":"815cb1ce-1be3-4509-81ef-aa7474b380c0","status":"finished","accexp":10},{"id":"815cb1ce-1be3-4509-81ef-aa7474b380c0","status":"finished","accexp":5},{"id":"815cb1ce-1be3-4509-81ef-aa7474b380c0","status":"finished","accexp":20},{"id":"815cb1ce-1be3-4509-81ef-aa7474b380c0","status":"finished","accexp":10}]
actionId = "1311973"
replaced = [{"id":"98ec6c75-2f05-4422-a511-2a316dace4cd","status":"finished","accexp":10},{"id":"98ec6c75-2f05-4422-a511-2a316dace4cd","status":"finished","accexp":15},{"id":"98ec6c75-2f05-4422-a511-2a316dace4cd","status":"finished","accexp":10},{"id":"98ec6c75-2f05-4422-a511-2a316dace4cd","status":"finished","accexp":10},{"id":"98ec6c75-2f05-4422-a511-2a316dace4cd","status":"finished","accexp":20},{"id":"98ec6c75-2f05-4422-a511-2a316dace4cd","status":"finished","accexp":20}]
actionId = "1815113"
replaced = [{"id":"3ac72a61-bba3-42c9-b4ab-bc5e21c037d5","status":"finished","accexp":15},{"id":"3ac72a61-bba3-42c9-b4ab-bc5e21c037d5","status":"finished","accexp":20},{"id":"3ac72a61-bba3-42c9-b4ab-bc5e21c037d5","status":"finished","accexp":5},{"id":"3ac72a61-bba3-42c9-b4ab-bc5e21c037d5","status":"finished","accexp":5},{"id":"3ac72a61-bba3-42c9-b4ab-bc5e21c037d5","status":"finished","accexp":15},{"id":"3ac72a61-bba3-42c9-b4ab-bc5e21c037d5","status":"finished","accexp":10}]
actionId = "1350553"
replaced = [{"id":"69158850-3ddc-431d-b2b4-3f03f0960a0f","status":"finished","accexp":15},{"id":"69158850-3ddc-431d-b2b4-3f03f0960a0f","status":"finished","accexp":15},{"id":"69158850-3ddc-431d-b2b4-3f03f0960a0f","status":"finished","accexp":15},{"id":"69158850-3ddc-431d-b2b4-3f03f0960a0f","status":"finished","accexp":10},{"id":"69158850-3ddc-431d-b2b4-3f03f0960a0f","status":"finished","accexp":20},{"id":"69158850-3ddc-431d-b2b4-3f03f0960a0f","status":"finished","accexp":20}]
actionId = "230433"
replaced = [{"id":"1c2b5451-8b67-4f8c-bd74-8e415511ae95","status":"finished","accexp":20},{"id":"1c2b5451-8b67-4f8c-bd74-8e415511ae95","status":"finished","accexp":10},{"id":"1c2b5451-8b67-4f8c-bd74-8e415511ae95","status":"finished","accexp":10},{"id":"1c2b5451-8b67-4f8c-bd74-8e415511ae95","status":"finished","accexp":5},{"id":"1c2b5451-8b67-4f8c-bd74-8e415511ae95","status":"finished","accexp":5},{"id":"1c2b5451-8b67-4f8c-bd74-8e415511ae95","status":"finished","accexp":15},{"id":"1c2b5451-8b67-4f8c-bd74-8e415511ae95","status":"finished","accexp":20}]
actionId = "780410"
replaced = [{"id":"2d15e3af-8f2b-46a1-ba69-5ccff308cdc5","status":"finished","accexp":10},{"id":"2d15e3af-8f2b-46a1-ba69-5ccff308cdc5","status":"finished","accexp":20},{"id":"2d15e3af-8f2b-46a1-ba69-5ccff308cdc5","status":"finished","accexp":15},{"id":"2d15e3af-8f2b-46a1-ba69-5ccff308cdc5","status":"finished","accexp":5},{"id":"2d15e3af-8f2b-46a1-ba69-5ccff308cdc5","status":"finished","accexp":10},"ongoing"]
actionId = "427336"
replaced = [{"id":"53e57fb4-e599-4cc4-922b-6164dd5b44a2","status":"finished","accexp":10},{"id":"53e57fb4-e599-4cc4-922b-6164dd5b44a2","status":"finished","accexp":10},{"id":"53e57fb4-e599-4cc4-922b-6164dd5b44a2","status":"finished","accexp":0},{"id":"53e57fb4-e599-4cc4-922b-6164dd5b44a2","status":"finished","accexp":10},{"id":"53e57fb4-e599-4cc4-922b-6164dd5b44a2","status":"finished","accexp":20},"ongoing"]
actionId = "621097"
replaced = [{"id":"036a1c86-2602-488f-85b0-ff48c1a60715","status":"finished","accexp":5},{"id":"036a1c86-2602-488f-85b0-ff48c1a60715","status":"finished","accexp":10},{"id":"036a1c86-2602-488f-85b0-ff48c1a60715","status":"finished","accexp":15},{"id":"036a1c86-2602-488f-85b0-ff48c1a60715","status":"finished","accexp":0},{"id":"036a1c86-2602-488f-85b0-ff48c1a60715","status":"finished","accexp":20},"ongoing"]
actionId = "1015235"
replaced = [{"id":"ce709a0b-3930-48ce-aa45-7b54e2753afe","status":"finished","accexp":20},{"id":"ce709a0b-3930-48ce-aa45-7b54e2753afe","status":"finished","accexp":10},{"id":"ce709a0b-3930-48ce-aa45-7b54e2753afe","status":"finished","accexp":20},{"id":"ce709a0b-3930-48ce-aa45-7b54e2753afe","status":"finished","accexp":10},{"id":"ce709a0b-3930-48ce-aa45-7b54e2753afe","status":"finished","accexp":20},{"id":"ce709a0b-3930-48ce-aa45-7b54e2753afe","status":"finished","accexp":10}]
actionId = "889804"
replaced = [{"id":"ba73fe5b-fcee-40a8-a3fa-0f21cda15a6b","status":"finished","accexp":15},{"id":"ba73fe5b-fcee-40a8-a3fa-0f21cda15a6b","status":"finished","accexp":20},{"id":"ba73fe5b-fcee-40a8-a3fa-0f21cda15a6b","status":"finished","accexp":10},{"id":"ba73fe5b-fcee-40a8-a3fa-0f21cda15a6b","status":"finished","accexp":5},{"id":"ba73fe5b-fcee-40a8-a3fa-0f21cda15a6b","status":"finished","accexp":25},"ongoing"]
actionId = "1943119"
replaced = [{"id":"b1c3b442-df43-4800-8164-d0d0359b05c4","status":"finished","accexp":15},{"id":"b1c3b442-df43-4800-8164-d0d0359b05c4","status":"finished","accexp":15},{"id":"b1c3b442-df43-4800-8164-d0d0359b05c4","status":"finished","accexp":5},{"id":"b1c3b442-df43-4800-8164-d0d0359b05c4","status":"finished","accexp":10},{"id":"b1c3b442-df43-4800-8164-d0d0359b05c4","status":"finished","accexp":15}]
actionId = "1098833"
replaced = [{"id":"12730518-3ff2-454e-bf03-2164910cdf4a","status":"finished","accexp":20},{"id":"12730518-3ff2-454e-bf03-2164910cdf4a","status":"finished","accexp":5},{"id":"12730518-3ff2-454e-bf03-2164910cdf4a","status":"finished","accexp":10},{"id":"12730518-3ff2-454e-bf03-2164910cdf4a","status":"finished","accexp":5},{"id":"12730518-3ff2-454e-bf03-2164910cdf4a","status":"finished","accexp":20}]
actionId = "1156886"
replaced = [{"id":"f77e8aa2-b49a-44b2-a212-841ca3040462","status":"finished","accexp":5},{"id":"f77e8aa2-b49a-44b2-a212-841ca3040462","status":"finished","accexp":15},{"id":"f77e8aa2-b49a-44b2-a212-841ca3040462","status":"finished","accexp":10},{"id":"f77e8aa2-b49a-44b2-a212-841ca3040462","status":"finished","accexp":20},{"id":"f77e8aa2-b49a-44b2-a212-841ca3040462","status":"finished","accexp":10},{"id":"f77e8aa2-b49a-44b2-a212-841ca3040462","status":"finished","accexp":15},{"id":"f77e8aa2-b49a-44b2-a212-841ca3040462","status":"finished","accexp":10}]
actionId = "1632387"
replaced = [{"id":"302d8362-24b9-4b17-bde1-f575f61a06d8","status":"finished","accexp":20},{"id":"302d8362-24b9-4b17-bde1-f575f61a06d8","status":"finished","accexp":15},{"id":"302d8362-24b9-4b17-bde1-f575f61a06d8","status":"finished","accexp":5},{"id":"302d8362-24b9-4b17-bde1-f575f61a06d8","status":"finished","accexp":5},{"id":"302d8362-24b9-4b17-bde1-f575f61a06d8","status":"finished","accexp":15},{"id":"302d8362-24b9-4b17-bde1-f575f61a06d8","status":"finished","accexp":20}]
actionId = "501261"
replaced = [{"id":"a24f7bf5-1443-40c2-bd53-f24c591510fe","status":"finished","accexp":5},{"id":"a24f7bf5-1443-40c2-bd53-f24c591510fe","status":"finished","accexp":20},{"id":"a24f7bf5-1443-40c2-bd53-f24c591510fe","status":"finished","accexp":5},{"id":"a24f7bf5-1443-40c2-bd53-f24c591510fe","status":"finished","accexp":15},{"id":"a24f7bf5-1443-40c2-bd53-f24c591510fe","status":"finished","accexp":25},{"id":"a24f7bf5-1443-40c2-bd53-f24c591510fe","status":"finished","accexp":20}]
actionId = "1606268"
replaced = [{"id":"c0f8ca3b-4c82-4142-8cd3-3255a211c812","status":"finished","accexp":20},{"id":"c0f8ca3b-4c82-4142-8cd3-3255a211c812","status":"finished","accexp":15},{"id":"c0f8ca3b-4c82-4142-8cd3-3255a211c812","status":"finished","accexp":5},{"id":"c0f8ca3b-4c82-4142-8cd3-3255a211c812","status":"finished","accexp":10},{"id":"c0f8ca3b-4c82-4142-8cd3-3255a211c812","status":"finished","accexp":20},{"id":"c0f8ca3b-4c82-4142-8cd3-3255a211c812","status":"finished","accexp":20}]
actionId = "1097922"
replaced = [{"id":"a8c7415f-0e02-4518-b1e2-6542007030b7","status":"finished","accexp":20},{"id":"a8c7415f-0e02-4518-b1e2-6542007030b7","status":"finished","accexp":20},{"id":"a8c7415f-0e02-4518-b1e2-6542007030b7","status":"finished","accexp":25},{"id":"a8c7415f-0e02-4518-b1e2-6542007030b7","status":"finished","accexp":10},{"id":"a8c7415f-0e02-4518-b1e2-6542007030b7","status":"finished","accexp":10},{"id":"a8c7415f-0e02-4518-b1e2-6542007030b7","status":"finished","accexp":15},{"id":"a8c7415f-0e02-4518-b1e2-6542007030b7","status":"finished","accexp":20}]
actionId = "524889"
replaced = [{"id":"d34445b4-2a8c-4a27-8aec-94070dde9bce","status":"finished","accexp":20},{"id":"d34445b4-2a8c-4a27-8aec-94070dde9bce","status":"finished","accexp":15},{"id":"d34445b4-2a8c-4a27-8aec-94070dde9bce","status":"finished","accexp":10},{"id":"d34445b4-2a8c-4a27-8aec-94070dde9bce","status":"finished","accexp":10},{"id":"d34445b4-2a8c-4a27-8aec-94070dde9bce","status":"finished","accexp":15},"ongoing"]
actionId = "2017851"
replaced = [{"id":"a36e0fee-e6de-4979-80f6-1addf8702d02","status":"finished","accexp":10},{"id":"a36e0fee-e6de-4979-80f6-1addf8702d02","status":"finished","accexp":20},{"id":"a36e0fee-e6de-4979-80f6-1addf8702d02","status":"finished","accexp":5},{"id":"a36e0fee-e6de-4979-80f6-1addf8702d02","status":"finished","accexp":10},{"id":"a36e0fee-e6de-4979-80f6-1addf8702d02","status":"finished","accexp":20},"ongoing"]
actionId = "965296"
replaced = [{"id":"0c23ebb8-bd4c-45dc-bc28-2d4e38b30f77","status":"finished","accexp":15},{"id":"0c23ebb8-bd4c-45dc-bc28-2d4e38b30f77","status":"finished","accexp":5},{"id":"0c23ebb8-bd4c-45dc-bc28-2d4e38b30f77","status":"finished","accexp":15},{"id":"0c23ebb8-bd4c-45dc-bc28-2d4e38b30f77","status":"finished","accexp":5},{"id":"0c23ebb8-bd4c-45dc-bc28-2d4e38b30f77","status":"finished","accexp":20},"ongoing"]
actionId = "2057228"
replaced = [{"id":"8afcc209-6a45-4e0f-91f8-baf528553755","status":"finished","accexp":15},{"id":"8afcc209-6a45-4e0f-91f8-baf528553755","status":"finished","accexp":15},{"id":"8afcc209-6a45-4e0f-91f8-baf528553755","status":"finished","accexp":15},{"id":"8afcc209-6a45-4e0f-91f8-baf528553755","status":"finished","accexp":5},{"id":"8afcc209-6a45-4e0f-91f8-baf528553755","status":"finished","accexp":15},"ongoing"]
actionId = "1088828"
replaced = [{"id":"77904fd4-23ec-4f98-86cd-a65fef3eef11","status":"finished","accexp":15},{"id":"77904fd4-23ec-4f98-86cd-a65fef3eef11","status":"finished","accexp":10},{"id":"77904fd4-23ec-4f98-86cd-a65fef3eef11","status":"finished","accexp":10},{"id":"77904fd4-23ec-4f98-86cd-a65fef3eef11","status":"finished","accexp":10},{"id":"77904fd4-23ec-4f98-86cd-a65fef3eef11","status":"finished","accexp":15}]
actionId = "1206824"
replaced = [{"id":"49753920-2b4d-4013-a2ac-76f046b13300","status":"finished","accexp":20},{"id":"49753920-2b4d-4013-a2ac-76f046b13300","status":"finished","accexp":10},{"id":"49753920-2b4d-4013-a2ac-76f046b13300","status":"finished","accexp":5},{"id":"49753920-2b4d-4013-a2ac-76f046b13300","status":"finished","accexp":10},{"id":"49753920-2b4d-4013-a2ac-76f046b13300","status":"finished","accexp":20},"ongoing"]
actionId = "1665193"
replaced = [{"id":"7f88924a-f42d-48bf-88bb-ed478c7ab5ff","status":"finished","accexp":20},{"id":"7f88924a-f42d-48bf-88bb-ed478c7ab5ff","status":"finished","accexp":10},{"id":"7f88924a-f42d-48bf-88bb-ed478c7ab5ff","status":"finished","accexp":15},{"id":"7f88924a-f42d-48bf-88bb-ed478c7ab5ff","status":"finished","accexp":0},{"id":"7f88924a-f42d-48bf-88bb-ed478c7ab5ff","status":"finished","accexp":15},"ongoing"]
actionId = "1468268"
replaced = [{"id":"e1f14116-7abd-4138-a903-874d2753c80b","status":"finished","accexp":20},{"id":"e1f14116-7abd-4138-a903-874d2753c80b","status":"finished","accexp":15},{"id":"e1f14116-7abd-4138-a903-874d2753c80b","status":"finished","accexp":5},{"id":"e1f14116-7abd-4138-a903-874d2753c80b","status":"finished","accexp":5},{"id":"e1f14116-7abd-4138-a903-874d2753c80b","status":"finished","accexp":20},{"id":"e1f14116-7abd-4138-a903-874d2753c80b","status":"finished","accexp":10}]
actionId = "1151538"
replaced = [{"id":"a15e5d43-e4a2-416c-9fd9-9abb8b422e31","status":"finished","accexp":5},{"id":"a15e5d43-e4a2-416c-9fd9-9abb8b422e31","status":"finished","accexp":15},{"id":"a15e5d43-e4a2-416c-9fd9-9abb8b422e31","status":"finished","accexp":10},{"id":"a15e5d43-e4a2-416c-9fd9-9abb8b422e31","status":"finished","accexp":0},{"id":"a15e5d43-e4a2-416c-9fd9-9abb8b422e31","status":"finished","accexp":25}]
actionId = "1170389"
replaced = [{"id":"59af64b0-a366-49e4-8308-36cd3658ffed","status":"finished","accexp":20},{"id":"59af64b0-a366-49e4-8308-36cd3658ffed","status":"finished","accexp":15},{"id":"59af64b0-a366-49e4-8308-36cd3658ffed","status":"finished","accexp":20},{"id":"59af64b0-a366-49e4-8308-36cd3658ffed","status":"finished","accexp":10},{"id":"59af64b0-a366-49e4-8308-36cd3658ffed","status":"finished","accexp":15},"ongoing"]
actionId = "1552528"
replaced = [{"id":"0b0f3eb3-37bf-4268-886c-d2fbb0c35b8f","status":"finished","accexp":15},{"id":"0b0f3eb3-37bf-4268-886c-d2fbb0c35b8f","status":"finished","accexp":15},{"id":"0b0f3eb3-37bf-4268-886c-d2fbb0c35b8f","status":"finished","accexp":20},{"id":"0b0f3eb3-37bf-4268-886c-d2fbb0c35b8f","status":"finished","accexp":10},{"id":"0b0f3eb3-37bf-4268-886c-d2fbb0c35b8f","status":"finished","accexp":20},"ongoing"]
actionId = "1552142"
replaced = [{"id":"062c4528-cf3c-48f2-a52c-5c7efceabf5e","status":"finished","accexp":20},{"id":"062c4528-cf3c-48f2-a52c-5c7efceabf5e","status":"finished","accexp":20},{"id":"062c4528-cf3c-48f2-a52c-5c7efceabf5e","status":"finished","accexp":5},{"id":"062c4528-cf3c-48f2-a52c-5c7efceabf5e","status":"finished","accexp":10},{"id":"062c4528-cf3c-48f2-a52c-5c7efceabf5e","status":"finished","accexp":15}]
actionId = "1694640"
replaced = [{"id":"f4e9a74a-a878-423a-a653-03626849f513","status":"finished","accexp":5},{"id":"f4e9a74a-a878-423a-a653-03626849f513","status":"finished","accexp":20},{"id":"f4e9a74a-a878-423a-a653-03626849f513","status":"finished","accexp":5},{"id":"f4e9a74a-a878-423a-a653-03626849f513","status":"finished","accexp":10},{"id":"f4e9a74a-a878-423a-a653-03626849f513","status":"finished","accexp":15},{"id":"f4e9a74a-a878-423a-a653-03626849f513","status":"finished","accexp":20}]
actionId = "1790260"
replaced = [{"id":"b2463d3f-a93b-49d6-9b00-12574ef1a15e","status":"finished","accexp":15},{"id":"b2463d3f-a93b-49d6-9b00-12574ef1a15e","status":"finished","accexp":10},{"id":"b2463d3f-a93b-49d6-9b00-12574ef1a15e","status":"finished","accexp":0},{"id":"b2463d3f-a93b-49d6-9b00-12574ef1a15e","status":"finished","accexp":10},{"id":"b2463d3f-a93b-49d6-9b00-12574ef1a15e","status":"finished","accexp":20}]
actionId = "1869156"
replaced = [{"id":"51c8f4d4-fd97-4b32-af6a-02f9d4b2ae69","status":"finished","accexp":5},{"id":"51c8f4d4-fd97-4b32-af6a-02f9d4b2ae69","status":"finished","accexp":5},{"id":"51c8f4d4-fd97-4b32-af6a-02f9d4b2ae69","status":"finished","accexp":10},{"id":"51c8f4d4-fd97-4b32-af6a-02f9d4b2ae69","status":"finished","accexp":10},{"id":"51c8f4d4-fd97-4b32-af6a-02f9d4b2ae69","status":"finished","accexp":15},{"id":"51c8f4d4-fd97-4b32-af6a-02f9d4b2ae69","status":"finished","accexp":10}]
actionId = "550574"
replaced = [{"id":"e1aadd1c-c54b-4b62-a835-40d2a681e8b2","status":"finished","accexp":5},{"id":"e1aadd1c-c54b-4b62-a835-40d2a681e8b2","status":"finished","accexp":20},{"id":"e1aadd1c-c54b-4b62-a835-40d2a681e8b2","status":"finished","accexp":0},{"id":"e1aadd1c-c54b-4b62-a835-40d2a681e8b2","status":"finished","accexp":10},{"id":"e1aadd1c-c54b-4b62-a835-40d2a681e8b2","status":"finished","accexp":20},"ongoing"]
actionId = "591608"
replaced = [{"id":"99ea62f5-5727-4df5-a4c6-e8356c44f6a3","status":"finished","accexp":15},{"id":"99ea62f5-5727-4df5-a4c6-e8356c44f6a3","status":"finished","accexp":20},{"id":"99ea62f5-5727-4df5-a4c6-e8356c44f6a3","status":"finished","accexp":5},{"id":"99ea62f5-5727-4df5-a4c6-e8356c44f6a3","status":"finished","accexp":10},{"id":"99ea62f5-5727-4df5-a4c6-e8356c44f6a3","status":"finished","accexp":20},"ongoing"]
actionId = "1446902"
replaced = [{"id":"a4304094-a07b-403e-a3b9-e81db847149e","status":"finished","accexp":20},{"id":"a4304094-a07b-403e-a3b9-e81db847149e","status":"finished","accexp":15},{"id":"a4304094-a07b-403e-a3b9-e81db847149e","status":"finished","accexp":5},{"id":"a4304094-a07b-403e-a3b9-e81db847149e","status":"finished","accexp":10},{"id":"a4304094-a07b-403e-a3b9-e81db847149e","status":"finished","accexp":20},"ongoing"]
actionId = "271972"
replaced = [{"id":"0a904487-7b8e-4a75-8bc0-2c843c3aa295","status":"finished","accexp":20},{"id":"0a904487-7b8e-4a75-8bc0-2c843c3aa295","status":"finished","accexp":15},{"id":"0a904487-7b8e-4a75-8bc0-2c843c3aa295","status":"finished","accexp":20},{"id":"0a904487-7b8e-4a75-8bc0-2c843c3aa295","status":"finished","accexp":10},{"id":"0a904487-7b8e-4a75-8bc0-2c843c3aa295","status":"finished","accexp":15},"ongoing"]
actionId = "1676393"
replaced = [{"id":"94ab8e32-1faf-43b6-835b-864dcd4e3dbc","status":"finished","accexp":5},{"id":"94ab8e32-1faf-43b6-835b-864dcd4e3dbc","status":"finished","accexp":10},{"id":"94ab8e32-1faf-43b6-835b-864dcd4e3dbc","status":"finished","accexp":10},{"id":"94ab8e32-1faf-43b6-835b-864dcd4e3dbc","status":"finished","accexp":10},{"id":"94ab8e32-1faf-43b6-835b-864dcd4e3dbc","status":"finished","accexp":15},"ongoing"]
actionId = "1682129"
replaced = [{"id":"5e5f3d2b-655b-4ff4-9ba5-7cc010cc5d7a","status":"finished","accexp":15},{"id":"5e5f3d2b-655b-4ff4-9ba5-7cc010cc5d7a","status":"finished","accexp":10},{"id":"5e5f3d2b-655b-4ff4-9ba5-7cc010cc5d7a","status":"finished","accexp":15},{"id":"5e5f3d2b-655b-4ff4-9ba5-7cc010cc5d7a","status":"finished","accexp":10},{"id":"5e5f3d2b-655b-4ff4-9ba5-7cc010cc5d7a","status":"finished","accexp":20},"ongoing"]
actionId = "88877"
replaced = [{"id":"6cddffdb-e8db-464b-8230-6236b18cd3b3","status":"finished","accexp":20},{"id":"6cddffdb-e8db-464b-8230-6236b18cd3b3","status":"finished","accexp":15},{"id":"6cddffdb-e8db-464b-8230-6236b18cd3b3","status":"finished","accexp":10},{"id":"6cddffdb-e8db-464b-8230-6236b18cd3b3","status":"finished","accexp":5},{"id":"6cddffdb-e8db-464b-8230-6236b18cd3b3","status":"finished","accexp":20},{"id":"6cddffdb-e8db-464b-8230-6236b18cd3b3","status":"finished","accexp":20}]
actionId = "1715084"
replaced = [{"id":"967e5337-ec97-40f8-bad7-a3374930f7ee","status":"finished","accexp":15},{"id":"967e5337-ec97-40f8-bad7-a3374930f7ee","status":"finished","accexp":15},{"id":"967e5337-ec97-40f8-bad7-a3374930f7ee","status":"finished","accexp":0},{"id":"967e5337-ec97-40f8-bad7-a3374930f7ee","status":"finished","accexp":10},{"id":"967e5337-ec97-40f8-bad7-a3374930f7ee","status":"finished","accexp":20},{"id":"967e5337-ec97-40f8-bad7-a3374930f7ee","status":"finished","accexp":20}]
actionId = "748956"
replaced = [{"id":"ba2a1d4b-f08e-40c6-8e05-7170a9bf39b6","status":"finished","accexp":20},{"id":"ba2a1d4b-f08e-40c6-8e05-7170a9bf39b6","status":"finished","accexp":5},{"id":"ba2a1d4b-f08e-40c6-8e05-7170a9bf39b6","status":"finished","accexp":10},{"id":"ba2a1d4b-f08e-40c6-8e05-7170a9bf39b6","status":"finished","accexp":10},{"id":"ba2a1d4b-f08e-40c6-8e05-7170a9bf39b6","status":"finished","accexp":20},{"id":"ba2a1d4b-f08e-40c6-8e05-7170a9bf39b6","status":"finished","accexp":10}]
actionId = "172985"
replaced = [{"id":"c0d735e1-b86e-4472-985c-8f378da5c8f1","status":"finished","accexp":15},{"id":"c0d735e1-b86e-4472-985c-8f378da5c8f1","status":"finished","accexp":15},{"id":"c0d735e1-b86e-4472-985c-8f378da5c8f1","status":"finished","accexp":10},{"id":"c0d735e1-b86e-4472-985c-8f378da5c8f1","status":"finished","accexp":15},{"id":"c0d735e1-b86e-4472-985c-8f378da5c8f1","status":"finished","accexp":15},{"id":"c0d735e1-b86e-4472-985c-8f378da5c8f1","status":"finished","accexp":20}]
actionId = "1912218"
replaced = [{"id":"8e70e852-4901-443b-ad59-49c2f06284bc","status":"finished","accexp":10},{"id":"8e70e852-4901-443b-ad59-49c2f06284bc","status":"finished","accexp":20},{"id":"8e70e852-4901-443b-ad59-49c2f06284bc","status":"finished","accexp":15},{"id":"8e70e852-4901-443b-ad59-49c2f06284bc","status":"finished","accexp":10},{"id":"8e70e852-4901-443b-ad59-49c2f06284bc","status":"finished","accexp":20}]
actionId = "1678691"
replaced = [{"id":"7509cdc0-236f-4179-841d-cdda2fcec78d","status":"finished","accexp":10},{"id":"7509cdc0-236f-4179-841d-cdda2fcec78d","status":"finished","accexp":15},{"id":"7509cdc0-236f-4179-841d-cdda2fcec78d","status":"finished","accexp":25},{"id":"7509cdc0-236f-4179-841d-cdda2fcec78d","status":"finished","accexp":10},{"id":"7509cdc0-236f-4179-841d-cdda2fcec78d","status":"finished","accexp":20}]
actionId = "825107"
replaced = [{"id":"900461ec-5971-4b82-8b1e-76685d4c9278","status":"finished","accexp":5},{"id":"900461ec-5971-4b82-8b1e-76685d4c9278","status":"finished","accexp":20},{"id":"900461ec-5971-4b82-8b1e-76685d4c9278","status":"finished","accexp":15},{"id":"900461ec-5971-4b82-8b1e-76685d4c9278","status":"finished","accexp":10},{"id":"900461ec-5971-4b82-8b1e-76685d4c9278","status":"finished","accexp":20},{"id":"900461ec-5971-4b82-8b1e-76685d4c9278","status":"finished","accexp":20}]
actionId = "17654"
replaced = [{"id":"80d655ee-1f6f-4931-9b06-45c822742e98","status":"finished","accexp":5},{"id":"80d655ee-1f6f-4931-9b06-45c822742e98","status":"finished","accexp":10},{"id":"80d655ee-1f6f-4931-9b06-45c822742e98","status":"finished","accexp":15},{"id":"80d655ee-1f6f-4931-9b06-45c822742e98","status":"finished","accexp":10},{"id":"80d655ee-1f6f-4931-9b06-45c822742e98","status":"finished","accexp":20},"ongoing"]
actionId = "350244"
replaced = [{"id":"07981897-e823-4c39-8c52-7416f34f8806","status":"finished","accexp":5},{"id":"07981897-e823-4c39-8c52-7416f34f8806","status":"finished","accexp":5},{"id":"07981897-e823-4c39-8c52-7416f34f8806","status":"finished","accexp":15},{"id":"07981897-e823-4c39-8c52-7416f34f8806","status":"finished","accexp":10},{"id":"07981897-e823-4c39-8c52-7416f34f8806","status":"finished","accexp":0},{"id":"07981897-e823-4c39-8c52-7416f34f8806","status":"finished","accexp":15},"ongoing"]
actionId = "1127461"
replaced = [{"id":"aa1f1c50-e11e-48c6-b698-55e565c7840d","status":"finished","accexp":15},{"id":"aa1f1c50-e11e-48c6-b698-55e565c7840d","status":"finished","accexp":15},{"id":"aa1f1c50-e11e-48c6-b698-55e565c7840d","status":"finished","accexp":5},{"id":"aa1f1c50-e11e-48c6-b698-55e565c7840d","status":"finished","accexp":10},{"id":"aa1f1c50-e11e-48c6-b698-55e565c7840d","status":"finished","accexp":5},{"id":"aa1f1c50-e11e-48c6-b698-55e565c7840d","status":"finished","accexp":20}]
actionId = "1621557"
replaced = [{"id":"ae20e4ba-539c-4362-9d0e-89b8d6361ddb","status":"finished","accexp":15},{"id":"ae20e4ba-539c-4362-9d0e-89b8d6361ddb","status":"finished","accexp":15},{"id":"ae20e4ba-539c-4362-9d0e-89b8d6361ddb","status":"finished","accexp":15},{"id":"ae20e4ba-539c-4362-9d0e-89b8d6361ddb","status":"finished","accexp":10},{"id":"ae20e4ba-539c-4362-9d0e-89b8d6361ddb","status":"finished","accexp":20},{"id":"ae20e4ba-539c-4362-9d0e-89b8d6361ddb","status":"finished","accexp":20}]
actionId = "1947583"
replaced = [{"id":"d3208c90-fd40-49b9-9e0c-5a3f9a74a62d","status":"finished","accexp":20},{"id":"d3208c90-fd40-49b9-9e0c-5a3f9a74a62d","status":"finished","accexp":15},{"id":"d3208c90-fd40-49b9-9e0c-5a3f9a74a62d","status":"finished","accexp":10},{"id":"d3208c90-fd40-49b9-9e0c-5a3f9a74a62d","status":"finished","accexp":5},{"id":"d3208c90-fd40-49b9-9e0c-5a3f9a74a62d","status":"finished","accexp":20},"ongoing"]
actionId = "2081065"
replaced = [{"id":"3d216f74-49ac-4a44-b492-ddac21399204","status":"finished","accexp":10},{"id":"3d216f74-49ac-4a44-b492-ddac21399204","status":"finished","accexp":15},{"id":"3d216f74-49ac-4a44-b492-ddac21399204","status":"finished","accexp":10},{"id":"3d216f74-49ac-4a44-b492-ddac21399204","status":"finished","accexp":5},{"id":"3d216f74-49ac-4a44-b492-ddac21399204","status":"finished","accexp":15},{"id":"3d216f74-49ac-4a44-b492-ddac21399204","status":"finished","accexp":10}]
actionId = "105671"
replaced = [{"id":"bb42819b-729e-41ff-ac7b-41e15c947816","status":"finished","accexp":15},{"id":"bb42819b-729e-41ff-ac7b-41e15c947816","status":"finished","accexp":20},{"id":"bb42819b-729e-41ff-ac7b-41e15c947816","status":"finished","accexp":5},{"id":"bb42819b-729e-41ff-ac7b-41e15c947816","status":"finished","accexp":10},{"id":"bb42819b-729e-41ff-ac7b-41e15c947816","status":"finished","accexp":15}]
actionId = "851733"
replaced = [{"id":"3d38ce82-faca-4fb3-bf45-418bf3fc2e38","status":"finished","accexp":10},{"id":"3d38ce82-faca-4fb3-bf45-418bf3fc2e38","status":"finished","accexp":5},{"id":"3d38ce82-faca-4fb3-bf45-418bf3fc2e38","status":"finished","accexp":10},{"id":"3d38ce82-faca-4fb3-bf45-418bf3fc2e38","status":"finished","accexp":0},{"id":"3d38ce82-faca-4fb3-bf45-418bf3fc2e38","status":"finished","accexp":25},"ongoing"]
actionId = "130038"
replaced = [{"id":"24d0445d-53b2-4a08-b4e1-7c18c262709b","status":"finished","accexp":20},{"id":"24d0445d-53b2-4a08-b4e1-7c18c262709b","status":"finished","accexp":15},{"id":"24d0445d-53b2-4a08-b4e1-7c18c262709b","status":"finished","accexp":15},{"id":"24d0445d-53b2-4a08-b4e1-7c18c262709b","status":"finished","accexp":10},{"id":"24d0445d-53b2-4a08-b4e1-7c18c262709b","status":"finished","accexp":15},{"id":"24d0445d-53b2-4a08-b4e1-7c18c262709b","status":"finished","accexp":20}]
actionId = "1250501"
replaced = [{"id":"aa381517-7744-48f6-9302-8da9c300fe58","status":"finished","accexp":5},{"id":"aa381517-7744-48f6-9302-8da9c300fe58","status":"finished","accexp":15},{"id":"aa381517-7744-48f6-9302-8da9c300fe58","status":"finished","accexp":5},{"id":"aa381517-7744-48f6-9302-8da9c300fe58","status":"finished","accexp":10},{"id":"aa381517-7744-48f6-9302-8da9c300fe58","status":"finished","accexp":10},"ongoing"]
actionId = "1404051"
replaced = [{"id":"bf47b773-ac0d-4334-9e0f-ec4db20e9b52","status":"finished","accexp":10},{"id":"bf47b773-ac0d-4334-9e0f-ec4db20e9b52","status":"finished","accexp":5},{"id":"bf47b773-ac0d-4334-9e0f-ec4db20e9b52","status":"finished","accexp":5},{"id":"bf47b773-ac0d-4334-9e0f-ec4db20e9b52","status":"finished","accexp":10},{"id":"bf47b773-ac0d-4334-9e0f-ec4db20e9b52","status":"finished","accexp":10},{"id":"bf47b773-ac0d-4334-9e0f-ec4db20e9b52","status":"finished","accexp":20},"ongoing"]
actionId = "1064536"
replaced = [{"id":"bb8cd193-64f2-422d-a798-5a79fa8313d4","status":"finished","accexp":10},{"id":"bb8cd193-64f2-422d-a798-5a79fa8313d4","status":"finished","accexp":15},{"id":"bb8cd193-64f2-422d-a798-5a79fa8313d4","status":"finished","accexp":5},{"id":"bb8cd193-64f2-422d-a798-5a79fa8313d4","status":"finished","accexp":10},{"id":"bb8cd193-64f2-422d-a798-5a79fa8313d4","status":"finished","accexp":20},"ongoing"]
actionId = "1582967"
replaced = [{"id":"396a639b-6806-41cd-a639-4070063430b4","status":"finished","accexp":20},{"id":"396a639b-6806-41cd-a639-4070063430b4","status":"finished","accexp":15},{"id":"396a639b-6806-41cd-a639-4070063430b4","status":"finished","accexp":20},{"id":"396a639b-6806-41cd-a639-4070063430b4","status":"finished","accexp":10},{"id":"396a639b-6806-41cd-a639-4070063430b4","status":"finished","accexp":15},{"id":"396a639b-6806-41cd-a639-4070063430b4","status":"finished","accexp":20}]
actionId = "1278354"
replaced = [{"id":"13f8b828-44c2-4377-89a2-d7f18c95d738","status":"finished","accexp":15},{"id":"13f8b828-44c2-4377-89a2-d7f18c95d738","status":"finished","accexp":15},{"id":"13f8b828-44c2-4377-89a2-d7f18c95d738","status":"finished","accexp":10},{"id":"13f8b828-44c2-4377-89a2-d7f18c95d738","status":"finished","accexp":10},{"id":"13f8b828-44c2-4377-89a2-d7f18c95d738","status":"finished","accexp":20}]
actionId = "751428"
replaced = [{"id":"9be1e7ca-2d23-480c-8ae1-2279aa541c84","status":"finished","accexp":20},{"id":"9be1e7ca-2d23-480c-8ae1-2279aa541c84","status":"finished","accexp":15},{"id":"9be1e7ca-2d23-480c-8ae1-2279aa541c84","status":"finished","accexp":0},{"id":"9be1e7ca-2d23-480c-8ae1-2279aa541c84","status":"finished","accexp":10},{"id":"9be1e7ca-2d23-480c-8ae1-2279aa541c84","status":"finished","accexp":20},{"id":"9be1e7ca-2d23-480c-8ae1-2279aa541c84","status":"finished","accexp":20}]
actionId = "1300859"
replaced = [{"id":"31caee5a-2668-453b-a467-2bf570aae6f4","status":"finished","accexp":15},{"id":"31caee5a-2668-453b-a467-2bf570aae6f4","status":"finished","accexp":0},{"id":"31caee5a-2668-453b-a467-2bf570aae6f4","status":"finished","accexp":25},"ongoing",{"id":"31caee5a-2668-453b-a467-2bf570aae6f4","status":"pending","accexp":0}]
actionId = "124245"
replaced = [{"id":"e9b88b0e-8f99-4f70-9b77-00a239bfeb62","status":"finished","accexp":20},{"id":"e9b88b0e-8f99-4f70-9b77-00a239bfeb62","status":"finished","accexp":15},{"id":"e9b88b0e-8f99-4f70-9b77-00a239bfeb62","status":"finished","accexp":10},{"id":"e9b88b0e-8f99-4f70-9b77-00a239bfeb62","status":"finished","accexp":15},{"id":"e9b88b0e-8f99-4f70-9b77-00a239bfeb62","status":"finished","accexp":20},{"id":"e9b88b0e-8f99-4f70-9b77-00a239bfeb62","status":"finished","accexp":20}]
actionId = "1329915"
replaced = [{"id":"c89cd65a-514b-4b30-8bfc-04d4150b61f3","status":"finished","accexp":20},{"id":"c89cd65a-514b-4b30-8bfc-04d4150b61f3","status":"finished","accexp":15},{"id":"c89cd65a-514b-4b30-8bfc-04d4150b61f3","status":"finished","accexp":15},{"id":"c89cd65a-514b-4b30-8bfc-04d4150b61f3","status":"finished","accexp":15},{"id":"c89cd65a-514b-4b30-8bfc-04d4150b61f3","status":"finished","accexp":20}]
actionId = "236104"
replaced = [{"id":"d015d440-3252-422a-b717-643061222a01","status":"finished","accexp":10},{"id":"d015d440-3252-422a-b717-643061222a01","status":"finished","accexp":5},{"id":"d015d440-3252-422a-b717-643061222a01","status":"finished","accexp":5},{"id":"d015d440-3252-422a-b717-643061222a01","status":"finished","accexp":25},{"id":"d015d440-3252-422a-b717-643061222a01","status":"ongoing","accexp":0},{"id":"d015d440-3252-422a-b717-643061222a01","status":"pending","accexp":0}]
actionId = "1021889"
replaced = [{"id":"4a6afef9-7e15-4ff5-80fe-1af1d28ce02c","status":"finished","accexp":20},{"id":"4a6afef9-7e15-4ff5-80fe-1af1d28ce02c","status":"finished","accexp":15},{"id":"4a6afef9-7e15-4ff5-80fe-1af1d28ce02c","status":"finished","accexp":20},{"id":"4a6afef9-7e15-4ff5-80fe-1af1d28ce02c","status":"finished","accexp":10},{"id":"4a6afef9-7e15-4ff5-80fe-1af1d28ce02c","status":"finished","accexp":20},{"id":"4a6afef9-7e15-4ff5-80fe-1af1d28ce02c","status":"finished","accexp":10}]
actionId = "1016387"
replaced = [{"id":"cfe183ed-ebaa-4e8d-b838-6cd96fe8669d","status":"finished","accexp":15},{"id":"cfe183ed-ebaa-4e8d-b838-6cd96fe8669d","status":"finished","accexp":10},{"id":"cfe183ed-ebaa-4e8d-b838-6cd96fe8669d","status":"finished","accexp":5},{"id":"cfe183ed-ebaa-4e8d-b838-6cd96fe8669d","status":"finished","accexp":10},{"id":"cfe183ed-ebaa-4e8d-b838-6cd96fe8669d","status":"finished","accexp":20},{"id":"cfe183ed-ebaa-4e8d-b838-6cd96fe8669d","status":"finished","accexp":10},"ongoing"]
actionId = "181931"
replaced = [{"id":"d7604bec-4946-41e7-b41c-9ef3faf0f94f","status":"finished","accexp":15},{"id":"d7604bec-4946-41e7-b41c-9ef3faf0f94f","status":"finished","accexp":15},{"id":"d7604bec-4946-41e7-b41c-9ef3faf0f94f","status":"finished","accexp":10},{"id":"d7604bec-4946-41e7-b41c-9ef3faf0f94f","status":"finished","accexp":5},{"id":"d7604bec-4946-41e7-b41c-9ef3faf0f94f","status":"finished","accexp":10},"ongoing"]
actionId = "2123874"
replaced = [{"id":"ce299e86-0836-4742-a68e-41bea05b1270","status":"finished","accexp":15},{"id":"ce299e86-0836-4742-a68e-41bea05b1270","status":"finished","accexp":15},{"id":"ce299e86-0836-4742-a68e-41bea05b1270","status":"finished","accexp":0},{"id":"ce299e86-0836-4742-a68e-41bea05b1270","status":"finished","accexp":10},{"id":"ce299e86-0836-4742-a68e-41bea05b1270","status":"finished","accexp":25}]
actionId = "1046087"
replaced = [{"id":"a4be382e-4556-45ba-9bc0-304f04018a78","status":"finished","accexp":20},{"id":"a4be382e-4556-45ba-9bc0-304f04018a78","status":"finished","accexp":15},{"id":"a4be382e-4556-45ba-9bc0-304f04018a78","status":"finished","accexp":5},{"id":"a4be382e-4556-45ba-9bc0-304f04018a78","status":"finished","accexp":10},{"id":"a4be382e-4556-45ba-9bc0-304f04018a78","status":"finished","accexp":20},"ongoing"]
actionId = "1159541"
replaced = [{"id":"e70b02c0-ec87-4f44-8a70-64db3b8051b1","status":"finished","accexp":10},{"id":"e70b02c0-ec87-4f44-8a70-64db3b8051b1","status":"finished","accexp":15},{"id":"e70b02c0-ec87-4f44-8a70-64db3b8051b1","status":"finished","accexp":5},{"id":"e70b02c0-ec87-4f44-8a70-64db3b8051b1","status":"finished","accexp":10},{"id":"e70b02c0-ec87-4f44-8a70-64db3b8051b1","status":"finished","accexp":20},{"id":"e70b02c0-ec87-4f44-8a70-64db3b8051b1","status":"finished","accexp":20}]
actionId = "985608"
replaced = [{"id":"7b4e8d11-732b-4f4f-b52a-a0d69fc2ba41","status":"finished","accexp":10},{"id":"7b4e8d11-732b-4f4f-b52a-a0d69fc2ba41","status":"finished","accexp":15},{"id":"7b4e8d11-732b-4f4f-b52a-a0d69fc2ba41","status":"finished","accexp":5},{"id":"7b4e8d11-732b-4f4f-b52a-a0d69fc2ba41","status":"finished","accexp":10},{"id":"7b4e8d11-732b-4f4f-b52a-a0d69fc2ba41","status":"finished","accexp":15},{"id":"7b4e8d11-732b-4f4f-b52a-a0d69fc2ba41","status":"ongoing","accexp":0}]
actionId = "1241758"
replaced = [{"id":"f1517017-25e1-4780-8aa9-54d42ce99faa","status":"finished","accexp":20},{"id":"f1517017-25e1-4780-8aa9-54d42ce99faa","status":"finished","accexp":10},{"id":"f1517017-25e1-4780-8aa9-54d42ce99faa","status":"finished","accexp":0},{"id":"f1517017-25e1-4780-8aa9-54d42ce99faa","status":"finished","accexp":5},{"id":"f1517017-25e1-4780-8aa9-54d42ce99faa","status":"finished","accexp":20},"ongoing"]
actionId = "646696"
replaced = [{"id":"df774053-5c74-4a0a-b6b5-22b6fa33de1a","status":"finished","accexp":20},{"id":"df774053-5c74-4a0a-b6b5-22b6fa33de1a","status":"finished","accexp":15},{"id":"df774053-5c74-4a0a-b6b5-22b6fa33de1a","status":"finished","accexp":5},{"id":"df774053-5c74-4a0a-b6b5-22b6fa33de1a","status":"finished","accexp":5},{"id":"df774053-5c74-4a0a-b6b5-22b6fa33de1a","status":"finished","accexp":15}]
actionId = "1885115"
replaced = [{"id":"098d3800-aeaf-4bb0-a4dc-8f55e61310e3","status":"finished","accexp":20},{"id":"098d3800-aeaf-4bb0-a4dc-8f55e61310e3","status":"finished","accexp":15},{"id":"098d3800-aeaf-4bb0-a4dc-8f55e61310e3","status":"finished","accexp":5},{"id":"098d3800-aeaf-4bb0-a4dc-8f55e61310e3","status":"finished","accexp":10},{"id":"098d3800-aeaf-4bb0-a4dc-8f55e61310e3","status":"finished","accexp":20},"ongoing"]
actionId = "780567"
replaced = [{"id":"7b3566d6-94e5-43d2-8a9c-aa0f6036f21a","status":"finished","accexp":20},{"id":"7b3566d6-94e5-43d2-8a9c-aa0f6036f21a","status":"finished","accexp":15},{"id":"7b3566d6-94e5-43d2-8a9c-aa0f6036f21a","status":"finished","accexp":5},{"id":"7b3566d6-94e5-43d2-8a9c-aa0f6036f21a","status":"finished","accexp":10},{"id":"7b3566d6-94e5-43d2-8a9c-aa0f6036f21a","status":"finished","accexp":15}]
actionId = "615441"
replaced = [{"id":"f184e217-01dc-4e9d-8e2f-3b7d11c0d0f1","status":"finished","accexp":15},{"id":"f184e217-01dc-4e9d-8e2f-3b7d11c0d0f1","status":"finished","accexp":10},{"id":"f184e217-01dc-4e9d-8e2f-3b7d11c0d0f1","status":"finished","accexp":15},{"id":"f184e217-01dc-4e9d-8e2f-3b7d11c0d0f1","status":"finished","accexp":10},{"id":"f184e217-01dc-4e9d-8e2f-3b7d11c0d0f1","status":"finished","accexp":20},{"id":"f184e217-01dc-4e9d-8e2f-3b7d11c0d0f1","status":"finished","accexp":10}]
actionId = "2011405"
replaced = [{"id":"b92ce2bf-d4b5-4f8f-be29-16333d0c1dc4","status":"finished","accexp":10},{"id":"b92ce2bf-d4b5-4f8f-be29-16333d0c1dc4","status":"finished","accexp":0},{"id":"b92ce2bf-d4b5-4f8f-be29-16333d0c1dc4","status":"finished","accexp":5},{"id":"b92ce2bf-d4b5-4f8f-be29-16333d0c1dc4","status":"finished","accexp":5},{"id":"b92ce2bf-d4b5-4f8f-be29-16333d0c1dc4","status":"finished","accexp":20},"ongoing"]
actionId = "371492"
replaced = [{"id":"b79116a8-2d4e-4dca-84cb-01e6e24a56dc","status":"finished","accexp":15},{"id":"b79116a8-2d4e-4dca-84cb-01e6e24a56dc","status":"finished","accexp":15},{"id":"b79116a8-2d4e-4dca-84cb-01e6e24a56dc","status":"finished","accexp":5},{"id":"b79116a8-2d4e-4dca-84cb-01e6e24a56dc","status":"finished","accexp":5},{"id":"b79116a8-2d4e-4dca-84cb-01e6e24a56dc","status":"finished","accexp":20}]
actionId = "647949"
replaced = [{"id":"3a02476b-8c6f-4102-93e8-0030feef20bc","status":"finished","accexp":20},{"id":"3a02476b-8c6f-4102-93e8-0030feef20bc","status":"finished","accexp":15},{"id":"3a02476b-8c6f-4102-93e8-0030feef20bc","status":"finished","accexp":25},{"id":"3a02476b-8c6f-4102-93e8-0030feef20bc","status":"finished","accexp":10},{"id":"3a02476b-8c6f-4102-93e8-0030feef20bc","status":"finished","accexp":20},"ongoing"]
actionId = "1985193"
replaced = [{"id":"a1bc1380-5808-4010-97f8-0452fe280a7c","status":"finished","accexp":15},{"id":"a1bc1380-5808-4010-97f8-0452fe280a7c","status":"finished","accexp":15},{"id":"a1bc1380-5808-4010-97f8-0452fe280a7c","status":"finished","accexp":5},{"id":"a1bc1380-5808-4010-97f8-0452fe280a7c","status":"finished","accexp":10},{"id":"a1bc1380-5808-4010-97f8-0452fe280a7c","status":"finished","accexp":20}]
actionId = "339153"
replaced = [{"id":"0435632e-2da2-4816-b85b-1810d0d96d0c","status":"finished","accexp":20},{"id":"0435632e-2da2-4816-b85b-1810d0d96d0c","status":"finished","accexp":15},{"id":"0435632e-2da2-4816-b85b-1810d0d96d0c","status":"finished","accexp":15},{"id":"0435632e-2da2-4816-b85b-1810d0d96d0c","status":"finished","accexp":10},{"id":"0435632e-2da2-4816-b85b-1810d0d96d0c","status":"finished","accexp":10},{"id":"0435632e-2da2-4816-b85b-1810d0d96d0c","status":"finished","accexp":25},{"id":"0435632e-2da2-4816-b85b-1810d0d96d0c","status":"finished","accexp":20}]
actionId = "1632200"
replaced = [{"id":"33882110-9f16-48d9-9fc9-f574d8409513","status":"finished","accexp":15},{"id":"33882110-9f16-48d9-9fc9-f574d8409513","status":"finished","accexp":15},{"id":"33882110-9f16-48d9-9fc9-f574d8409513","status":"finished","accexp":5},{"id":"33882110-9f16-48d9-9fc9-f574d8409513","status":"finished","accexp":10},{"id":"33882110-9f16-48d9-9fc9-f574d8409513","status":"finished","accexp":20},{"id":"33882110-9f16-48d9-9fc9-f574d8409513","status":"finished","accexp":20}]
actionId = "287969"
replaced = [{"id":"4b022ee3-d1b2-43c0-979b-72674bd7df04","status":"finished","accexp":15},{"id":"4b022ee3-d1b2-43c0-979b-72674bd7df04","status":"finished","accexp":20},{"id":"4b022ee3-d1b2-43c0-979b-72674bd7df04","status":"finished","accexp":15},{"id":"4b022ee3-d1b2-43c0-979b-72674bd7df04","status":"finished","accexp":10},{"id":"4b022ee3-d1b2-43c0-979b-72674bd7df04","status":"finished","accexp":20},{"id":"4b022ee3-d1b2-43c0-979b-72674bd7df04","status":"finished","accexp":20}]
actionId = "1254107"
replaced = [{"id":"13a5078d-2c14-4f6c-9ac5-5f0c666bbe7e","status":"finished","accexp":15},{"id":"13a5078d-2c14-4f6c-9ac5-5f0c666bbe7e","status":"finished","accexp":15},{"id":"13a5078d-2c14-4f6c-9ac5-5f0c666bbe7e","status":"finished","accexp":10},{"id":"13a5078d-2c14-4f6c-9ac5-5f0c666bbe7e","status":"finished","accexp":10},{"id":"13a5078d-2c14-4f6c-9ac5-5f0c666bbe7e","status":"finished","accexp":10},{"id":"13a5078d-2c14-4f6c-9ac5-5f0c666bbe7e","status":"finished","accexp":20},{"id":"13a5078d-2c14-4f6c-9ac5-5f0c666bbe7e","status":"finished","accexp":20}]
actionId = "439327"
replaced = [{"id":"a59003e4-1657-431c-bb8a-71c22cb56bfb","status":"finished","accexp":15},{"id":"a59003e4-1657-431c-bb8a-71c22cb56bfb","status":"finished","accexp":15},{"id":"a59003e4-1657-431c-bb8a-71c22cb56bfb","status":"finished","accexp":10},{"id":"a59003e4-1657-431c-bb8a-71c22cb56bfb","status":"finished","accexp":5},{"id":"a59003e4-1657-431c-bb8a-71c22cb56bfb","status":"finished","accexp":20},{"id":"a59003e4-1657-431c-bb8a-71c22cb56bfb","status":"finished","accexp":20}]
actionId = "1999556"
replaced = [{"id":"522b6032-b539-4acc-9c70-f24fb44701c1","status":"finished","accexp":20},{"id":"522b6032-b539-4acc-9c70-f24fb44701c1","status":"finished","accexp":20},{"id":"522b6032-b539-4acc-9c70-f24fb44701c1","status":"finished","accexp":5},{"id":"522b6032-b539-4acc-9c70-f24fb44701c1","status":"finished","accexp":10},{"id":"522b6032-b539-4acc-9c70-f24fb44701c1","status":"finished","accexp":20},{"id":"522b6032-b539-4acc-9c70-f24fb44701c1","status":"finished","accexp":20}]
actionId = "723583"
replaced = [{"id":"9b6ab24a-ccdf-472b-ae30-d809a16da08a","status":"finished","accexp":15},{"id":"9b6ab24a-ccdf-472b-ae30-d809a16da08a","status":"finished","accexp":5},{"id":"9b6ab24a-ccdf-472b-ae30-d809a16da08a","status":"finished","accexp":10},{"id":"9b6ab24a-ccdf-472b-ae30-d809a16da08a","status":"finished","accexp":5},{"id":"9b6ab24a-ccdf-472b-ae30-d809a16da08a","status":"finished","accexp":20},{"id":"9b6ab24a-ccdf-472b-ae30-d809a16da08a","status":"ongoing","accexp":0}]
actionId = "851312"
replaced = [{"id":"46e941df-4dfb-4322-ace3-aa3a11c1fe1c","status":"finished","accexp":15},{"id":"46e941df-4dfb-4322-ace3-aa3a11c1fe1c","status":"finished","accexp":15},{"id":"46e941df-4dfb-4322-ace3-aa3a11c1fe1c","status":"finished","accexp":15},{"id":"46e941df-4dfb-4322-ace3-aa3a11c1fe1c","status":"finished","accexp":5},{"id":"46e941df-4dfb-4322-ace3-aa3a11c1fe1c","status":"finished","accexp":20},{"id":"46e941df-4dfb-4322-ace3-aa3a11c1fe1c","status":"finished","accexp":20}]
actionId = "1420603"
replaced = [{"id":"2ebb8e4c-27b5-4c86-a664-873cb8b08348","status":"finished","accexp":15},{"id":"2ebb8e4c-27b5-4c86-a664-873cb8b08348","status":"finished","accexp":15},{"id":"2ebb8e4c-27b5-4c86-a664-873cb8b08348","status":"finished","accexp":5},{"id":"2ebb8e4c-27b5-4c86-a664-873cb8b08348","status":"finished","accexp":10},{"id":"2ebb8e4c-27b5-4c86-a664-873cb8b08348","status":"finished","accexp":10},{"id":"2ebb8e4c-27b5-4c86-a664-873cb8b08348","status":"finished","accexp":15}]
actionId = "1773095"
replaced = [{"id":"b75c67e0-ada4-4246-8757-87af88b1f88d","status":"finished","accexp":15},{"id":"b75c67e0-ada4-4246-8757-87af88b1f88d","status":"finished","accexp":15},{"id":"b75c67e0-ada4-4246-8757-87af88b1f88d","status":"finished","accexp":5},{"id":"b75c67e0-ada4-4246-8757-87af88b1f88d","status":"finished","accexp":10},{"id":"b75c67e0-ada4-4246-8757-87af88b1f88d","status":"finished","accexp":15},{"id":"b75c67e0-ada4-4246-8757-87af88b1f88d","status":"finished","accexp":20}]
actionId = "259451"
replaced = [{"id":"446e508c-147a-4b7f-9694-b54c59b09cc1","status":"finished","accexp":10},{"id":"446e508c-147a-4b7f-9694-b54c59b09cc1","status":"finished","accexp":15},{"id":"446e508c-147a-4b7f-9694-b54c59b09cc1","status":"finished","accexp":20},{"id":"446e508c-147a-4b7f-9694-b54c59b09cc1","status":"finished","accexp":10},{"id":"446e508c-147a-4b7f-9694-b54c59b09cc1","status":"finished","accexp":20},{"id":"446e508c-147a-4b7f-9694-b54c59b09cc1","status":"finished","accexp":20}]
actionId = "976716"
replaced = [{"id":"d4c6b7f9-31bb-401d-91f1-2b04c12e4d31","status":"finished","accexp":20},{"id":"d4c6b7f9-31bb-401d-91f1-2b04c12e4d31","status":"finished","accexp":15},{"id":"d4c6b7f9-31bb-401d-91f1-2b04c12e4d31","status":"finished","accexp":20},{"id":"d4c6b7f9-31bb-401d-91f1-2b04c12e4d31","status":"finished","accexp":10},{"id":"d4c6b7f9-31bb-401d-91f1-2b04c12e4d31","status":"finished","accexp":20}]
actionId = "1988451"
replaced = [{"id":"fd62bdce-c74a-4161-974d-4fb712ac1472","status":"finished","accexp":15},{"id":"fd62bdce-c74a-4161-974d-4fb712ac1472","status":"finished","accexp":15},{"id":"fd62bdce-c74a-4161-974d-4fb712ac1472","status":"finished","accexp":0},{"id":"fd62bdce-c74a-4161-974d-4fb712ac1472","status":"finished","accexp":10},{"id":"fd62bdce-c74a-4161-974d-4fb712ac1472","status":"finished","accexp":15}]
actionId = "636343"
replaced = [{"id":"e7c12f80-b964-4d2e-84da-71333cbb767f","status":"finished","accexp":10},{"id":"e7c12f80-b964-4d2e-84da-71333cbb767f","status":"finished","accexp":20},{"id":"e7c12f80-b964-4d2e-84da-71333cbb767f","status":"finished","accexp":0},{"id":"e7c12f80-b964-4d2e-84da-71333cbb767f","status":"finished","accexp":10},{"id":"e7c12f80-b964-4d2e-84da-71333cbb767f","status":"finished","accexp":20}]
actionId = "1377580"
replaced = [{"id":"c19192b3-4533-4924-9504-0e6579da8d71","status":"finished","accexp":5},{"id":"c19192b3-4533-4924-9504-0e6579da8d71","status":"finished","accexp":15},{"id":"c19192b3-4533-4924-9504-0e6579da8d71","status":"finished","accexp":5},{"id":"c19192b3-4533-4924-9504-0e6579da8d71","status":"finished","accexp":10},{"id":"c19192b3-4533-4924-9504-0e6579da8d71","status":"finished","accexp":20},{"id":"c19192b3-4533-4924-9504-0e6579da8d71","status":"finished","accexp":20}]
actionId = "1954710"
replaced = [{"id":"a73a7113-e972-4fd8-af4e-bb7fd6142662","status":"finished","accexp":15},{"id":"a73a7113-e972-4fd8-af4e-bb7fd6142662","status":"finished","accexp":20},{"id":"a73a7113-e972-4fd8-af4e-bb7fd6142662","status":"finished","accexp":5},{"id":"a73a7113-e972-4fd8-af4e-bb7fd6142662","status":"finished","accexp":10},{"id":"a73a7113-e972-4fd8-af4e-bb7fd6142662","status":"finished","accexp":15},"ongoing"]
actionId = "992632"
replaced = [{"id":"b35b3b1c-6936-4110-becd-c885a6fdd9db","status":"finished","accexp":20},{"id":"b35b3b1c-6936-4110-becd-c885a6fdd9db","status":"finished","accexp":15},{"id":"b35b3b1c-6936-4110-becd-c885a6fdd9db","status":"finished","accexp":0},{"id":"b35b3b1c-6936-4110-becd-c885a6fdd9db","status":"finished","accexp":5},{"id":"b35b3b1c-6936-4110-becd-c885a6fdd9db","status":"finished","accexp":20},"ongoing"]
actionId = "850386"
replaced = [{"id":"758c18f0-107d-4181-8add-91d73c86dbac","status":"finished","accexp":10},{"id":"758c18f0-107d-4181-8add-91d73c86dbac","status":"finished","accexp":15},{"id":"758c18f0-107d-4181-8add-91d73c86dbac","status":"finished","accexp":10},{"id":"758c18f0-107d-4181-8add-91d73c86dbac","status":"finished","accexp":10},{"id":"758c18f0-107d-4181-8add-91d73c86dbac","status":"finished","accexp":15},{"id":"758c18f0-107d-4181-8add-91d73c86dbac","status":"finished","accexp":20}]
actionId = "1885665"
replaced = [{"id":"71176c21-8110-43c3-b9c7-17dcb49a984d","status":"finished","accexp":20},{"id":"71176c21-8110-43c3-b9c7-17dcb49a984d","status":"finished","accexp":10},{"id":"71176c21-8110-43c3-b9c7-17dcb49a984d","status":"finished","accexp":10},{"id":"71176c21-8110-43c3-b9c7-17dcb49a984d","status":"finished","accexp":20},{"id":"71176c21-8110-43c3-b9c7-17dcb49a984d","status":"finished","accexp":20},{"id":"71176c21-8110-43c3-b9c7-17dcb49a984d","status":"finished","accexp":10}]
actionId = "240343"
replaced = [{"id":"ad169b14-4b83-4710-a288-3626fd6a51d3","status":"finished","accexp":15},{"id":"ad169b14-4b83-4710-a288-3626fd6a51d3","status":"finished","accexp":5},{"id":"ad169b14-4b83-4710-a288-3626fd6a51d3","status":"finished","accexp":20},{"id":"ad169b14-4b83-4710-a288-3626fd6a51d3","status":"finished","accexp":20},"ongoing",{"id":"ad169b14-4b83-4710-a288-3626fd6a51d3","status":"pending","accexp":0}]
actionId = "2013340"
replaced = [{"id":"2aa1528e-0c88-46fa-a339-674f319b3a78","status":"finished","accexp":15},{"id":"2aa1528e-0c88-46fa-a339-674f319b3a78","status":"finished","accexp":15},{"id":"2aa1528e-0c88-46fa-a339-674f319b3a78","status":"finished","accexp":5},{"id":"2aa1528e-0c88-46fa-a339-674f319b3a78","status":"finished","accexp":10},{"id":"2aa1528e-0c88-46fa-a339-674f319b3a78","status":"finished","accexp":10},{"id":"2aa1528e-0c88-46fa-a339-674f319b3a78","status":"finished","accexp":15},{"id":"2aa1528e-0c88-46fa-a339-674f319b3a78","status":"finished","accexp":10}]
actionId = "74262"
replaced = [{"id":"e266b0d4-2cd5-447d-9a14-e2616a614452","status":"finished","accexp":15},{"id":"e266b0d4-2cd5-447d-9a14-e2616a614452","status":"finished","accexp":20},{"id":"e266b0d4-2cd5-447d-9a14-e2616a614452","status":"finished","accexp":15},{"id":"e266b0d4-2cd5-447d-9a14-e2616a614452","status":"finished","accexp":10},{"id":"e266b0d4-2cd5-447d-9a14-e2616a614452","status":"finished","accexp":5},{"id":"e266b0d4-2cd5-447d-9a14-e2616a614452","status":"finished","accexp":10},{"id":"e266b0d4-2cd5-447d-9a14-e2616a614452","status":"finished","accexp":10}]
actionId = "1343082"
replaced = [{"id":"1b3b993a-e4bd-49e0-996a-9e9f23187463","status":"finished","accexp":20},{"id":"1b3b993a-e4bd-49e0-996a-9e9f23187463","status":"finished","accexp":15},{"id":"1b3b993a-e4bd-49e0-996a-9e9f23187463","status":"finished","accexp":20},{"id":"1b3b993a-e4bd-49e0-996a-9e9f23187463","status":"finished","accexp":10},{"id":"1b3b993a-e4bd-49e0-996a-9e9f23187463","status":"finished","accexp":20},{"id":"1b3b993a-e4bd-49e0-996a-9e9f23187463","status":"finished","accexp":20}]
actionId = "119135"
replaced = [{"id":"abd90f4a-c6e7-4b31-894c-866d1d9f7f1d","status":"finished","accexp":0},{"id":"abd90f4a-c6e7-4b31-894c-866d1d9f7f1d","status":"finished","accexp":15},{"id":"abd90f4a-c6e7-4b31-894c-866d1d9f7f1d","status":"finished","accexp":20},{"id":"abd90f4a-c6e7-4b31-894c-866d1d9f7f1d","status":"finished","accexp":10},{"id":"abd90f4a-c6e7-4b31-894c-866d1d9f7f1d","status":"finished","accexp":25},{"id":"abd90f4a-c6e7-4b31-894c-866d1d9f7f1d","status":"finished","accexp":20}]
actionId = "116984"
replaced = [{"id":"ca18938c-4149-41ff-bf52-a5b0d5ee355b","status":"finished","accexp":15},{"id":"ca18938c-4149-41ff-bf52-a5b0d5ee355b","status":"finished","accexp":20},{"id":"ca18938c-4149-41ff-bf52-a5b0d5ee355b","status":"finished","accexp":5},{"id":"ca18938c-4149-41ff-bf52-a5b0d5ee355b","status":"finished","accexp":10},{"id":"ca18938c-4149-41ff-bf52-a5b0d5ee355b","status":"finished","accexp":20},{"id":"ca18938c-4149-41ff-bf52-a5b0d5ee355b","status":"finished","accexp":10}]
actionId = "544179"
replaced = [{"id":"b8719631-2e37-452b-be4e-5dd40e52be91","status":"finished","accexp":15},{"id":"b8719631-2e37-452b-be4e-5dd40e52be91","status":"finished","accexp":15},{"id":"b8719631-2e37-452b-be4e-5dd40e52be91","status":"finished","accexp":15},{"id":"b8719631-2e37-452b-be4e-5dd40e52be91","status":"finished","accexp":10},{"id":"b8719631-2e37-452b-be4e-5dd40e52be91","status":"finished","accexp":20},"ongoing"]
actionId = "667865"
replaced = [{"id":"dcfc0a9e-ef43-4d97-84b0-18ab062f7889","status":"finished","accexp":15},{"id":"dcfc0a9e-ef43-4d97-84b0-18ab062f7889","status":"finished","accexp":15},{"id":"dcfc0a9e-ef43-4d97-84b0-18ab062f7889","status":"finished","accexp":20},{"id":"dcfc0a9e-ef43-4d97-84b0-18ab062f7889","status":"finished","accexp":10},{"id":"dcfc0a9e-ef43-4d97-84b0-18ab062f7889","status":"finished","accexp":20}]
actionId = "1915449"
replaced = [{"id":"a350081a-4e8d-4a31-97d0-54dc084c61e1","status":"finished","accexp":20},{"id":"a350081a-4e8d-4a31-97d0-54dc084c61e1","status":"finished","accexp":15},{"id":"a350081a-4e8d-4a31-97d0-54dc084c61e1","status":"finished","accexp":15},{"id":"a350081a-4e8d-4a31-97d0-54dc084c61e1","status":"finished","accexp":10},{"id":"a350081a-4e8d-4a31-97d0-54dc084c61e1","status":"finished","accexp":20},"ongoing"]
actionId = "1953765"
replaced = [{"id":"8271e36b-a56e-4200-9d66-d1c05cc63020","status":"finished","accexp":20},{"id":"8271e36b-a56e-4200-9d66-d1c05cc63020","status":"finished","accexp":10},{"id":"8271e36b-a56e-4200-9d66-d1c05cc63020","status":"finished","accexp":20},"ongoing",{"id":"8271e36b-a56e-4200-9d66-d1c05cc63020","status":"pending","accexp":0},{"id":"8271e36b-a56e-4200-9d66-d1c05cc63020","status":"pending","accexp":0}]
actionId = "112129"
replaced = [{"id":"c9b00d85-e70a-41a2-976f-d897e69666a4","status":"finished","accexp":15},{"id":"c9b00d85-e70a-41a2-976f-d897e69666a4","status":"finished","accexp":15},{"id":"c9b00d85-e70a-41a2-976f-d897e69666a4","status":"finished","accexp":15},{"id":"c9b00d85-e70a-41a2-976f-d897e69666a4","status":"finished","accexp":10},{"id":"c9b00d85-e70a-41a2-976f-d897e69666a4","status":"finished","accexp":20}]
actionId = "1565102"
replaced = [{"id":"27056ff5-f131-4c40-bae1-f9c8b464b030","status":"finished","accexp":15},{"id":"27056ff5-f131-4c40-bae1-f9c8b464b030","status":"finished","accexp":15},{"id":"27056ff5-f131-4c40-bae1-f9c8b464b030","status":"finished","accexp":10},{"id":"27056ff5-f131-4c40-bae1-f9c8b464b030","status":"finished","accexp":10},{"id":"27056ff5-f131-4c40-bae1-f9c8b464b030","status":"finished","accexp":10},{"id":"27056ff5-f131-4c40-bae1-f9c8b464b030","status":"finished","accexp":15},{"id":"27056ff5-f131-4c40-bae1-f9c8b464b030","status":"finished","accexp":20}]
actionId = "1986465"
replaced = [{"id":"32003f2d-b7cb-4a3b-b08e-3f04b22fec7c","status":"finished","accexp":10},{"id":"32003f2d-b7cb-4a3b-b08e-3f04b22fec7c","status":"finished","accexp":5},{"id":"32003f2d-b7cb-4a3b-b08e-3f04b22fec7c","status":"finished","accexp":10},{"id":"32003f2d-b7cb-4a3b-b08e-3f04b22fec7c","status":"finished","accexp":10},{"id":"32003f2d-b7cb-4a3b-b08e-3f04b22fec7c","status":"finished","accexp":15},"ongoing"]
actionId = "278434"
replaced = [{"id":"0a4082fc-1b73-45fa-b7c0-bdc7bf17350a","status":"finished","accexp":10},{"id":"0a4082fc-1b73-45fa-b7c0-bdc7bf17350a","status":"finished","accexp":15},{"id":"0a4082fc-1b73-45fa-b7c0-bdc7bf17350a","status":"finished","accexp":0},{"id":"0a4082fc-1b73-45fa-b7c0-bdc7bf17350a","status":"finished","accexp":10},{"id":"0a4082fc-1b73-45fa-b7c0-bdc7bf17350a","status":"finished","accexp":10},{"id":"0a4082fc-1b73-45fa-b7c0-bdc7bf17350a","status":"finished","accexp":20},{"id":"0a4082fc-1b73-45fa-b7c0-bdc7bf17350a","status":"ongoing","accexp":0}]
actionId = "1563764"
replaced = [{"id":"72d12aed-1d9d-49a6-9e75-b0896aa6c01e","status":"finished","accexp":20},{"id":"72d12aed-1d9d-49a6-9e75-b0896aa6c01e","status":"finished","accexp":15},{"id":"72d12aed-1d9d-49a6-9e75-b0896aa6c01e","status":"finished","accexp":10},{"id":"72d12aed-1d9d-49a6-9e75-b0896aa6c01e","status":"finished","accexp":15},{"id":"72d12aed-1d9d-49a6-9e75-b0896aa6c01e","status":"finished","accexp":20}]
actionId = "1474532"
replaced = [{"id":"e0f16277-bf05-4a42-a054-903094da2c5d","status":"finished","accexp":15},{"id":"e0f16277-bf05-4a42-a054-903094da2c5d","status":"finished","accexp":15},{"id":"e0f16277-bf05-4a42-a054-903094da2c5d","status":"finished","accexp":0},{"id":"e0f16277-bf05-4a42-a054-903094da2c5d","status":"finished","accexp":10},{"id":"e0f16277-bf05-4a42-a054-903094da2c5d","status":"finished","accexp":20},"ongoing"]
actionId = "1260255"
replaced = [{"id":"28f9abf1-eaff-4826-a23d-a2b15624df88","status":"finished","accexp":15},{"id":"28f9abf1-eaff-4826-a23d-a2b15624df88","status":"finished","accexp":15},{"id":"28f9abf1-eaff-4826-a23d-a2b15624df88","status":"finished","accexp":5},{"id":"28f9abf1-eaff-4826-a23d-a2b15624df88","status":"finished","accexp":10},{"id":"28f9abf1-eaff-4826-a23d-a2b15624df88","status":"finished","accexp":15}]
actionId = "838021"
replaced = [{"id":"ff7b46a2-0219-428a-9646-b710d931d2f7","status":"finished","accexp":20},{"id":"ff7b46a2-0219-428a-9646-b710d931d2f7","status":"finished","accexp":15},{"id":"ff7b46a2-0219-428a-9646-b710d931d2f7","status":"finished","accexp":10},{"id":"ff7b46a2-0219-428a-9646-b710d931d2f7","status":"finished","accexp":5},{"id":"ff7b46a2-0219-428a-9646-b710d931d2f7","status":"finished","accexp":20}]
actionId = "1102869"
replaced = [{"id":"3f085b8b-625b-4b15-a294-43aaafe65d91","status":"finished","accexp":15},{"id":"3f085b8b-625b-4b15-a294-43aaafe65d91","status":"finished","accexp":5},{"id":"3f085b8b-625b-4b15-a294-43aaafe65d91","status":"finished","accexp":20},{"id":"3f085b8b-625b-4b15-a294-43aaafe65d91","status":"finished","accexp":10},{"id":"3f085b8b-625b-4b15-a294-43aaafe65d91","status":"finished","accexp":20},"ongoing"]
actionId = "361134"
replaced = [{"id":"e32eae3e-3f50-4419-aab0-ef7aeef0d280","status":"finished","accexp":5},{"id":"e32eae3e-3f50-4419-aab0-ef7aeef0d280","status":"finished","accexp":5},{"id":"e32eae3e-3f50-4419-aab0-ef7aeef0d280","status":"finished","accexp":0},{"id":"e32eae3e-3f50-4419-aab0-ef7aeef0d280","status":"finished","accexp":0},{"id":"e32eae3e-3f50-4419-aab0-ef7aeef0d280","status":"finished","accexp":10},{"id":"e32eae3e-3f50-4419-aab0-ef7aeef0d280","status":"ongoing","accexp":0}]
actionId = "976798"
replaced = [{"id":"3cce7ea5-b4e1-42b5-bdcb-f5e95e23022e","status":"finished","accexp":15},{"id":"3cce7ea5-b4e1-42b5-bdcb-f5e95e23022e","status":"finished","accexp":15},{"id":"3cce7ea5-b4e1-42b5-bdcb-f5e95e23022e","status":"finished","accexp":5},{"id":"3cce7ea5-b4e1-42b5-bdcb-f5e95e23022e","status":"finished","accexp":5},{"id":"3cce7ea5-b4e1-42b5-bdcb-f5e95e23022e","status":"finished","accexp":25},"ongoing"]
actionId = "1259937"
replaced = [{"id":"181ce836-8bc6-4b56-822a-4d75ca663804","status":"finished","accexp":15},{"id":"181ce836-8bc6-4b56-822a-4d75ca663804","status":"finished","accexp":5},{"id":"181ce836-8bc6-4b56-822a-4d75ca663804","status":"finished","accexp":10},{"id":"181ce836-8bc6-4b56-822a-4d75ca663804","status":"finished","accexp":10},{"id":"181ce836-8bc6-4b56-822a-4d75ca663804","status":"finished","accexp":25},{"id":"181ce836-8bc6-4b56-822a-4d75ca663804","status":"finished","accexp":20}]
actionId = "361047"
replaced = [{"id":"bc8caea3-98e1-4e5b-9fb9-cd16731d4614","status":"finished","accexp":10},{"id":"bc8caea3-98e1-4e5b-9fb9-cd16731d4614","status":"finished","accexp":20},{"id":"bc8caea3-98e1-4e5b-9fb9-cd16731d4614","status":"finished","accexp":5},{"id":"bc8caea3-98e1-4e5b-9fb9-cd16731d4614","status":"finished","accexp":10},{"id":"bc8caea3-98e1-4e5b-9fb9-cd16731d4614","status":"finished","accexp":15}]
actionId = "1689995"
replaced = [{"id":"e667cb53-1de7-4677-acbb-ba053560a5e1","status":"finished","accexp":20},{"id":"e667cb53-1de7-4677-acbb-ba053560a5e1","status":"finished","accexp":5},{"id":"e667cb53-1de7-4677-acbb-ba053560a5e1","status":"finished","accexp":20},{"id":"e667cb53-1de7-4677-acbb-ba053560a5e1","status":"finished","accexp":5},{"id":"e667cb53-1de7-4677-acbb-ba053560a5e1","status":"finished","accexp":20}]
actionId = "1631657"
replaced = [{"id":"f3d729ec-4c9c-4626-afc9-dbff54271e54","status":"finished","accexp":20},{"id":"f3d729ec-4c9c-4626-afc9-dbff54271e54","status":"finished","accexp":20},{"id":"f3d729ec-4c9c-4626-afc9-dbff54271e54","status":"finished","accexp":5},{"id":"f3d729ec-4c9c-4626-afc9-dbff54271e54","status":"finished","accexp":10},{"id":"f3d729ec-4c9c-4626-afc9-dbff54271e54","status":"finished","accexp":10},{"id":"f3d729ec-4c9c-4626-afc9-dbff54271e54","status":"finished","accexp":20},{"id":"f3d729ec-4c9c-4626-afc9-dbff54271e54","status":"finished","accexp":20}]
actionId = "1220669"
replaced = [{"id":"a8b4fdb3-edd0-4fa4-96e9-cf637ce514fa","status":"finished","accexp":15},{"id":"a8b4fdb3-edd0-4fa4-96e9-cf637ce514fa","status":"finished","accexp":10},{"id":"a8b4fdb3-edd0-4fa4-96e9-cf637ce514fa","status":"finished","accexp":5},{"id":"a8b4fdb3-edd0-4fa4-96e9-cf637ce514fa","status":"finished","accexp":10},{"id":"a8b4fdb3-edd0-4fa4-96e9-cf637ce514fa","status":"finished","accexp":20}]
actionId = "2011718"
replaced = [{"id":"002001ea-1c57-497a-8c6c-f3c4fc8712ab","status":"finished","accexp":15},{"id":"002001ea-1c57-497a-8c6c-f3c4fc8712ab","status":"finished","accexp":20},{"id":"002001ea-1c57-497a-8c6c-f3c4fc8712ab","status":"finished","accexp":5},{"id":"002001ea-1c57-497a-8c6c-f3c4fc8712ab","status":"finished","accexp":5},{"id":"002001ea-1c57-497a-8c6c-f3c4fc8712ab","status":"finished","accexp":15},"ongoing"]
actionId = "726389"
replaced = [{"id":"33194c71-5deb-4eab-a062-78f38355165f","status":"finished","accexp":5},{"id":"33194c71-5deb-4eab-a062-78f38355165f","status":"finished","accexp":15},{"id":"33194c71-5deb-4eab-a062-78f38355165f","status":"finished","accexp":10},{"id":"33194c71-5deb-4eab-a062-78f38355165f","status":"finished","accexp":10},{"id":"33194c71-5deb-4eab-a062-78f38355165f","status":"finished","accexp":15},{"id":"33194c71-5deb-4eab-a062-78f38355165f","status":"finished","accexp":20}]
actionId = "503908"
replaced = [{"id":"375a5bb7-d9c7-4a98-82ae-5d4021bb2d64","status":"finished","accexp":20},{"id":"375a5bb7-d9c7-4a98-82ae-5d4021bb2d64","status":"finished","accexp":5},{"id":"375a5bb7-d9c7-4a98-82ae-5d4021bb2d64","status":"finished","accexp":5},{"id":"375a5bb7-d9c7-4a98-82ae-5d4021bb2d64","status":"finished","accexp":20}]
actionId = "875001"
replaced = [{"id":"fdd0d990-0040-42ae-b5e4-18a90e6eb779","status":"finished","accexp":20},{"id":"fdd0d990-0040-42ae-b5e4-18a90e6eb779","status":"finished","accexp":20},{"id":"fdd0d990-0040-42ae-b5e4-18a90e6eb779","status":"finished","accexp":15},{"id":"fdd0d990-0040-42ae-b5e4-18a90e6eb779","status":"finished","accexp":10},{"id":"fdd0d990-0040-42ae-b5e4-18a90e6eb779","status":"finished","accexp":10},{"id":"fdd0d990-0040-42ae-b5e4-18a90e6eb779","status":"finished","accexp":25}]
actionId = "864789"
replaced = [{"id":"ed4d6f13-e6a5-469f-b7ef-865f171eb22b","status":"finished","accexp":20},{"id":"ed4d6f13-e6a5-469f-b7ef-865f171eb22b","status":"finished","accexp":15},{"id":"ed4d6f13-e6a5-469f-b7ef-865f171eb22b","status":"finished","accexp":10},{"id":"ed4d6f13-e6a5-469f-b7ef-865f171eb22b","status":"finished","accexp":10},{"id":"ed4d6f13-e6a5-469f-b7ef-865f171eb22b","status":"finished","accexp":15},{"id":"ed4d6f13-e6a5-469f-b7ef-865f171eb22b","status":"finished","accexp":20}]
actionId = "1833939"
replaced = [{"id":"d4615512-10e9-4393-b8a2-1825db5dc5c2","status":"finished","accexp":20},{"id":"d4615512-10e9-4393-b8a2-1825db5dc5c2","status":"finished","accexp":10},{"id":"d4615512-10e9-4393-b8a2-1825db5dc5c2","status":"finished","accexp":5},{"id":"d4615512-10e9-4393-b8a2-1825db5dc5c2","status":"finished","accexp":10},{"id":"d4615512-10e9-4393-b8a2-1825db5dc5c2","status":"finished","accexp":20}]
actionId = "1048786"
replaced = [{"id":"2a00f8bf-85a8-4b12-81eb-3aac2d1d7db6","status":"finished","accexp":10},{"id":"2a00f8bf-85a8-4b12-81eb-3aac2d1d7db6","status":"finished","accexp":15},{"id":"2a00f8bf-85a8-4b12-81eb-3aac2d1d7db6","status":"finished","accexp":5},{"id":"2a00f8bf-85a8-4b12-81eb-3aac2d1d7db6","status":"finished","accexp":10},{"id":"2a00f8bf-85a8-4b12-81eb-3aac2d1d7db6","status":"finished","accexp":20},"ongoing"]
actionId = "1933831"
replaced = [{"id":"d06e4cc9-d82a-4da7-9562-3382dffb5de2","status":"finished","accexp":5},{"id":"d06e4cc9-d82a-4da7-9562-3382dffb5de2","status":"finished","accexp":15},{"id":"d06e4cc9-d82a-4da7-9562-3382dffb5de2","status":"finished","accexp":15},{"id":"d06e4cc9-d82a-4da7-9562-3382dffb5de2","status":"finished","accexp":10},{"id":"d06e4cc9-d82a-4da7-9562-3382dffb5de2","status":"finished","accexp":20},{"id":"d06e4cc9-d82a-4da7-9562-3382dffb5de2","status":"finished","accexp":20}]
actionId = "1632619"
replaced = [{"id":"61b29c6f-acfb-41bd-a4e4-32aeae0491c4","status":"finished","accexp":10},{"id":"61b29c6f-acfb-41bd-a4e4-32aeae0491c4","status":"finished","accexp":15},{"id":"61b29c6f-acfb-41bd-a4e4-32aeae0491c4","status":"finished","accexp":15},{"id":"61b29c6f-acfb-41bd-a4e4-32aeae0491c4","status":"finished","accexp":5},{"id":"61b29c6f-acfb-41bd-a4e4-32aeae0491c4","status":"finished","accexp":20},"ongoing"]
actionId = "2076829"
replaced = [{"id":"92a1378e-c5c7-4918-a3ff-2518e5b7f6d3","status":"finished","accexp":15},{"id":"92a1378e-c5c7-4918-a3ff-2518e5b7f6d3","status":"finished","accexp":15},{"id":"92a1378e-c5c7-4918-a3ff-2518e5b7f6d3","status":"finished","accexp":10},{"id":"92a1378e-c5c7-4918-a3ff-2518e5b7f6d3","status":"finished","accexp":10},{"id":"92a1378e-c5c7-4918-a3ff-2518e5b7f6d3","status":"finished","accexp":20},{"id":"92a1378e-c5c7-4918-a3ff-2518e5b7f6d3","status":"finished","accexp":20}]
actionId = "1467303"
replaced = [{"id":"273843d9-4142-404c-a5c2-a7be8fb678c8","status":"finished","accexp":10},{"id":"273843d9-4142-404c-a5c2-a7be8fb678c8","status":"finished","accexp":10},{"id":"273843d9-4142-404c-a5c2-a7be8fb678c8","status":"finished","accexp":10},{"id":"273843d9-4142-404c-a5c2-a7be8fb678c8","status":"finished","accexp":10},{"id":"273843d9-4142-404c-a5c2-a7be8fb678c8","status":"finished","accexp":10},"ongoing"]
actionId = "952640"
replaced = [{"id":"8109001d-fa96-4b9f-9d03-c85e3dcdf1f5","status":"finished","accexp":15},{"id":"8109001d-fa96-4b9f-9d03-c85e3dcdf1f5","status":"finished","accexp":5},{"id":"8109001d-fa96-4b9f-9d03-c85e3dcdf1f5","status":"finished","accexp":10},{"id":"8109001d-fa96-4b9f-9d03-c85e3dcdf1f5","status":"finished","accexp":5},{"id":"8109001d-fa96-4b9f-9d03-c85e3dcdf1f5","status":"finished","accexp":15},{"id":"8109001d-fa96-4b9f-9d03-c85e3dcdf1f5","status":"finished","accexp":10}]
actionId = "1176465"
replaced = [{"id":"23bf9ccb-c608-4467-84ee-de795a9334d2","status":"finished","accexp":20},{"id":"23bf9ccb-c608-4467-84ee-de795a9334d2","status":"finished","accexp":20},{"id":"23bf9ccb-c608-4467-84ee-de795a9334d2","status":"finished","accexp":15},{"id":"23bf9ccb-c608-4467-84ee-de795a9334d2","status":"finished","accexp":10},{"id":"23bf9ccb-c608-4467-84ee-de795a9334d2","status":"finished","accexp":15},{"id":"23bf9ccb-c608-4467-84ee-de795a9334d2","status":"finished","accexp":10}]
actionId = "273094"
replaced = [{"id":"5a466f78-3ba0-4b38-98cf-5960cdb949f3","status":"finished","accexp":20},{"id":"5a466f78-3ba0-4b38-98cf-5960cdb949f3","status":"finished","accexp":20},{"id":"5a466f78-3ba0-4b38-98cf-5960cdb949f3","status":"finished","accexp":15},{"id":"5a466f78-3ba0-4b38-98cf-5960cdb949f3","status":"finished","accexp":15}]
actionId = "566230"
replaced = [{"id":"2de9f3f5-79d3-4ce6-9a27-e1b74d1c87af","status":"finished","accexp":10},{"id":"2de9f3f5-79d3-4ce6-9a27-e1b74d1c87af","status":"finished","accexp":20},{"id":"2de9f3f5-79d3-4ce6-9a27-e1b74d1c87af","status":"finished","accexp":20},{"id":"2de9f3f5-79d3-4ce6-9a27-e1b74d1c87af","status":"finished","accexp":10},{"id":"2de9f3f5-79d3-4ce6-9a27-e1b74d1c87af","status":"finished","accexp":20},"ongoing"]
actionId = "1798537"
replaced = [{"id":"f4043b03-fc59-4d5a-afc7-df79af45dbdf","status":"finished","accexp":20},{"id":"f4043b03-fc59-4d5a-afc7-df79af45dbdf","status":"finished","accexp":10},{"id":"f4043b03-fc59-4d5a-afc7-df79af45dbdf","status":"finished","accexp":10},{"id":"f4043b03-fc59-4d5a-afc7-df79af45dbdf","status":"finished","accexp":20},{"id":"f4043b03-fc59-4d5a-afc7-df79af45dbdf","status":"finished","accexp":5},{"id":"f4043b03-fc59-4d5a-afc7-df79af45dbdf","status":"finished","accexp":20},{"id":"f4043b03-fc59-4d5a-afc7-df79af45dbdf","status":"finished","accexp":10}]
actionId = "795571"
replaced = [{"id":"1e5b4585-de68-4fe9-84b8-9deb071aa148","status":"finished","accexp":15},{"id":"1e5b4585-de68-4fe9-84b8-9deb071aa148","status":"finished","accexp":10},{"id":"1e5b4585-de68-4fe9-84b8-9deb071aa148","status":"finished","accexp":10},{"id":"1e5b4585-de68-4fe9-84b8-9deb071aa148","status":"finished","accexp":5},{"id":"1e5b4585-de68-4fe9-84b8-9deb071aa148","status":"finished","accexp":20},{"id":"1e5b4585-de68-4fe9-84b8-9deb071aa148","status":"finished","accexp":20}]
actionId = "1371968"
replaced = [{"id":"9cb09121-3d00-4b71-9281-d40c245cadae","status":"finished","accexp":15},{"id":"9cb09121-3d00-4b71-9281-d40c245cadae","status":"finished","accexp":10},{"id":"9cb09121-3d00-4b71-9281-d40c245cadae","status":"finished","accexp":5},{"id":"9cb09121-3d00-4b71-9281-d40c245cadae","status":"finished","accexp":5},{"id":"9cb09121-3d00-4b71-9281-d40c245cadae","status":"finished","accexp":15}]
actionId = "1216794"